<html>
<body>
<pre>
<h1>µVision Build Log</h1>
<h2>Tool Versions:</h2>
IDE-Version: ¦ÌVision V5.27.1.0
Copyright (C) 2019 ARM Ltd and ARM Germany GmbH. All rights reserved.
License Information: F A, F, LIC=JDA0P-MX3Z3-JPAZQ-N2832-E1BVB-M6PEP
 
Tool Versions:
Toolchain:       MDK-ARM Professional  Version: 5.27.1.0
Toolchain Path:  C:\Keil_v5\ARM\ARMCC\Bin
C Compiler:      Armcc.exe V5.06 update 6 (build 750)
Assembler:       Armasm.exe V5.06 update 6 (build 750)
Linker/Locator:  ArmLink.exe V5.06 update 6 (build 750)
Library Manager: ArmAr.exe V5.06 update 6 (build 750)
Hex Converter:   FromElf.exe V5.06 update 6 (build 750)
CPU DLL:         SARMCM3.DLL V5.27.1.0
Dialog DLL:      DCM.DLL V1.17.2.0
Target DLL:      Segger\JL2CM3.dll V2.99.35.0
Dialog DLL:      TCM.DLL V1.36.1.0
 
<h2>Project:</h2>
E:\ÏîÄ¿\nrf_sdk_17.0.2\nrf_dfu_project\project\mdk5\ble_app_uarts.uvprojx
Project File Date:  04/24/2025

<h2>Output:</h2>
*** Using Compiler 'V5.06 update 6 (build 750)', folder: 'C:\Keil_v5\ARM\ARMCC\Bin'
Build target 'IK-52832DK'
compiling my_fds.c...
..\..\app\fds\my_fds.c(88): warning:  #177-D: function "wait_for_fds_delete"  was declared but never referenced
  static void wait_for_fds_delete(void)
..\..\app\fds\my_fds.c: 1 warning, 0 errors
compiling uart.c...
..\..\app\uart\uart.c(9): warning:  #177-D: variable "err_code"  was declared but never referenced
      uint32_t       err_code;
..\..\app\uart\uart.c: 1 warning, 0 errors
compiling main.c...
linking...
.\Objects\my_nrf_app.axf: Warning: L6304W: Duplicate input file .\objects\nrf_atfifo_1.o ignored.
Program Size: Code=45128 RO-data=4388 RW-data=452 ZI-data=13444  
Finished: 0 information, 1 warning and 0 error messages.
FromELF: creating hex file...
".\Objects\my_nrf_app.axf" - 0 Error(s), 3 Warning(s).

<h2>Software Packages used:</h2>

Package Vendor: ARM
                http://www.keil.com/pack/ARM.CMSIS.5.6.0.pack
                ARM.CMSIS.5.6.0
                CMSIS (Cortex Microcontroller Software Interface Standard)
   * Component: CORE Version: 5.3.0

Package Vendor: NordicSemiconductor
                http://developer.nordicsemi.com/nRF5_SDK/pieces/nRF_DeviceFamilyPack/NordicSemiconductor.nRF_DeviceFamilyPack.8.35.0.pack
                NordicSemiconductor.nRF_DeviceFamilyPack.8.35.0
                Nordic Semiconductor nRF ARM devices Device Family Pack with BSD license.
   * Component: Startup Version: 8.35.0

<h2>Collection of Component include folders:</h2>
  .\RTE\_IK-52832DK
  C:\Users\Tokin_hardware\AppData\Local\Arm\Packs\ARM\CMSIS\5.6.0\CMSIS\Core\Include
  C:\Users\Tokin_hardware\AppData\Local\Arm\Packs\NordicSemiconductor\nRF_DeviceFamilyPack\8.35.0\Device\Include

<h2>Collection of Component Files used:</h2>

   * Component: ARM::CMSIS:CORE:5.3.0

   * Component: NordicSemiconductor::Device:Startup:8.35.0
      Source file:   Device\Source\arm\arm_startup_nrf52.s
      Source file:   Device\Source\system_nrf52.c
      Include file:  Device\Include\system_nrf52.h
      Include file:  Device\Include\system_nrf.h
Build Time Elapsed:  00:00:04
</pre>
</body>
</html>
