Component: ARM Compiler 5.06 update 6 (build 750) Tool: armlink [4d35ed]

==============================================================================

Section Cross References

    main.o(i.advertising_config_get) refers to memseta.o(.text) for __aeabi_memclr4
    main.o(i.advertising_init) refers to memseta.o(.text) for __aeabi_memclr4
    main.o(i.advertising_init) refers to ble_advertising.o(i.ble_advertising_init) for ble_advertising_init
    main.o(i.advertising_init) refers to app_error.o(i.app_error_handler_bare) for app_error_handler_bare
    main.o(i.advertising_init) refers to ble_advertising.o(i.ble_advertising_conn_cfg_tag_set) for ble_advertising_conn_cfg_tag_set
    main.o(i.advertising_init) refers to main.o(.data) for m_adv_uuids
    main.o(i.advertising_init) refers to main.o(i.on_adv_evt) for on_adv_evt
    main.o(i.advertising_init) refers to main.o(.bss) for m_advertising
    main.o(i.advertising_start) refers to ble_advertising.o(i.ble_advertising_start) for ble_advertising_start
    main.o(i.advertising_start) refers to app_error.o(i.app_error_handler_bare) for app_error_handler_bare
    main.o(i.advertising_start) refers to main.o(.bss) for m_advertising
    main.o(i.app_shutdown_handler) refers to nrf_log_frontend.o(i.nrf_log_frontend_std_0) for nrf_log_frontend_std_0
    main.o(i.app_shutdown_handler) refers to nrf_log_frontend.o(log_const_data) for m_nrf_log_app_logs_data_const
    main.o(i.ble_dfu_evt_handler) refers to nrf_log_frontend.o(i.nrf_log_frontend_std_0) for nrf_log_frontend_std_0
    main.o(i.ble_dfu_evt_handler) refers to main.o(i.advertising_config_get) for advertising_config_get
    main.o(i.ble_dfu_evt_handler) refers to ble_advertising.o(i.ble_advertising_modes_config_set) for ble_advertising_modes_config_set
    main.o(i.ble_dfu_evt_handler) refers to ble_conn_state.o(i.ble_conn_state_for_each_connected) for ble_conn_state_for_each_connected
    main.o(i.ble_dfu_evt_handler) refers to nrf_log_frontend.o(i.nrf_log_frontend_std_1) for nrf_log_frontend_std_1
    main.o(i.ble_dfu_evt_handler) refers to nrf_log_frontend.o(log_const_data) for m_nrf_log_app_logs_data_const
    main.o(i.ble_dfu_evt_handler) refers to main.o(.bss) for m_advertising
    main.o(i.ble_dfu_evt_handler) refers to main.o(i.disconnect) for disconnect
    main.o(i.ble_evt_handler) refers to nrf_log_frontend.o(i.nrf_log_frontend_std_0) for nrf_log_frontend_std_0
    main.o(i.ble_evt_handler) refers to bsp.o(i.bsp_indication_set) for bsp_indication_set
    main.o(i.ble_evt_handler) refers to app_error.o(i.app_error_handler_bare) for app_error_handler_bare
    main.o(i.ble_evt_handler) refers to nrf_log_frontend.o(i.nrf_log_frontend_std_1) for nrf_log_frontend_std_1
    main.o(i.ble_evt_handler) refers to nrf_ble_qwr.o(i.nrf_ble_qwr_conn_handle_assign) for nrf_ble_qwr_conn_handle_assign
    main.o(i.ble_evt_handler) refers to main.o(.data) for m_conn_handle
    main.o(i.ble_evt_handler) refers to nrf_log_frontend.o(log_const_data) for m_nrf_log_app_logs_data_const
    main.o(i.ble_evt_handler) refers to main.o(.bss) for m_qwr
    main.o(i.ble_stack_init) refers to nrf_sdh.o(i.nrf_sdh_enable_request) for nrf_sdh_enable_request
    main.o(i.ble_stack_init) refers to app_error.o(i.app_error_handler_bare) for app_error_handler_bare
    main.o(i.ble_stack_init) refers to nrf_sdh_ble.o(i.nrf_sdh_ble_default_cfg_set) for nrf_sdh_ble_default_cfg_set
    main.o(i.ble_stack_init) refers to nrf_sdh_ble.o(i.nrf_sdh_ble_enable) for nrf_sdh_ble_enable
    main.o(i.buttonless_dfu_sdh_state_observer) refers to nrf_pwr_mgmt.o(i.nrf_pwr_mgmt_shutdown) for nrf_pwr_mgmt_shutdown
    main.o(i.conn_params_error_handler) refers to app_error.o(i.app_error_handler_bare) for app_error_handler_bare
    main.o(i.conn_params_init) refers to memseta.o(.text) for __aeabi_memclr4
    main.o(i.conn_params_init) refers to ble_conn_params.o(i.ble_conn_params_init) for ble_conn_params_init
    main.o(i.conn_params_init) refers to app_error.o(i.app_error_handler_bare) for app_error_handler_bare
    main.o(i.conn_params_init) refers to main.o(i.on_conn_params_evt) for on_conn_params_evt
    main.o(i.conn_params_init) refers to main.o(i.conn_params_error_handler) for conn_params_error_handler
    main.o(i.disconnect) refers to nrf_log_frontend.o(i.nrf_log_frontend_std_2) for nrf_log_frontend_std_2
    main.o(i.disconnect) refers to nrf_log_frontend.o(log_const_data) for m_nrf_log_app_logs_data_const
    main.o(i.disconnect) refers to main.o(.conststring) for .conststring
    main.o(i.gap_params_init) refers to app_error.o(i.app_error_handler_bare) for app_error_handler_bare
    main.o(i.gatt_evt_handler) refers to nrf_log_frontend.o(i.nrf_log_frontend_std_2) for nrf_log_frontend_std_2
    main.o(i.gatt_evt_handler) refers to main.o(.data) for m_conn_handle
    main.o(i.gatt_evt_handler) refers to nrf_log_frontend.o(log_const_data) for m_nrf_log_app_logs_data_const
[...]
    ble_uarts_init                           0x0002837d   Thumb Code   262  my_ble_uarts.o(i.ble_uarts_init)
    ble_uarts_on_ble_evt                     0x00028489   Thumb Code    68  my_ble_uarts.o(i.ble_uarts_on_ble_evt)
    bsp_board_init                           0x000284f9   Thumb Code    26  boards.o(i.bsp_board_init)
    bsp_board_led_invert                     0x00028515   Thumb Code    44  boards.o(i.bsp_board_led_invert)
    bsp_board_led_off                        0x00028545   Thumb Code    16  boards.o(i.bsp_board_led_off)
    bsp_board_led_on                         0x00028559   Thumb Code    16  boards.o(i.bsp_board_led_on)
    bsp_board_led_state_get                  0x0002856d   Thumb Code    44  boards.o(i.bsp_board_led_state_get)
    bsp_board_leds_off                       0x000285cd   Thumb Code    20  boards.o(i.bsp_board_leds_off)
    bsp_board_leds_on                        0x000285e1   Thumb Code    20  boards.o(i.bsp_board_leds_on)
    bsp_board_pin_to_button_idx              0x000285f5   Thumb Code    32  boards.o(i.bsp_board_pin_to_button_idx)
    bsp_event_to_button_action_assign        0x000286dd   Thumb Code    86  bsp.o(i.bsp_event_to_button_action_assign)
    bsp_indication_set                       0x00028739   Thumb Code    28  bsp.o(i.bsp_indication_set)
    bsp_init                                 0x00028759   Thumb Code   136  bsp.o(i.bsp_init)
    buffer_is_empty                          0x00028ca1   Thumb Code    20  nrf_log_frontend.o(i.buffer_is_empty)
    characteristic_add                       0x00028dd1   Thumb Code   456  ble_srv_common.o(i.characteristic_add)
    conn_handle_list_get                     0x0002903f   Thumb Code    60  ble_conn_state.o(i.conn_handle_list_get)
    drv_rtc_compare_disable                  0x00029395   Thumb Code    22  drv_rtc.o(i.drv_rtc_compare_disable)
    drv_rtc_compare_pending                  0x000293ab   Thumb Code    26  drv_rtc.o(i.drv_rtc_compare_pending)
    drv_rtc_compare_set                      0x000293c5   Thumb Code    92  drv_rtc.o(i.drv_rtc_compare_set)
    drv_rtc_counter_get                      0x00029421   Thumb Code    12  drv_rtc.o(i.drv_rtc_counter_get)
    drv_rtc_init                             0x0002942d   Thumb Code   216  drv_rtc.o(i.drv_rtc_init)
    drv_rtc_irq_trigger                      0x00029555   Thumb Code    32  drv_rtc.o(i.drv_rtc_irq_trigger)
    drv_rtc_overflow_enable                  0x00029579   Thumb Code    18  drv_rtc.o(i.drv_rtc_overflow_enable)
    drv_rtc_overflow_pending                 0x0002958b   Thumb Code    16  drv_rtc.o(i.drv_rtc_overflow_pending)
    drv_rtc_start                            0x0002959b   Thumb Code    14  drv_rtc.o(i.drv_rtc_start)
    drv_rtc_stop                             0x000295a9   Thumb Code    14  drv_rtc.o(i.drv_rtc_stop)
    drv_rtc_windowed_compare_set             0x000295b7   Thumb Code   252  drv_rtc.o(i.drv_rtc_windowed_compare_set)
    evt_handle                               0x00029731   Thumb Code   234  app_button.o(i.evt_handle)
    gatt_evt_handler                         0x000299c1   Thumb Code    62  main.o(i.gatt_evt_handler)
    main                                     0x00029fad   Thumb Code   144  main.o(i.main)
    my_ble_send                              0x0002a241   Thumb Code    80  main.o(i.my_ble_send)
    nrf_atfifo_init                          0x0002a6e9   Thumb Code    40  nrf_atfifo.o(i.nrf_atfifo_init)
    nrf_atfifo_item_alloc                    0x0002a711   Thumb Code    28  nrf_atfifo.o(i.nrf_atfifo_item_alloc)
    nrf_atfifo_item_free                     0x0002a72d   Thumb Code    28  nrf_atfifo.o(i.nrf_atfifo_item_free)
    nrf_atfifo_item_get                      0x0002a749   Thumb Code    28  nrf_atfifo.o(i.nrf_atfifo_item_get)
    nrf_atfifo_item_put                      0x0002a765   Thumb Code    28  nrf_atfifo.o(i.nrf_atfifo_item_put)
    nrf_atflags_clear                        0x0002a781   Thumb Code    30  nrf_atflags.o(i.nrf_atflags_clear)
    nrf_atflags_get                          0x0002a79f   Thumb Code    30  nrf_atflags.o(i.nrf_atflags_get)
    nrf_atflags_set                          0x0002a7bd   Thumb Code    30  nrf_atflags.o(i.nrf_atflags_set)
    nrf_atomic_flag_clear_fetch              0x0002a7db   Thumb Code    14  nrf_atomic.o(i.nrf_atomic_flag_clear_fetch)
    nrf_atomic_flag_set                      0x0002a7e9   Thumb Code    14  nrf_atomic.o(i.nrf_atomic_flag_set)
    nrf_atomic_u32_add                       0x0002a7f7   Thumb Code    22  nrf_atomic.o(i.nrf_atomic_u32_add)
    nrf_atomic_u32_and                       0x0002a80d   Thumb Code    22  nrf_atomic.o(i.nrf_atomic_u32_and)
    nrf_atomic_u32_fetch_and                 0x0002a823   Thumb Code    22  nrf_atomic.o(i.nrf_atomic_u32_fetch_and)
    nrf_atomic_u32_fetch_store               0x0002a839   Thumb Code    22  nrf_atomic.o(i.nrf_atomic_u32_fetch_store)
    nrf_atomic_u32_or                        0x0002a84f   Thumb Code    22  nrf_atomic.o(i.nrf_atomic_u32_or)
    nrf_atomic_u32_sub                       0x0002a865   Thumb Code    22  nrf_atomic.o(i.nrf_atomic_u32_sub)
    nrf_balloc_alloc                         0x0002a87b   Thumb Code    82  nrf_balloc.o(i.nrf_balloc_alloc)
    nrf_balloc_free                          0x0002a8dd   Thumb Code    48  nrf_balloc.o(i.nrf_balloc_free)
    nrf_balloc_init                          0x0002a919   Thumb Code    60  nrf_balloc.o(i.nrf_balloc_init)
    nrf_ble_gatt_att_mtu_periph_set          0x0002a96b   Thumb Code    30  nrf_ble_gatt.o(i.nrf_ble_gatt_att_mtu_periph_set)
    nrf_ble_gatt_init                        0x0002a989   Thumb Code    52  nrf_ble_gatt.o(i.nrf_ble_gatt_init)
    nrf_ble_gatt_on_ble_evt                  0x0002a9bd   Thumb Code   202  nrf_ble_gatt.o(i.nrf_ble_gatt_on_ble_evt)
    nrf_ble_qwr_conn_handle_assign           0x0002aac5   Thumb Code    32  nrf_ble_qwr.o(i.nrf_ble_qwr_conn_handle_assign)
    nrf_ble_qwr_init                         0x0002aae5   Thumb Code    50  nrf_ble_qwr.o(i.nrf_ble_qwr_init)
    nrf_ble_qwr_on_ble_evt                   0x0002ab17   Thumb Code   124  nrf_ble_qwr.o(i.nrf_ble_qwr_on_ble_evt)
    nrf_dfu_svci_vector_table_set            0x0002abcd   Thumb Code   116  nrf_dfu_svci.o(i.nrf_dfu_svci_vector_table_set)
    nrf_dfu_svci_vector_table_unset          0x0002acc1   Thumb Code    60  nrf_dfu_svci.o(i.nrf_dfu_svci_vector_table_unset)
    nrf_drv_clock_init                       0x0002ad69   Thumb Code    66  nrf_drv_clock.o(i.nrf_drv_clock_init)
    nrf_drv_clock_lfclk_release              0x0002adb5   Thumb Code    42  nrf_drv_clock.o(i.nrf_drv_clock_lfclk_release)
    nrf_drv_uart_init                        0x0002ade5   Thumb Code   118  nrf_drv_uart.o(i.nrf_drv_uart_init)
    nrf_fprintf                              0x0002aef9   Thumb Code    42  nrf_fprintf.o(i.nrf_fprintf)
    nrf_fprintf_buffer_flush                 0x0002af23   Thumb Code    28  nrf_fprintf.o(i.nrf_fprintf_buffer_flush)
    nrf_fprintf_fmt                          0x0002af3f   Thumb Code   496  nrf_fprintf_format.o(i.nrf_fprintf_fmt)
    nrf_log_backend_add                      0x0002b385   Thumb Code    78  nrf_log_frontend.o(i.nrf_log_backend_add)
    nrf_log_backend_rtt_init                 0x0002b3db   Thumb Code     8  nrf_log_backend_rtt.o(i.nrf_log_backend_rtt_init)
    nrf_log_backend_serial_put               0x0002b405   Thumb Code   242  nrf_log_backend_serial.o(i.nrf_log_backend_serial_put)
    nrf_log_color_id_get                     0x0002b4f9   Thumb Code    52  nrf_log_frontend.o(i.nrf_log_color_id_get)
    nrf_log_default_backends_init            0x0002b531   Thumb Code    34  nrf_log_default_backends.o(i.nrf_log_default_backends_init)
    nrf_log_frontend_dequeue                 0x0002b559   Thumb Code   756  nrf_log_frontend.o(i.nrf_log_frontend_dequeue)
    nrf_log_frontend_std_0                   0x0002b875   Thumb Code    20  nrf_log_frontend.o(i.nrf_log_frontend_std_0)
    nrf_log_frontend_std_1                   0x0002b889   Thumb Code    24  nrf_log_frontend.o(i.nrf_log_frontend_std_1)
    nrf_log_frontend_std_2                   0x0002b8a1   Thumb Code    32  nrf_log_frontend.o(i.nrf_log_frontend_std_2)
    nrf_log_hexdump_entry_process            0x0002b8c1   Thumb Code   164  nrf_log_str_formatter.o(i.nrf_log_hexdump_entry_process)
    nrf_log_init                             0x0002b97d   Thumb Code    50  nrf_log_frontend.o(i.nrf_log_init)
    nrf_log_module_cnt_get                   0x0002b9c5   Thumb Code    10  nrf_log_frontend.o(i.nrf_log_module_cnt_get)
    nrf_log_module_name_get                  0x0002b9d9   Thumb Code    30  nrf_log_frontend.o(i.nrf_log_module_name_get)
    nrf_log_panic                            0x0002b9fd   Thumb Code    48  nrf_log_frontend.o(i.nrf_log_panic)
    nrf_log_std_entry_process                0x0002ba31   Thumb Code   200  nrf_log_str_formatter.o(i.nrf_log_std_entry_process)
    nrf_memobj_alloc                         0x0002baf9   Thumb Code   122  nrf_memobj.o(i.nrf_memobj_alloc)
    nrf_memobj_free                          0x0002bb73   Thumb Code    64  nrf_memobj.o(i.nrf_memobj_free)
    nrf_memobj_get                           0x0002bbb3   Thumb Code    16  nrf_memobj.o(i.nrf_memobj_get)
    nrf_memobj_pool_init                     0x0002bbc3   Thumb Code    12  nrf_memobj.o(i.nrf_memobj_pool_init)
    nrf_memobj_put                           0x0002bbcf   Thumb Code    30  nrf_memobj.o(i.nrf_memobj_put)
    nrf_memobj_read                          0x0002bbed   Thumb Code    34  nrf_memobj.o(i.nrf_memobj_read)
    nrf_memobj_write                         0x0002bc0f   Thumb Code    34  nrf_memobj.o(i.nrf_memobj_write)
    nrf_pwr_mgmt_init                        0x0002bc49   Thumb Code    46  nrf_pwr_mgmt.o(i.nrf_pwr_mgmt_init)
    nrf_pwr_mgmt_run                         0x0002bc89   Thumb Code   104  nrf_pwr_mgmt.o(i.nrf_pwr_mgmt_run)
    nrf_pwr_mgmt_shutdown                    0x0002bcf5   Thumb Code    88  nrf_pwr_mgmt.o(i.nrf_pwr_mgmt_shutdown)
    nrf_ringbuf_init                         0x0002bd69   Thumb Code    28  nrf_ringbuf.o(i.nrf_ringbuf_init)
    nrf_sdh_ble_app_ram_start_get            0x0002bdd1   Thumb Code    18  nrf_sdh_ble.o(i.nrf_sdh_ble_app_ram_start_get)
    nrf_sdh_ble_default_cfg_set              0x0002bde9   Thumb Code   382  nrf_sdh_ble.o(i.nrf_sdh_ble_default_cfg_set)
    nrf_sdh_ble_enable                       0x0002bf89   Thumb Code   144  nrf_sdh_ble.o(i.nrf_sdh_ble_enable)
    nrf_sdh_enable_request                   0x0002c149   Thumb Code   112  nrf_sdh.o(i.nrf_sdh_enable_request)
    nrf_sdh_evts_poll                        0x0002c1cd   Thumb Code    44  nrf_sdh.o(i.nrf_sdh_evts_poll)
    nrf_sdh_is_enabled                       0x0002c1fd   Thumb Code     6  nrf_sdh.o(i.nrf_sdh_is_enabled)
    nrf_section_iter_init                    0x0002c263   Thumb Code    20  nrf_section_iter.o(i.nrf_section_iter_init)
    nrf_section_iter_next                    0x0002c2a5   Thumb Code    46  nrf_section_iter.o(i.nrf_section_iter_next)
    nrf_sortlist_add                         0x0002c2d3   Thumb Code    40  nrf_sortlist.o(i.nrf_sortlist_add)
    nrf_sortlist_peek                        0x0002c2fb   Thumb Code     8  nrf_sortlist.o(i.nrf_sortlist_peek)
    nrf_sortlist_pop                         0x0002c303   Thumb Code    24  nrf_sortlist.o(i.nrf_sortlist_pop)
    nrf_sortlist_remove                      0x0002c31b   Thumb Code    38  nrf_sortlist.o(i.nrf_sortlist_remove)
    nrf_strerror_find                        0x0002c341   Thumb Code    60  nrf_strerror.o(i.nrf_strerror_find)
    nrf_strerror_get                         0x0002c381   Thumb Code    22  nrf_strerror.o(i.nrf_strerror_get)
    nrfx_clock_enable                        0x0002c485   Thumb Code    16  nrfx_clock.o(i.nrfx_clock_enable)
    nrfx_clock_init                          0x0002c499   Thumb Code    30  nrfx_clock.o(i.nrfx_clock_init)
    nrfx_clock_lfclk_stop                    0x0002c4bd   Thumb Code    40  nrfx_clock.o(i.nrfx_clock_lfclk_stop)
    nrfx_gpiote_in_event_enable              0x0002c521   Thumb Code   168  nrfx_gpiote.o(i.nrfx_gpiote_in_event_enable)
    nrfx_gpiote_in_init                      0x0002c5cd   Thumb Code   232  nrfx_gpiote.o(i.nrfx_gpiote_in_init)
    nrfx_gpiote_in_is_set                    0x0002c6c1   Thumb Code    20  nrfx_gpiote.o(i.nrfx_gpiote_in_is_set)
    nrfx_gpiote_init                         0x0002c6d5   Thumb Code   196  nrfx_gpiote.o(i.nrfx_gpiote_init)
    nrfx_gpiote_is_init                      0x0002c7a9   Thumb Code    16  nrfx_gpiote.o(i.nrfx_gpiote_is_init)
    nrfx_prs_acquire                         0x0002c881   Thumb Code    78  nrfx_prs.o(i.nrfx_prs_acquire)
    nrfx_uart_0_irq_handler                  0x0002c8d1   Thumb Code    12  nrfx_uart.o(i.nrfx_uart_0_irq_handler)
    nrfx_uart_init                           0x0002c8e5   Thumb Code   128  nrfx_uart.o(i.nrfx_uart_init)
    nrfx_uart_rx                             0x0002c96d   Thumb Code   286  nrfx_uart.o(i.nrfx_uart_rx)
    nrfx_uart_tx                             0x0002ca91   Thumb Code   134  nrfx_uart.o(i.nrfx_uart_tx)
    nrfx_uart_tx_in_progress                 0x0002cb1d   Thumb Code    30  nrfx_uart.o(i.nrfx_uart_tx_in_progress)
    nrfx_uarte_0_irq_handler                 0x0002cb41   Thumb Code    12  nrfx_uarte.o(i.nrfx_uarte_0_irq_handler)
    nrfx_uarte_init                          0x0002cb55   Thumb Code   120  nrfx_uarte.o(i.nrfx_uarte_init)
    nrfx_uarte_rx                            0x0002cbd5   Thumb Code   306  nrfx_uarte.o(i.nrfx_uarte_rx)
    nrfx_uarte_tx                            0x0002cd0d   Thumb Code   188  nrfx_uarte.o(i.nrfx_uarte_tx)
    nrfx_uarte_tx_in_progress                0x0002cdcd   Thumb Code    26  nrfx_uarte.o(i.nrfx_uarte_tx_in_progress)
    uart_config                              0x0002e7b5   Thumb Code    74  uart.o(i.uart_config)
    uart_event_handle                        0x0002e811   Thumb Code   166  uart.o(i.uart_event_handle)
    nrf_log_backend_rtt_api                  0x0002f350   Data          12  nrf_log_backend_rtt.o(.constdata)
    m_ram_start                              0x0002f3f8   Data           4  nrf_sdh_ble.o(.constdata)
    __ctype_table                            0x0002f430   Data         129  ctype_o.o(.constdata)
    Region$$Table$$Base                      0x0002fd34   Number         0  anon$$obj.o(Region$$Table)
    Region$$Table$$Limit                     0x0002fd54   Number         0  anon$$obj.o(Region$$Table)
    log_const_data$$Base                     0x0002fd64   Number         0  nrf_ble_gatt.o(log_const_data)
    m_nrf_log_nrf_ble_gatt_logs_data_const   0x0002fd64   Data           8  nrf_ble_gatt.o(log_const_data)
    m_nrf_log_clock_logs_data_const          0x0002fd6c   Data           8  nrf_drv_clock.o(log_const_data)
    m_nrf_log_CLOCK_logs_data_const          0x0002fd74   Data           8  nrfx_clock.o(log_const_data)
    m_nrf_log_GPIOTE_logs_data_const         0x0002fd7c   Data           8  nrfx_gpiote.o(log_const_data)
    m_nrf_log_PRS_logs_data_const            0x0002fd84   Data           8  nrfx_prs.o(log_const_data)
    m_nrf_log_UART_logs_data_const           0x0002fd8c   Data           8  nrfx_uart.o(log_const_data)
    m_nrf_log_UARTE_logs_data_const          0x0002fd94   Data           8  nrfx_uarte.o(log_const_data)
    m_nrf_log_app_button_logs_data_const     0x0002fd9c   Data           8  app_button.o(log_const_data)
    m_nrf_log_app_timer_logs_data_const      0x0002fda4   Data           8  app_timer2.o(log_const_data)
    m_nrf_log_pwr_mgmt_logs_data_const       0x0002fdac   Data           8  nrf_pwr_mgmt.o(log_const_data)
    m_nrf_log_sortlist_logs_data_const       0x0002fdb4   Data           8  nrf_sortlist.o(log_const_data)
    m_nrf_log_app_logs_data_const            0x0002fdbc   Data           8  nrf_log_frontend.o(log_const_data)
    m_nrf_log_nrf_sdh_logs_data_const        0x0002fdc4   Data           8  nrf_sdh.o(log_const_data)
    m_nrf_log_nrf_sdh_ble_logs_data_const    0x0002fdcc   Data           8  nrf_sdh_ble.o(log_const_data)
    m_nrf_log_nrf_sdh_soc_logs_data_const    0x0002fdd4   Data           8  nrf_sdh_soc.o(log_const_data)
    log_const_data$$Limit                    0x0002fddc   Number         0  nrf_sdh_soc.o(log_const_data)
    log_mempool                              0x0002fddc   Data          20  nrf_log_frontend.o(nrf_balloc)
    pwr_mgmt_data0$$Base                     0x0002fdf0   Number         0  main.o(pwr_mgmt_data0)
    pwr_mgmt_data0$$Limit                    0x0002fdf4   Number         0  main.o(pwr_mgmt_data0)
    sdh_ble_observers0$$Base                 0x0002fdf4   Number         0  ble_conn_state.o(sdh_ble_observers0)
    sdh_ble_observers0$$Limit                0x0002fdfc   Number         0  ble_conn_state.o(sdh_ble_observers0)
    sdh_ble_observers1$$Base                 0x0002fdfc   Number         0  main.o(sdh_ble_observers1)
    sdh_ble_observers1$$Limit                0x0002fe14   Number         0  ble_conn_params.o(sdh_ble_observers1)
    sdh_ble_observers2$$Base                 0x0002fe14   Number         0  main.o(sdh_ble_observers2)
    sdh_ble_observers2$$Limit                0x0002fe2c   Number         0  ble_dfu.o(sdh_ble_observers2)
    sdh_ble_observers3$$Base                 0x0002fe2c   Number         0  main.o(sdh_ble_observers3)
    sdh_ble_observers3$$Limit                0x0002fe34   Number         0  main.o(sdh_ble_observers3)
    sdh_soc_observers0$$Base                 0x0002fe34   Number         0  nrf_drv_clock.o(sdh_soc_observers0)
    sdh_soc_observers0$$Limit                0x0002fe3c   Number         0  nrf_drv_clock.o(sdh_soc_observers0)
    sdh_soc_observers1$$Base                 0x0002fe3c   Number         0  ble_dfu_unbonded.o(sdh_soc_observers1)
    sdh_soc_observers1$$Limit                0x0002fe44   Number         0  ble_dfu_unbonded.o(sdh_soc_observers1)
    sdh_stack_observers0$$Base               0x0002fe44   Number         0  nrf_sdh_ble.o(sdh_stack_observers0)
    sdh_stack_observers0$$Limit              0x0002fe54   Number         0  nrf_sdh_soc.o(sdh_stack_observers0)
    sdh_state_observers0$$Base               0x0002fe54   Number         0  main.o(sdh_state_observers0)
    sdh_state_observers0$$Limit              0x0002fe64   Number         0  nrf_drv_clock.o(sdh_state_observers0)
    Image$$RW_IRAM1$$Base                    0x20002ae8   Number         0  anon$$obj.o ABSOLUTE
    m_adv_uuids                              0x20002b10   Data           4  main.o(.data)
    m_ble_uarts_max_data_len                 0x20002b14   Data           2  main.o(.data)
    uart_enabled                             0x20002b16   Data           1  main.o(.data)
    m_conn_handle                            0x20002b18   Data           2  main.o(.data)
    nrf_drv_uart_use_easy_dma                0x20002b44   Data           1  nrf_drv_uart.o(.data)
    mp_dfu                                   0x20002c28   Data           4  ble_dfu_unbonded.o(.data)
    SystemCoreClock                          0x20002c2c   Data           4  system_nrf52.o(.data)
    nrf_nvic_state                           0x2000361c   Data          12  app_util_platform.o(.bss)
    _SEGGER_RTT                              0x20003c00   Data         120  segger_rtt.o(.bss)
    __initial_sp                             0x20005ed0   Data           0  arm_startup_nrf52.o(STACK)



==============================================================================

Memory Map of the image

  Image Entry point : 0x00026201

  Load Region LR_IROM1 (Base: 0x00026000, Size: 0x00009fac, Max: 0x0005a000, ABSOLUTE, COMPRESSED[0x00009ec0])

    Execution Region ER_IROM1 (Exec base: 0x00026000, Load base: 0x00026000, Size: 0x00009e64, Max: 0x0005a000, ABSOLUTE)

    Exec Addr    Load Addr    Size         Type   Attr      Idx    E Section Name        Object

    0x00026000   0x00026000   0x00000200   Data   RO         6073    RESET               arm_startup_nrf52.o
    0x00026200   0x00026200   0x00000000   Code   RO         7964  * .ARM.Collect$$$$00000000  mc_w.l(entry.o)
    0x00026200   0x00026200   0x00000004   Code   RO         8011    .ARM.Collect$$$$00000001  mc_w.l(entry2.o)
    0x00026204   0x00026204   0x00000004   Code   RO         8014    .ARM.Collect$$$$00000004  mc_w.l(entry5.o)
    0x00026208   0x00026208   0x00000000   Code   RO         8016    .ARM.Collect$$$$00000008  mc_w.l(entry7b.o)
    0x00026208   0x00026208   0x00000000   Code   RO         8018    .ARM.Collect$$$$0000000A  mc_w.l(entry8b.o)
    0x00026208   0x00026208   0x00000008   Code   RO         8019    .ARM.Collect$$$$0000000B  mc_w.l(entry9a.o)
    0x00026210   0x00026210   0x00000000   Code   RO         8021    .ARM.Collect$$$$0000000D  mc_w.l(entry10a.o)
    0x00026210   0x00026210   0x00000000   Code   RO         8023    .ARM.Collect$$$$0000000F  mc_w.l(entry11a.o)
    0x00026210   0x00026210   0x00000004   Code   RO         8012    .ARM.Collect$$$$00002712  mc_w.l(entry2.o)
    0x00026214   0x00026214   0x000000c8   Code   RO         3550    .emb_text           nrf_atfifo.o
    0x000262dc   0x000262dc   0x000000e2   Code   RO         3689    .emb_text           nrf_atomic.o
    0x000263be   0x000263be   0x00000002   PAD
    0x000263c0   0x000263c0   0x00000024   Code   RO         6074    .text               arm_startup_nrf52.o
    0x000263e4   0x000263e4   0x00000062   Code   RO         7967    .text               mc_w.l(uldiv.o)
    0x00026446   0x00026446   0x0000001e   Code   RO         7969    .text               mc_w.l(llshl.o)
    0x00026464   0x00026464   0x00000008   Code   RO         7971    .text               mc_w.l(ctype_o.o)
    0x0002646c   0x0002646c   0x00000024   Code   RO         7999    .text               mc_w.l(memcpya.o)
    0x00026490   0x00026490   0x00000024   Code   RO         8001    .text               mc_w.l(memseta.o)
    0x000264b4   0x000264b4   0x0000000e   Code   RO         8003    .text               mc_w.l(strlen.o)
    0x000264c2   0x000264c2   0x00000012   Code   RO         8007    .text               mc_w.l(strcpy.o)
    0x000264d4   0x000264d4   0x00000020   Code   RO         8025    .text               mc_w.l(llushr.o)
    0x000264f4   0x000264f4   0x00000024   Code   RO         8027    .text               mc_w.l(init.o)
    0x00026518   0x00026518   0x00000056   Code   RO         8037    .text               mc_w.l(__dczerorl2.o)
    0x0002656e   0x0002656e   0x00000002   PAD
    0x00026570   0x00026570   0x000000bc   Code   RO         2170    i.GPIOTE_IRQHandler  nrfx_gpiote.o
    0x0002662c   0x0002662c   0x00000054   Code   RO         2002    i.POWER_CLOCK_IRQHandler  nrfx_clock.o
    0x00026680   0x00026680   0x00000018   Code   RO         4033    i.RTC1_IRQHandler   drv_rtc.o
    0x00026698   0x00026698   0x00000008   Code   RO         5359    i.SEGGER_RTT_Init   segger_rtt.o
    0x000266a0   0x000266a0   0x00000084   Code   RO         5373    i.SEGGER_RTT_WriteNoLock  segger_rtt.o
    0x00026724   0x00026724   0x00000008   Code   RO         5611    i.SWI2_EGU2_IRQHandler  nrf_sdh.o
    0x0002672c   0x0002672c   0x00000010   Code   RO         6081    i.SystemCoreClockUpdate  system_nrf52.o
    0x0002673c   0x0002673c   0x00000298   Code   RO         6082    i.SystemInit        system_nrf52.o
    0x000269d4   0x000269d4   0x00000010   Code   RO         2540    i.UARTE0_UART0_IRQHandler  nrfx_prs.o
    0x000269e4   0x000269e4   0x00000070   Code   RO         5377    i._DoInit           segger_rtt.o
    0x00026a54   0x00026a54   0x0000001c   Code   RO         5378    i._GetAvailWriteSpace  segger_rtt.o
    0x00026a70   0x00026a70   0x00000072   Code   RO         5380    i._WriteBlocking    segger_rtt.o
    0x00026ae2   0x00026ae2   0x0000004c   Code   RO         5381    i._WriteNoCheck     segger_rtt.o
    0x00026b2e   0x00026b2e   0x0000000e   Code   RO         8031    i.__scatterload_copy  mc_w.l(handlers.o)
    0x00026b3c   0x00026b3c   0x00000002   Code   RO         8032    i.__scatterload_null  mc_w.l(handlers.o)
    0x00026b3e   0x00026b3e   0x0000000e   Code   RO         8033    i.__scatterload_zeroinit  mc_w.l(handlers.o)
    0x00026b4c   0x00026b4c   0x00000038   Code   RO         5612    i.__sd_nvic_app_accessible_irq  nrf_sdh.o
    0x00026b84   0x00026b84   0x0000000c   Code   RO         4530    i.__sd_nvic_irq_disable  app_util_platform.o
    0x00026b90   0x00026b90   0x00000018   Code   RO         1367    i.addr_is_valid     ble_advertising.o
    0x00026ba8   0x00026ba8   0x00000058   Code   RO         1368    i.adv_mode_next_avail_get  ble_advertising.o
    0x00026c00   0x00026c00   0x00000012   Code   RO         1369    i.adv_mode_next_get  ble_advertising.o
    0x00026c12   0x00026c12   0x00000012   Code   RO         1370    i.adv_set_data_size_max_get  ble_advertising.o
    0x00026c24   0x00026c24   0x0000001c   Code   RO            4    i.advertising_config_get  main.o
    0x00026c40   0x00026c40   0x00000070   Code   RO            5    i.advertising_init  main.o
    0x00026cb0   0x00026cb0   0x00000024   Code   RO            6    i.advertising_start  main.o
    0x00026cd4   0x00026cd4   0x0000000c   Code   RO          707    i.alert_timer_handler  bsp.o
    0x00026ce0   0x00026ce0   0x0000002c   Code   RO         3204    i.app_button_enable  app_button.o
    0x00026d0c   0x00026d0c   0x000000b0   Code   RO         3205    i.app_button_init   app_button.o
    0x00026dbc   0x00026dbc   0x000000bc   Code   RO         4493    i.app_error_fault_handler  app_error_weak.o
    0x00026e78   0x00026e78   0x0000001c   Code   RO         4437    i.app_error_handler_bare  app_error.o
    0x00026e94   0x00026e94   0x0000001e   Code   RO         4725    i.app_fifo_get      app_fifo.o
    0x00026eb2   0x00026eb2   0x00000024   Code   RO         4726    i.app_fifo_init     app_fifo.o
    0x00026ed6   0x00026ed6   0x00000022   Code   RO         4728    i.app_fifo_put      app_fifo.o
    0x00026ef8   0x00026ef8   0x000000a4   Code   RO            7    i.app_shutdown_handler  main.o
    0x00026f9c   0x00026f9c   0x00000010   Code   RO         3363    i.app_timer_cnt_get  app_timer2.o
    0x00026fac   0x00026fac   0x00000020   Code   RO         3364    i.app_timer_create  app_timer2.o
    0x00026fcc   0x00026fcc   0x0000006c   Code   RO         3365    i.app_timer_init    app_timer2.o
    0x00027038   0x00027038   0x00000036   Code   RO         3368    i.app_timer_start   app_timer2.o
    0x0002706e   0x0002706e   0x00000014   Code   RO         3369    i.app_timer_stop    app_timer2.o
    0x00027082   0x00027082   0x00000002   PAD
    0x00027084   0x00027084   0x00000054   Code   RO         4809    i.app_uart_get      app_uart_fifo.o
    0x000270d8   0x000270d8   0x000000dc   Code   RO         4810    i.app_uart_init     app_uart_fifo.o
    0x000271b4   0x000271b4   0x0000006c   Code   RO         4811    i.app_uart_put      app_uart_fifo.o
    0x00027220   0x00027220   0x0000000c   Code   RO         4531    i.app_util_critical_region_enter  app_util_platform.o
    0x0002722c   0x0002722c   0x00000048   Code   RO         4532    i.app_util_critical_region_exit  app_util_platform.o
    0x00027274   0x00027274   0x00000052   Code   RO          878    i.appearance_encode  ble_advdata.o
    0x000272c6   0x000272c6   0x0000007c   Code   RO         2594    i.apply_config      nrfx_uart.o
    0x00027342   0x00027342   0x0000007c   Code   RO         2839    i.apply_config      nrfx_uarte.o
    0x000273be   0x000273be   0x00000002   PAD
    0x000273c0   0x000273c0   0x0000003c   Code   RO         5091    i.backend_id_assign  nrf_log_frontend.o
    0x000273fc   0x000273fc   0x0000006c   Code   RO         1697    i.blcm_link_ctx_get  ble_link_ctx_manager.o
    0x00027468   0x00027468   0x0000016c   Code   RO          880    i.ble_advdata_encode  ble_advdata.o
    0x000275d4   0x000275d4   0x00000028   Code   RO          882    i.ble_advdata_parse  ble_advdata.o
    0x000275fc   0x000275fc   0x0000005c   Code   RO          883    i.ble_advdata_search  ble_advdata.o
    0x00027658   0x00027658   0x00000006   Code   RO         1372    i.ble_advertising_conn_cfg_tag_set  ble_advertising.o
    0x0002765e   0x0002765e   0x00000108   Code   RO         1373    i.ble_advertising_init  ble_advertising.o
    0x00027766   0x00027766   0x00000012   Code   RO         1374    i.ble_advertising_modes_config_set  ble_advertising.o
    0x00027778   0x00027778   0x0000003c   Code   RO         1375    i.ble_advertising_on_ble_evt  ble_advertising.o
    0x000277b4   0x000277b4   0x00000174   Code   RO         1378    i.ble_advertising_start  ble_advertising.o
    0x00027928   0x00027928   0x0000009c   Code   RO         1006    i.ble_conn_params_init  ble_conn_params.o
    0x000279c4   0x000279c4   0x00000014   Code   RO         1106    i.ble_conn_state_conn_idx  ble_conn_state.o
    0x000279d8   0x000279d8   0x00000018   Code   RO         1108    i.ble_conn_state_for_each_connected  ble_conn_state.o
    0x000279f0   0x000279f0   0x0000001c   Code   RO         1120    i.ble_conn_state_valid  ble_conn_state.o
    0x00027a0c   0x00027a0c   0x00000076   Code   RO          886    i.ble_device_addr_encode  ble_advdata.o
    0x00027a82   0x00027a82   0x00000002   PAD
    0x00027a84   0x00027a84   0x0000003c   Code   RO         5974    i.ble_dfu_buttonless_async_svci_init  ble_dfu_unbonded.o
    0x00027ac0   0x00027ac0   0x00000018   Code   RO         5975    i.ble_dfu_buttonless_backend_init  ble_dfu_unbonded.o
    0x00027ad8   0x00027ad8   0x00000040   Code   RO         5835    i.ble_dfu_buttonless_bootloader_start_finalize  ble_dfu.o
    0x00027b18   0x00027b18   0x0000001c   Code   RO         5976    i.ble_dfu_buttonless_bootloader_start_prepare  ble_dfu_unbonded.o
    0x00027b34   0x00027b34   0x00000062   Code   RO         5977    i.ble_dfu_buttonless_char_add  ble_dfu_unbonded.o
    0x00027b96   0x00027b96   0x00000002   PAD
    0x00027b98   0x00027b98   0x000000a4   Code   RO         5836    i.ble_dfu_buttonless_init  ble_dfu.o
    0x00027c3c   0x00027c3c   0x0000004a   Code   RO         5837    i.ble_dfu_buttonless_on_ble_evt  ble_dfu.o
    0x00027c86   0x00027c86   0x00000002   PAD
    0x00027c88   0x00027c88   0x0000008c   Code   RO         5978    i.ble_dfu_buttonless_on_ctrl_pt_write  ble_dfu_unbonded.o
    0x00027d14   0x00027d14   0x0000008c   Code   RO         5979    i.ble_dfu_buttonless_on_sys_evt  ble_dfu_unbonded.o
    0x00027da0   0x00027da0   0x00000064   Code   RO         5838    i.ble_dfu_buttonless_resp_send  ble_dfu.o
    0x00027e04   0x00027e04   0x000001d4   Code   RO            8    i.ble_dfu_evt_handler  main.o
    0x00027fd8   0x00027fd8   0x000001b8   Code   RO            9    i.ble_evt_handler   main.o
    0x00028190   0x00028190   0x00000040   Code   RO         1008    i.ble_evt_handler   ble_conn_params.o
    0x000281d0   0x000281d0   0x000000b8   Code   RO         1121    i.ble_evt_handler   ble_conn_state.o
    0x00028288   0x00028288   0x00000012   Code   RO         1297    i.ble_srv_is_indication_enabled  ble_srv_common.o
    0x0002829a   0x0002829a   0x00000012   Code   RO         1298    i.ble_srv_is_notification_enabled  ble_srv_common.o
    0x000282ac   0x000282ac   0x00000056   Code   RO           10    i.ble_stack_init    main.o
    0x00028302   0x00028302   0x0000007a   Code   RO         1721    i.ble_uarts_data_send  my_ble_uarts.o
    0x0002837c   0x0002837c   0x0000010c   Code   RO         1722    i.ble_uarts_init    my_ble_uarts.o
    0x00028488   0x00028488   0x00000044   Code   RO         1723    i.ble_uarts_on_ble_evt  my_ble_uarts.o
    0x000284cc   0x000284cc   0x0000002c   Code   RO          555    i.bsp_board_buttons_init  boards.o
    0x000284f8   0x000284f8   0x0000001a   Code   RO          556    i.bsp_board_init    boards.o
    0x00028512   0x00028512   0x00000002   PAD
    0x00028514   0x00028514   0x00000030   Code   RO          558    i.bsp_board_led_invert  boards.o
    0x00028544   0x00028544   0x00000014   Code   RO          559    i.bsp_board_led_off  boards.o
    0x00028558   0x00028558   0x00000014   Code   RO          560    i.bsp_board_led_on  boards.o
    0x0002856c   0x0002856c   0x00000030   Code   RO          561    i.bsp_board_led_state_get  boards.o
    0x0002859c   0x0002859c   0x00000030   Code   RO          562    i.bsp_board_leds_init  boards.o
    0x000285cc   0x000285cc   0x00000014   Code   RO          563    i.bsp_board_leds_off  boards.o
    0x000285e0   0x000285e0   0x00000014   Code   RO          564    i.bsp_board_leds_on  boards.o
    0x000285f4   0x000285f4   0x00000024   Code   RO          565    i.bsp_board_pin_to_button_idx  boards.o
    0x00028618   0x00028618   0x000000c4   Code   RO          708    i.bsp_button_event_handler  bsp.o
    0x000286dc   0x000286dc   0x0000005c   Code   RO          712    i.bsp_event_to_button_action_assign  bsp.o
    0x00028738   0x00028738   0x00000020   Code   RO          713    i.bsp_indication_set  bsp.o
    0x00028758   0x00028758   0x000000ac   Code   RO          714    i.bsp_init          bsp.o
    0x00028804   0x00028804   0x00000388   Code   RO          715    i.bsp_led_indication  bsp.o
    0x00028b8c   0x00028b8c   0x000000e8   Code   RO         5092    i.buf_prealloc      nrf_log_frontend.o
    0x00028c74   0x00028c74   0x0000002c   Code   RO         4294    i.buffer_add        nrf_fprintf_format.o
    0x00028ca0   0x00028ca0   0x00000018   Code   RO         5093    i.buffer_is_empty   nrf_log_frontend.o
    0x00028cb8   0x00028cb8   0x0000002c   Code   RO         3207    i.button_get        app_button.o
    0x00028ce4   0x00028ce4   0x0000000e   Code   RO          718    i.button_timer_handler  bsp.o
    0x00028cf2   0x00028cf2   0x00000002   PAD
    0x00028cf4   0x00028cf4   0x00000020   Code   RO           11    i.buttonless_dfu_sdh_state_observer  main.o
    0x00028d14   0x00028d14   0x00000020   Code   RO         2171    i.channel_free      nrfx_gpiote.o
    0x00028d34   0x00028d34   0x00000010   Code   RO         2172    i.channel_handler_get  nrfx_gpiote.o
    0x00028d44   0x00028d44   0x00000080   Code   RO         2173    i.channel_port_alloc  nrfx_gpiote.o
    0x00028dc4   0x00028dc4   0x0000000c   Code   RO         2174    i.channel_port_get  nrfx_gpiote.o
    0x00028dd0   0x00028dd0   0x000001c8   Code   RO         1300    i.characteristic_add  ble_srv_common.o
    0x00028f98   0x00028f98   0x00000030   Code   RO         1773    i.clock_clk_started_notify  nrf_drv_clock.o
    0x00028fc8   0x00028fc8   0x00000028   Code   RO         1774    i.clock_irq_handler  nrf_drv_clock.o
    0x00028ff0   0x00028ff0   0x00000026   Code   RO         3371    i.compare_func      app_timer2.o
    0x00029016   0x00029016   0x00000028   Code   RO         1380    i.config_is_valid   ble_advertising.o
    0x0002903e   0x0002903e   0x0000003c   Code   RO         1122    i.conn_handle_list_get  ble_conn_state.o
    0x0002907a   0x0002907a   0x0000005a   Code   RO          887    i.conn_int_check    ble_advdata.o
    0x000290d4   0x000290d4   0x00000068   Code   RO          888    i.conn_int_encode   ble_advdata.o
    0x0002913c   0x0002913c   0x00000010   Code   RO           12    i.conn_params_error_handler  main.o
    0x0002914c   0x0002914c   0x0000005c   Code   RO           13    i.conn_params_init  main.o
    0x000291a8   0x000291a8   0x00000054   Code   RO         1009    i.conn_params_negotiation  ble_conn_params.o
    0x000291fc   0x000291fc   0x000000e8   Code   RO         1519    i.data_length_update  nrf_ble_gatt.o
    0x000292e4   0x000292e4   0x00000060   Code   RO         3208    i.detection_delay_timeout_handler  app_button.o
    0x00029344   0x00029344   0x00000038   Code   RO           14    i.disconnect        main.o
    0x0002937c   0x0002937c   0x00000018   Code   RO         5094    i.dropped_sat16_get  nrf_log_frontend.o
    0x00029394   0x00029394   0x00000016   Code   RO         4034    i.drv_rtc_compare_disable  drv_rtc.o
    0x000293aa   0x000293aa   0x0000001a   Code   RO         4037    i.drv_rtc_compare_pending  drv_rtc.o
    0x000293c4   0x000293c4   0x0000005c   Code   RO         4038    i.drv_rtc_compare_set  drv_rtc.o
    0x00029420   0x00029420   0x0000000c   Code   RO         4039    i.drv_rtc_counter_get  drv_rtc.o
    0x0002942c   0x0002942c   0x00000128   Code   RO         4040    i.drv_rtc_init      drv_rtc.o
    0x00029554   0x00029554   0x00000024   Code   RO         4041    i.drv_rtc_irq_trigger  drv_rtc.o
    0x00029578   0x00029578   0x00000012   Code   RO         4043    i.drv_rtc_overflow_enable  drv_rtc.o
    0x0002958a   0x0002958a   0x00000010   Code   RO         4044    i.drv_rtc_overflow_pending  drv_rtc.o
    0x0002959a   0x0002959a   0x0000000e   Code   RO         4045    i.drv_rtc_start     drv_rtc.o
    0x000295a8   0x000295a8   0x0000000e   Code   RO         4046    i.drv_rtc_stop      drv_rtc.o
    0x000295b6   0x000295b6   0x000000fc   Code   RO         4051    i.drv_rtc_windowed_compare_set  drv_rtc.o
    0x000296b2   0x000296b2   0x00000002   Code   RO         5839    i.dummy_evt_handler  ble_dfu.o
    0x000296b4   0x000296b4   0x00000048   Code   RO         5980    i.enter_bootloader  ble_dfu_unbonded.o
    0x000296fc   0x000296fc   0x00000018   Code   RO         4052    i.evt_disable       drv_rtc.o
    0x00029714   0x00029714   0x0000001c   Code   RO         4053    i.evt_enable        drv_rtc.o
    0x00029730   0x00029730   0x000000f0   Code   RO         3209    i.evt_handle        app_button.o
    0x00029820   0x00029820   0x0000001c   Code   RO         4054    i.evt_pending       drv_rtc.o
    0x0002983c   0x0002983c   0x00000018   Code   RO         4731    i.fifo_get          app_fifo.o
    0x00029854   0x00029854   0x0000000a   Code   RO         4732    i.fifo_length       app_fifo.o
    0x0002985e   0x0002985e   0x0000000a   Code   RO         4812    i.fifo_length       app_uart_fifo.o
    0x00029868   0x00029868   0x00000012   Code   RO         4733    i.fifo_peek         app_fifo.o
    0x0002987a   0x0002987a   0x00000012   Code   RO         4734    i.fifo_put          app_fifo.o
    0x0002988c   0x0002988c   0x0000001e   Code   RO         1123    i.flag_toggle       ble_conn_state.o
    0x000298aa   0x000298aa   0x00000036   Code   RO          889    i.flags_encode      ble_advdata.o
    0x000298e0   0x000298e0   0x0000002c   Code   RO         1381    i.flags_set         ble_advertising.o
    0x0002990c   0x0002990c   0x00000032   Code   RO         1124    i.for_each_set_flag  ble_conn_state.o
    0x0002993e   0x0002993e   0x00000002   PAD
    0x00029940   0x00029940   0x00000080   Code   RO           15    i.gap_params_init   main.o
    0x000299c0   0x000299c0   0x0000006c   Code   RO           16    i.gatt_evt_handler  main.o
    0x00029a2c   0x00029a2c   0x00000044   Code   RO           17    i.gatt_init         main.o
    0x00029a70   0x00029a70   0x0000003c   Code   RO         3372    i.get_now           app_timer2.o
    0x00029aac   0x00029aac   0x00000048   Code   RO         3210    i.gpiote_event_handler  app_button.o
    0x00029af4   0x00029af4   0x0000000e   Code   RO           18    i.idle_state_handle  main.o
    0x00029b02   0x00029b02   0x00000002   PAD
    0x00029b04   0x00029b04   0x0000002c   Code   RO         1010    i.instance_get      ble_conn_params.o
    0x00029b30   0x00029b30   0x000000be   Code   RO         4295    i.int_print         nrf_fprintf_format.o
    0x00029bee   0x00029bee   0x00000002   PAD
    0x00029bf0   0x00029bf0   0x00000094   Code   RO         2596    i.interrupts_enable  nrfx_uart.o
    0x00029c84   0x00029c84   0x000000b4   Code   RO         2841    i.interrupts_enable  nrfx_uarte.o
    0x00029d38   0x00029d38   0x00000046   Code   RO         5096    i.invalid_packets_omit  nrf_log_frontend.o
    0x00029d7e   0x00029d7e   0x00000072   Code   RO         1011    i.is_conn_params_ok  ble_conn_params.o
    0x00029df0   0x00029df0   0x0000000c   Code   RO         1777    i.item_dequeue      nrf_drv_clock.o
    0x00029dfc   0x00029dfc   0x00000026   Code   RO         2175    i.latch_pending_read_and_check  nrfx_gpiote.o
    0x00029e22   0x00029e22   0x00000020   Code   RO           19    i.leds_init         main.o
    0x00029e42   0x00029e42   0x00000002   PAD
    0x00029e44   0x00029e44   0x00000028   Code   RO          719    i.leds_off          bsp.o
    0x00029e6c   0x00029e6c   0x00000020   Code   RO          720    i.leds_timer_handler  bsp.o
    0x00029e8c   0x00029e8c   0x00000018   Code   RO         1779    i.lfclk_stop        nrf_drv_clock.o
    0x00029ea4   0x00029ea4   0x00000016   Code   RO         1520    i.link_init         nrf_ble_gatt.o
    0x00029eba   0x00029eba   0x00000026   Code   RO           20    i.log_init          main.o
    0x00029ee0   0x00029ee0   0x000000cc   Code   RO         5097    i.log_skip          nrf_log_frontend.o
    0x00029fac   0x00029fac   0x0000011c   Code   RO           21    i.main              main.o
    0x0002a0c8   0x0002a0c8   0x00000076   Code   RO          890    i.manuf_specific_data_encode  ble_advdata.o
    0x0002a13e   0x0002a13e   0x000000ca   Code   RO         3875    i.memobj_op         nrf_memobj.o
    0x0002a208   0x0002a208   0x00000038   Code   RO         5098    i.module_idx_get    nrf_log_frontend.o
    0x0002a240   0x0002a240   0x00000078   Code   RO           22    i.my_ble_send       main.o
    0x0002a2b8   0x0002a2b8   0x000000c8   Code   RO          891    i.name_encode       ble_advdata.o
    0x0002a380   0x0002a380   0x0000005c   Code   RO         6169    i.nrf52_errata_108  system_nrf52.o
    0x0002a3dc   0x0002a3dc   0x0000005c   Code   RO         6181    i.nrf52_errata_12   system_nrf52.o
    0x0002a438   0x0002a438   0x0000005c   Code   RO         6192    i.nrf52_errata_136  system_nrf52.o
    0x0002a494   0x0002a494   0x00000040   Code   RO         6211    i.nrf52_errata_16   system_nrf52.o
    0x0002a4d4   0x0002a4d4   0x00000040   Code   RO         6228    i.nrf52_errata_182  system_nrf52.o
    0x0002a514   0x0002a514   0x0000005c   Code   RO         6282    i.nrf52_errata_31   system_nrf52.o
    0x0002a570   0x0002a570   0x00000040   Code   RO         6283    i.nrf52_errata_32   system_nrf52.o
    0x0002a5b0   0x0002a5b0   0x0000005c   Code   RO         6287    i.nrf52_errata_36   system_nrf52.o
    0x0002a60c   0x0002a60c   0x00000040   Code   RO         6288    i.nrf52_errata_37   system_nrf52.o
    0x0002a64c   0x0002a64c   0x00000040   Code   RO         6304    i.nrf52_errata_57   system_nrf52.o
    0x0002a68c   0x0002a68c   0x0000005c   Code   RO         6310    i.nrf52_errata_66   system_nrf52.o
    0x0002a6e8   0x0002a6e8   0x00000028   Code   RO         3554    i.nrf_atfifo_init   nrf_atfifo.o
    0x0002a710   0x0002a710   0x0000001c   Code   RO         3555    i.nrf_atfifo_item_alloc  nrf_atfifo.o
    0x0002a72c   0x0002a72c   0x0000001c   Code   RO         3556    i.nrf_atfifo_item_free  nrf_atfifo.o
    0x0002a748   0x0002a748   0x0000001c   Code   RO         3557    i.nrf_atfifo_item_get  nrf_atfifo.o
    0x0002a764   0x0002a764   0x0000001c   Code   RO         3558    i.nrf_atfifo_item_put  nrf_atfifo.o
    0x0002a780   0x0002a780   0x0000001e   Code   RO         3623    i.nrf_atflags_clear  nrf_atflags.o
    0x0002a79e   0x0002a79e   0x0000001e   Code   RO         3628    i.nrf_atflags_get   nrf_atflags.o
    0x0002a7bc   0x0002a7bc   0x0000001e   Code   RO         3630    i.nrf_atflags_set   nrf_atflags.o
    0x0002a7da   0x0002a7da   0x0000000e   Code   RO         3691    i.nrf_atomic_flag_clear_fetch  nrf_atomic.o
    0x0002a7e8   0x0002a7e8   0x0000000e   Code   RO         3692    i.nrf_atomic_flag_set  nrf_atomic.o
    0x0002a7f6   0x0002a7f6   0x00000016   Code   RO         3694    i.nrf_atomic_u32_add  nrf_atomic.o
    0x0002a80c   0x0002a80c   0x00000016   Code   RO         3695    i.nrf_atomic_u32_and  nrf_atomic.o
    0x0002a822   0x0002a822   0x00000016   Code   RO         3698    i.nrf_atomic_u32_fetch_and  nrf_atomic.o
    0x0002a838   0x0002a838   0x00000016   Code   RO         3700    i.nrf_atomic_u32_fetch_store  nrf_atomic.o
    0x0002a84e   0x0002a84e   0x00000016   Code   RO         3704    i.nrf_atomic_u32_or  nrf_atomic.o
    0x0002a864   0x0002a864   0x00000016   Code   RO         3706    i.nrf_atomic_u32_sub  nrf_atomic.o
    0x0002a87a   0x0002a87a   0x00000052   Code   RO         3828    i.nrf_balloc_alloc  nrf_balloc.o
    0x0002a8cc   0x0002a8cc   0x00000010   Code   RO         3829    i.nrf_balloc_block2idx  nrf_balloc.o
    0x0002a8dc   0x0002a8dc   0x00000030   Code   RO         3830    i.nrf_balloc_free   nrf_balloc.o
    0x0002a90c   0x0002a90c   0x0000000c   Code   RO         3831    i.nrf_balloc_idx2block  nrf_balloc.o
    0x0002a918   0x0002a918   0x0000003c   Code   RO         3832    i.nrf_balloc_init   nrf_balloc.o
    0x0002a954   0x0002a954   0x00000016   Code   RO         2176    i.nrf_bitmask_bit_is_set  nrfx_gpiote.o
    0x0002a96a   0x0002a96a   0x0000001e   Code   RO         1522    i.nrf_ble_gatt_att_mtu_periph_set  nrf_ble_gatt.o
    0x0002a988   0x0002a988   0x00000034   Code   RO         1526    i.nrf_ble_gatt_init  nrf_ble_gatt.o
    0x0002a9bc   0x0002a9bc   0x00000108   Code   RO         1527    i.nrf_ble_gatt_on_ble_evt  nrf_ble_gatt.o
    0x0002aac4   0x0002aac4   0x00000020   Code   RO         1641    i.nrf_ble_qwr_conn_handle_assign  nrf_ble_qwr.o
    0x0002aae4   0x0002aae4   0x00000032   Code   RO         1642    i.nrf_ble_qwr_init  nrf_ble_qwr.o
    0x0002ab16   0x0002ab16   0x0000007c   Code   RO         1643    i.nrf_ble_qwr_on_ble_evt  nrf_ble_qwr.o
    0x0002ab92   0x0002ab92   0x00000012   Code   RO         2003    i.nrf_clock_event_check  nrfx_clock.o
    0x0002aba4   0x0002aba4   0x00000012   Code   RO         2004    i.nrf_clock_event_clear  nrfx_clock.o
    0x0002abb6   0x0002abb6   0x00000002   PAD
    0x0002abb8   0x0002abb8   0x0000000c   Code   RO         2005    i.nrf_clock_int_disable  nrfx_clock.o
    0x0002abc4   0x0002abc4   0x00000008   Code   RO         2007    i.nrf_clock_task_trigger  nrfx_clock.o
    0x0002abcc   0x0002abcc   0x000000f4   Code   RO         6044    i.nrf_dfu_svci_vector_table_set  nrf_dfu_svci.o
    0x0002acc0   0x0002acc0   0x000000a8   Code   RO         6045    i.nrf_dfu_svci_vector_table_unset  nrf_dfu_svci.o
    0x0002ad68   0x0002ad68   0x0000004c   Code   RO         1785    i.nrf_drv_clock_init  nrf_drv_clock.o
    0x0002adb4   0x0002adb4   0x00000030   Code   RO         1789    i.nrf_drv_clock_lfclk_release  nrf_drv_clock.o
    0x0002ade4   0x0002ade4   0x0000008c   Code   RO         1950    i.nrf_drv_uart_init  nrf_drv_uart.o
    0x0002ae70   0x0002ae70   0x00000044   Code   RO         4813    i.nrf_drv_uart_rx   app_uart_fifo.o
    0x0002aeb4   0x0002aeb4   0x00000044   Code   RO         4814    i.nrf_drv_uart_tx   app_uart_fifo.o
    0x0002aef8   0x0002aef8   0x0000002a   Code   RO         4255    i.nrf_fprintf       nrf_fprintf.o
    0x0002af22   0x0002af22   0x0000001c   Code   RO         4256    i.nrf_fprintf_buffer_flush  nrf_fprintf.o
    0x0002af3e   0x0002af3e   0x000001f0   Code   RO         4296    i.nrf_fprintf_fmt   nrf_fprintf_format.o
    0x0002b12e   0x0002b12e   0x00000028   Code   RO          567    i.nrf_gpio_cfg      boards.o
    0x0002b156   0x0002b156   0x00000028   Code   RO         2177    i.nrf_gpio_cfg      nrfx_gpiote.o
    0x0002b17e   0x0002b17e   0x00000028   Code   RO         2597    i.nrf_gpio_cfg      nrfx_uart.o
    0x0002b1a6   0x0002b1a6   0x00000028   Code   RO         2842    i.nrf_gpio_cfg      nrfx_uarte.o
    0x0002b1ce   0x0002b1ce   0x0000001a   Code   RO         2599    i.nrf_gpio_cfg_input  nrfx_uart.o
    0x0002b1e8   0x0002b1e8   0x0000001a   Code   RO         2844    i.nrf_gpio_cfg_input  nrfx_uarte.o
    0x0002b202   0x0002b202   0x00000018   Code   RO         2600    i.nrf_gpio_cfg_output  nrfx_uart.o
    0x0002b21a   0x0002b21a   0x00000018   Code   RO         2845    i.nrf_gpio_cfg_output  nrfx_uarte.o
    0x0002b232   0x0002b232   0x00000032   Code   RO         2179    i.nrf_gpio_cfg_sense_set  nrfx_gpiote.o
    0x0002b264   0x0002b264   0x00000034   Code   RO         2180    i.nrf_gpio_latches_read_and_clear  nrfx_gpiote.o
    0x0002b298   0x0002b298   0x00000022   Code   RO         2182    i.nrf_gpio_pin_present_check  nrfx_gpiote.o
    0x0002b2ba   0x0002b2ba   0x00000018   Code   RO         2183    i.nrf_gpio_pin_read  nrfx_gpiote.o
    0x0002b2d2   0x0002b2d2   0x00000016   Code   RO         2601    i.nrf_gpio_pin_set  nrfx_uart.o
    0x0002b2e8   0x0002b2e8   0x00000016   Code   RO         2846    i.nrf_gpio_pin_set  nrfx_uarte.o
    0x0002b2fe   0x0002b2fe   0x0000003a   Code   RO          568    i.nrf_gpio_pin_write  boards.o
    0x0002b338   0x0002b338   0x0000000c   Code   RO         2185    i.nrf_gpiote_event_addr_get  nrfx_gpiote.o
    0x0002b344   0x0002b344   0x0000001c   Code   RO         2186    i.nrf_gpiote_event_clear  nrfx_gpiote.o
    0x0002b360   0x0002b360   0x00000016   Code   RO         2187    i.nrf_gpiote_event_is_set  nrfx_gpiote.o
    0x0002b376   0x0002b376   0x00000002   PAD
    0x0002b378   0x0002b378   0x0000000c   Code   RO         2188    i.nrf_gpiote_int_enable  nrfx_gpiote.o
    0x0002b384   0x0002b384   0x00000054   Code   RO         5099    i.nrf_log_backend_add  nrf_log_frontend.o
    0x0002b3d8   0x0002b3d8   0x00000002   Code   RO         4932    i.nrf_log_backend_rtt_flush  nrf_log_backend_rtt.o
    0x0002b3da   0x0002b3da   0x00000008   Code   RO         4933    i.nrf_log_backend_rtt_init  nrf_log_backend_rtt.o
    0x0002b3e2   0x0002b3e2   0x00000002   Code   RO         4934    i.nrf_log_backend_rtt_panic_set  nrf_log_backend_rtt.o
    0x0002b3e4   0x0002b3e4   0x00000020   Code   RO         4935    i.nrf_log_backend_rtt_put  nrf_log_backend_rtt.o
    0x0002b404   0x0002b404   0x000000f2   Code   RO         5003    i.nrf_log_backend_serial_put  nrf_log_backend_serial.o
    0x0002b4f6   0x0002b4f6   0x00000002   PAD
    0x0002b4f8   0x0002b4f8   0x00000038   Code   RO         5101    i.nrf_log_color_id_get  nrf_log_frontend.o
    0x0002b530   0x0002b530   0x00000028   Code   RO         5055    i.nrf_log_default_backends_init  nrf_log_default_backends.o
    0x0002b558   0x0002b558   0x0000031c   Code   RO         5102    i.nrf_log_frontend_dequeue  nrf_log_frontend.o
    0x0002b874   0x0002b874   0x00000014   Code   RO         5104    i.nrf_log_frontend_std_0  nrf_log_frontend.o
    0x0002b888   0x0002b888   0x00000018   Code   RO         5105    i.nrf_log_frontend_std_1  nrf_log_frontend.o
    0x0002b8a0   0x0002b8a0   0x00000020   Code   RO         5106    i.nrf_log_frontend_std_2  nrf_log_frontend.o
    0x0002b8c0   0x0002b8c0   0x000000bc   Code   RO         5295    i.nrf_log_hexdump_entry_process  nrf_log_str_formatter.o
    0x0002b97c   0x0002b97c   0x00000048   Code   RO         5111    i.nrf_log_init      nrf_log_frontend.o
    0x0002b9c4   0x0002b9c4   0x00000014   Code   RO         5112    i.nrf_log_module_cnt_get  nrf_log_frontend.o
    0x0002b9d8   0x0002b9d8   0x00000024   Code   RO         5116    i.nrf_log_module_name_get  nrf_log_frontend.o
    0x0002b9fc   0x0002b9fc   0x00000034   Code   RO         5117    i.nrf_log_panic     nrf_log_frontend.o
    0x0002ba30   0x0002ba30   0x000000c8   Code   RO         5296    i.nrf_log_std_entry_process  nrf_log_str_formatter.o
    0x0002baf8   0x0002baf8   0x0000007a   Code   RO         3876    i.nrf_memobj_alloc  nrf_memobj.o
    0x0002bb72   0x0002bb72   0x00000040   Code   RO         3877    i.nrf_memobj_free   nrf_memobj.o
    0x0002bbb2   0x0002bbb2   0x00000010   Code   RO         3878    i.nrf_memobj_get    nrf_memobj.o
    0x0002bbc2   0x0002bbc2   0x0000000c   Code   RO         3879    i.nrf_memobj_pool_init  nrf_memobj.o
    0x0002bbce   0x0002bbce   0x0000001e   Code   RO         3880    i.nrf_memobj_put    nrf_memobj.o
    0x0002bbec   0x0002bbec   0x00000022   Code   RO         3881    i.nrf_memobj_read   nrf_memobj.o
    0x0002bc0e   0x0002bc0e   0x00000022   Code   RO         3882    i.nrf_memobj_write  nrf_memobj.o
    0x0002bc30   0x0002bc30   0x00000016   Code   RO         3953    i.nrf_mtx_unlock    nrf_pwr_mgmt.o
    0x0002bc46   0x0002bc46   0x00000002   PAD
    0x0002bc48   0x0002bc48   0x00000040   Code   RO         3955    i.nrf_pwr_mgmt_init  nrf_pwr_mgmt.o
    0x0002bc88   0x0002bc88   0x0000006c   Code   RO         3956    i.nrf_pwr_mgmt_run  nrf_pwr_mgmt.o
    0x0002bcf4   0x0002bcf4   0x00000064   Code   RO         3957    i.nrf_pwr_mgmt_shutdown  nrf_pwr_mgmt.o
    0x0002bd58   0x0002bd58   0x00000010   Code   RO           23    i.nrf_qwr_error_handler  main.o
    0x0002bd68   0x0002bd68   0x0000001c   Code   RO         4344    i.nrf_ringbuf_init  nrf_ringbuf.o
    0x0002bd84   0x0002bd84   0x0000000c   Code   RO         4055    i.nrf_rtc_cc_get    drv_rtc.o
    0x0002bd90   0x0002bd90   0x0000000a   Code   RO         4056    i.nrf_rtc_cc_set    drv_rtc.o
    0x0002bd9a   0x0002bd9a   0x00000008   Code   RO         4057    i.nrf_rtc_counter_get  drv_rtc.o
    0x0002bda2   0x0002bda2   0x0000000e   Code   RO         4058    i.nrf_rtc_event_clear  drv_rtc.o
    0x0002bdb0   0x0002bdb0   0x00000006   Code   RO         4059    i.nrf_rtc_event_disable  drv_rtc.o
    0x0002bdb6   0x0002bdb6   0x00000006   Code   RO         4060    i.nrf_rtc_event_enable  drv_rtc.o
    0x0002bdbc   0x0002bdbc   0x00000006   Code   RO         4061    i.nrf_rtc_int_disable  drv_rtc.o
    0x0002bdc2   0x0002bdc2   0x00000006   Code   RO         4062    i.nrf_rtc_int_enable  drv_rtc.o
    0x0002bdc8   0x0002bdc8   0x00000006   Code   RO         4063    i.nrf_rtc_task_trigger  drv_rtc.o
    0x0002bdce   0x0002bdce   0x00000002   PAD
    0x0002bdd0   0x0002bdd0   0x00000018   Code   RO         5742    i.nrf_sdh_ble_app_ram_start_get  nrf_sdh_ble.o
    0x0002bde8   0x0002bde8   0x000001a0   Code   RO         5743    i.nrf_sdh_ble_default_cfg_set  nrf_sdh_ble.o
    0x0002bf88   0x0002bf88   0x0000014c   Code   RO         5744    i.nrf_sdh_ble_enable  nrf_sdh_ble.o
    0x0002c0d4   0x0002c0d4   0x00000074   Code   RO         5745    i.nrf_sdh_ble_evts_poll  nrf_sdh_ble.o
    0x0002c148   0x0002c148   0x00000084   Code   RO         5614    i.nrf_sdh_enable_request  nrf_sdh.o
    0x0002c1cc   0x0002c1cc   0x00000030   Code   RO         5615    i.nrf_sdh_evts_poll  nrf_sdh.o
    0x0002c1fc   0x0002c1fc   0x0000000c   Code   RO         5616    i.nrf_sdh_is_enabled  nrf_sdh.o
    0x0002c208   0x0002c208   0x00000054   Code   RO         5801    i.nrf_sdh_soc_evts_poll  nrf_sdh_soc.o
    0x0002c25c   0x0002c25c   0x00000006   Code   RO         5621    i.nrf_section_iter_get  nrf_sdh.o
    0x0002c262   0x0002c262   0x00000014   Code   RO         4402    i.nrf_section_iter_init  nrf_section_iter.o
    0x0002c276   0x0002c276   0x0000002e   Code   RO         4403    i.nrf_section_iter_item_set  nrf_section_iter.o
    0x0002c2a4   0x0002c2a4   0x0000002e   Code   RO         4404    i.nrf_section_iter_next  nrf_section_iter.o
    0x0002c2d2   0x0002c2d2   0x00000028   Code   RO         4668    i.nrf_sortlist_add  nrf_sortlist.o
    0x0002c2fa   0x0002c2fa   0x00000008   Code   RO         4670    i.nrf_sortlist_peek  nrf_sortlist.o
    0x0002c302   0x0002c302   0x00000018   Code   RO         4671    i.nrf_sortlist_pop  nrf_sortlist.o
    0x0002c31a   0x0002c31a   0x00000026   Code   RO         4672    i.nrf_sortlist_remove  nrf_sortlist.o
    0x0002c340   0x0002c340   0x00000040   Code   RO         4635    i.nrf_strerror_find  nrf_strerror.o
    0x0002c380   0x0002c380   0x0000001c   Code   RO         4636    i.nrf_strerror_get  nrf_strerror.o
    0x0002c39c   0x0002c39c   0x0000000c   Code   RO         2602    i.nrf_uart_errorsrc_get_and_clear  nrfx_uart.o
    0x0002c3a8   0x0002c3a8   0x0000000e   Code   RO         2603    i.nrf_uart_event_check  nrfx_uart.o
    0x0002c3b6   0x0002c3b6   0x0000000e   Code   RO         2604    i.nrf_uart_event_clear  nrfx_uart.o
    0x0002c3c4   0x0002c3c4   0x0000000a   Code   RO         2605    i.nrf_uart_hwfc_pins_set  nrfx_uart.o
    0x0002c3ce   0x0002c3ce   0x00000006   Code   RO         2606    i.nrf_uart_int_disable  nrfx_uart.o
    0x0002c3d4   0x0002c3d4   0x00000006   Code   RO         2607    i.nrf_uart_int_enable  nrfx_uart.o
    0x0002c3da   0x0002c3da   0x00000012   Code   RO         2608    i.nrf_uart_int_enable_check  nrfx_uart.o
    0x0002c3ec   0x0002c3ec   0x00000006   Code   RO         2609    i.nrf_uart_task_trigger  nrfx_uart.o
    0x0002c3f2   0x0002c3f2   0x0000000a   Code   RO         2610    i.nrf_uart_txrx_pins_set  nrfx_uart.o
    0x0002c3fc   0x0002c3fc   0x0000000c   Code   RO         2847    i.nrf_uarte_errorsrc_get_and_clear  nrfx_uarte.o
    0x0002c408   0x0002c408   0x0000000e   Code   RO         2848    i.nrf_uarte_event_check  nrfx_uarte.o
    0x0002c416   0x0002c416   0x0000000e   Code   RO         2849    i.nrf_uarte_event_clear  nrfx_uarte.o
    0x0002c424   0x0002c424   0x0000000c   Code   RO         2850    i.nrf_uarte_hwfc_pins_set  nrfx_uarte.o
    0x0002c430   0x0002c430   0x00000006   Code   RO         2851    i.nrf_uarte_int_disable  nrfx_uarte.o
    0x0002c436   0x0002c436   0x00000006   Code   RO         2852    i.nrf_uarte_int_enable  nrfx_uarte.o
    0x0002c43c   0x0002c43c   0x0000000a   Code   RO         2853    i.nrf_uarte_rx_amount_get  nrfx_uarte.o
    0x0002c446   0x0002c446   0x0000000c   Code   RO         2854    i.nrf_uarte_shorts_disable  nrfx_uarte.o
    0x0002c452   0x0002c452   0x00000006   Code   RO         2855    i.nrf_uarte_task_trigger  nrfx_uarte.o
    0x0002c458   0x0002c458   0x0000000a   Code   RO         2856    i.nrf_uarte_tx_amount_get  nrfx_uarte.o
    0x0002c462   0x0002c462   0x0000000e   Code   RO         2857    i.nrf_uarte_txrx_pins_set  nrfx_uarte.o
    0x0002c470   0x0002c470   0x00000014   Code   RO         1792    i.nrf_wdt_started   nrf_drv_clock.o
    0x0002c484   0x0002c484   0x00000014   Code   RO         2013    i.nrfx_clock_enable  nrfx_clock.o
    0x0002c498   0x0002c498   0x00000024   Code   RO         2016    i.nrfx_clock_init   nrfx_clock.o
    0x0002c4bc   0x0002c4bc   0x0000002c   Code   RO         2019    i.nrfx_clock_lfclk_stop  nrfx_clock.o
    0x0002c4e8   0x0002c4e8   0x00000018   Code   RO         4064    i.nrfx_coredep_delay_us  drv_rtc.o
    0x0002c500   0x0002c500   0x00000008   Code   RO         2021    i.nrfx_get_irq_number  nrfx_clock.o
    0x0002c508   0x0002c508   0x00000008   Code   RO         2191    i.nrfx_get_irq_number  nrfx_gpiote.o
    0x0002c510   0x0002c510   0x00000008   Code   RO         2611    i.nrfx_get_irq_number  nrfx_uart.o
    0x0002c518   0x0002c518   0x00000008   Code   RO         2858    i.nrfx_get_irq_number  nrfx_uarte.o
    0x0002c520   0x0002c520   0x000000ac   Code   RO         2197    i.nrfx_gpiote_in_event_enable  nrfx_gpiote.o
    0x0002c5cc   0x0002c5cc   0x000000f4   Code   RO         2199    i.nrfx_gpiote_in_init  nrfx_gpiote.o
    0x0002c6c0   0x0002c6c0   0x00000014   Code   RO         2200    i.nrfx_gpiote_in_is_set  nrfx_gpiote.o
    0x0002c6d4   0x0002c6d4   0x000000d4   Code   RO         2202    i.nrfx_gpiote_init  nrfx_gpiote.o
    0x0002c7a8   0x0002c7a8   0x00000014   Code   RO         2203    i.nrfx_gpiote_is_init  nrfx_gpiote.o
    0x0002c7bc   0x0002c7bc   0x00000014   Code   RO         2859    i.nrfx_is_in_ram    nrfx_uarte.o
    0x0002c7d0   0x0002c7d0   0x000000b0   Code   RO         2022    i.nrfx_power_clock_irq_init  nrfx_clock.o
    0x0002c880   0x0002c880   0x0000004e   Code   RO         2541    i.nrfx_prs_acquire  nrfx_prs.o
    0x0002c8ce   0x0002c8ce   0x00000002   PAD
    0x0002c8d0   0x0002c8d0   0x00000014   Code   RO         2612    i.nrfx_uart_0_irq_handler  nrfx_uart.o
    0x0002c8e4   0x0002c8e4   0x00000088   Code   RO         2614    i.nrfx_uart_init    nrfx_uart.o
    0x0002c96c   0x0002c96c   0x00000124   Code   RO         2615    i.nrfx_uart_rx      nrfx_uart.o
    0x0002ca90   0x0002ca90   0x0000008c   Code   RO         2620    i.nrfx_uart_tx      nrfx_uart.o
    0x0002cb1c   0x0002cb1c   0x00000024   Code   RO         2622    i.nrfx_uart_tx_in_progress  nrfx_uart.o
    0x0002cb40   0x0002cb40   0x00000014   Code   RO         2860    i.nrfx_uarte_0_irq_handler  nrfx_uarte.o
    0x0002cb54   0x0002cb54   0x00000080   Code   RO         2862    i.nrfx_uarte_init   nrfx_uarte.o
    0x0002cbd4   0x0002cbd4   0x00000138   Code   RO         2863    i.nrfx_uarte_rx     nrfx_uarte.o
    0x0002cd0c   0x0002cd0c   0x000000c0   Code   RO         2866    i.nrfx_uarte_tx     nrfx_uarte.o
    0x0002cdcc   0x0002cdcc   0x00000020   Code   RO         2868    i.nrfx_uarte_tx_in_progress  nrfx_uarte.o
    0x0002cdec   0x0002cdec   0x00000078   Code   RO           24    i.on_adv_evt        main.o
    0x0002ce64   0x0002ce64   0x00000014   Code   RO         3373    i.on_compare1_evt   app_timer2.o
    0x0002ce78   0x0002ce78   0x00000020   Code   RO         3374    i.on_compare_evt    app_timer2.o
    0x0002ce98   0x0002ce98   0x0000002c   Code   RO           25    i.on_conn_params_evt  main.o
    0x0002cec4   0x0002cec4   0x00000030   Code   RO         1012    i.on_conn_params_update  ble_conn_params.o
    0x0002cef4   0x0002cef4   0x00000070   Code   RO         1013    i.on_connect        ble_conn_params.o
    0x0002cf64   0x0002cf64   0x000000d4   Code   RO         1724    i.on_connect        my_ble_uarts.o
    0x0002d038   0x0002d038   0x0000000c   Code   RO         5840    i.on_connect        ble_dfu.o
    0x0002d044   0x0002d044   0x0000000e   Code   RO         1382    i.on_connected      ble_advertising.o
    0x0002d052   0x0002d052   0x00000002   PAD
    0x0002d054   0x0002d054   0x000000c4   Code   RO         1528    i.on_connected_evt  nrf_ble_gatt.o
    0x0002d118   0x0002d118   0x0000007c   Code   RO         5841    i.on_ctrlpt_write   ble_dfu.o
    0x0002d194   0x0002d194   0x00000054   Code   RO         1529    i.on_data_length_update_evt  nrf_ble_gatt.o
    0x0002d1e8   0x0002d1e8   0x00000030   Code   RO         1530    i.on_data_length_update_request_evt  nrf_ble_gatt.o
    0x0002d218   0x0002d218   0x00000032   Code   RO         1014    i.on_disconnect     ble_conn_params.o
    0x0002d24a   0x0002d24a   0x00000002   PAD
    0x0002d24c   0x0002d24c   0x0000001c   Code   RO         5842    i.on_disconnect     ble_dfu.o
    0x0002d268   0x0002d268   0x00000032   Code   RO         1383    i.on_disconnected   ble_advertising.o
    0x0002d29a   0x0002d29a   0x00000014   Code   RO         1531    i.on_disconnected_evt  nrf_ble_gatt.o
    0x0002d2ae   0x0002d2ae   0x00000002   PAD
    0x0002d2b0   0x0002d2b0   0x000000c8   Code   RO         1532    i.on_exchange_mtu_request_evt  nrf_ble_gatt.o
    0x0002d378   0x0002d378   0x00000064   Code   RO         1533    i.on_exchange_mtu_rsp_evt  nrf_ble_gatt.o
    0x0002d3dc   0x0002d3dc   0x0000002c   Code   RO         5843    i.on_hvc            ble_dfu.o
    0x0002d408   0x0002d408   0x000000a0   Code   RO         1725    i.on_hvx_tx_complete  my_ble_uarts.o
    0x0002d4a8   0x0002d4a8   0x0000001c   Code   RO         3375    i.on_overflow_evt   app_timer2.o
    0x0002d4c4   0x0002d4c4   0x00000044   Code   RO         5844    i.on_rw_authorize_req  ble_dfu.o
    0x0002d508   0x0002d508   0x0000006a   Code   RO         1644    i.on_rw_authorize_request  nrf_ble_qwr.o
    0x0002d572   0x0002d572   0x00000040   Code   RO         1384    i.on_terminated     ble_advertising.o
    0x0002d5b2   0x0002d5b2   0x00000002   Code   RO         1645    i.on_user_mem_release  nrf_ble_qwr.o
    0x0002d5b4   0x0002d5b4   0x00000020   Code   RO         1646    i.on_user_mem_request  nrf_ble_qwr.o
    0x0002d5d4   0x0002d5d4   0x00000058   Code   RO         1015    i.on_write          ble_conn_params.o
    0x0002d62c   0x0002d62c   0x000000f4   Code   RO         1726    i.on_write          my_ble_uarts.o
    0x0002d720   0x0002d720   0x00000016   Code   RO         1385    i.phy_is_valid      ble_advertising.o
    0x0002d736   0x0002d736   0x00000002   PAD
    0x0002d738   0x0002d738   0x00000020   Code   RO         2221    i.pin_configured_set  nrfx_gpiote.o
    0x0002d758   0x0002d758   0x0000001c   Code   RO         2222    i.pin_in_use_by_gpiote  nrfx_gpiote.o
    0x0002d774   0x0002d774   0x00000018   Code   RO         2223    i.pin_in_use_by_port  nrfx_gpiote.o
    0x0002d78c   0x0002d78c   0x00000020   Code   RO         2224    i.pin_in_use_by_te  nrfx_gpiote.o
    0x0002d7ac   0x0002d7ac   0x0000000c   Code   RO         2225    i.pin_in_use_clear  nrfx_gpiote.o
    0x0002d7b8   0x0002d7b8   0x000000c0   Code   RO         2226    i.port_event_handle  nrfx_gpiote.o
    0x0002d878   0x0002d878   0x00000010   Code   RO         2227    i.port_handler_pin_get  nrfx_gpiote.o
    0x0002d888   0x0002d888   0x00000010   Code   RO         2228    i.port_handler_polarity_get  nrfx_gpiote.o
    0x0002d898   0x0002d898   0x00000048   Code   RO         5298    i.postfix_process   nrf_log_str_formatter.o
    0x0002d8e0   0x0002d8e0   0x0000001c   Code   RO           26    i.power_management_init  main.o
    0x0002d8fc   0x0002d8fc   0x000000a4   Code   RO         5299    i.prefix_process    nrf_log_str_formatter.o
    0x0002d9a0   0x0002d9a0   0x00000018   Code   RO         2543    i.prs_box_get       nrfx_prs.o
    0x0002d9b8   0x0002d9b8   0x00000010   Code   RO         5746    i.ram_end_address_get  nrf_sdh_ble.o
    0x0002d9c8   0x0002d9c8   0x00000028   Code   RO         1125    i.record_activate   ble_conn_state.o
    0x0002d9f0   0x0002d9f0   0x00000020   Code   RO         1126    i.record_invalidate  ble_conn_state.o
    0x0002da10   0x0002da10   0x00000048   Code   RO         1127    i.record_purge_disconnected  ble_conn_state.o
    0x0002da58   0x0002da58   0x00000014   Code   RO         1128    i.record_set_disconnected  ble_conn_state.o
    0x0002da6c   0x0002da6c   0x0000003e   Code   RO         3376    i.rtc_irq           app_timer2.o
    0x0002daaa   0x0002daaa   0x00000002   PAD
    0x0002daac   0x0002daac   0x0000007c   Code   RO         3377    i.rtc_schedule      app_timer2.o
    0x0002db28   0x0002db28   0x000000a4   Code   RO         3378    i.rtc_update        app_timer2.o
    0x0002dbcc   0x0002dbcc   0x0000003e   Code   RO         2625    i.rx_byte           nrfx_uart.o
    0x0002dc0a   0x0002dc0a   0x0000001c   Code   RO         2626    i.rx_done_event     nrfx_uart.o
    0x0002dc26   0x0002dc26   0x0000001c   Code   RO         2871    i.rx_done_event     nrfx_uarte.o
    0x0002dc42   0x0002dc42   0x00000022   Code   RO         2627    i.rx_enable         nrfx_uart.o
    0x0002dc64   0x0002dc64   0x000000a4   Code   RO         5623    i.sd_nvic_EnableIRQ  nrf_sdh.o
    0x0002dd08   0x0002dd08   0x00000068   Code   RO         4537    i.sd_nvic_critical_region_enter  app_util_platform.o
    0x0002dd70   0x0002dd70   0x00000090   Code   RO         1793    i.sd_state_evt_handler  nrf_drv_clock.o
    0x0002de00   0x0002de00   0x0000003c   Code   RO         5624    i.sdh_request_observer_notify  nrf_sdh.o
    0x0002de3c   0x0002de3c   0x00000034   Code   RO         5625    i.sdh_state_observer_notify  nrf_sdh.o
    0x0002de70   0x0002de70   0x00000018   Code   RO         1016    i.send_error_evt    ble_conn_params.o
    0x0002de88   0x0002de88   0x00000024   Code   RO         1017    i.send_update_request  ble_conn_params.o
    0x0002deac   0x0002deac   0x00000084   Code   RO         4936    i.serial_tx         nrf_log_backend_rtt.o
    0x0002df30   0x0002df30   0x00000096   Code   RO          892    i.service_data_encode  ble_advdata.o
    0x0002dfc6   0x0002dfc6   0x00000002   PAD
    0x0002dfc8   0x0002dfc8   0x00000080   Code   RO           27    i.services_init     main.o
    0x0002e048   0x0002e048   0x00000030   Code   RO         1386    i.set_adv_mode_directed  ble_advertising.o
    0x0002e078   0x0002e078   0x00000024   Code   RO         1387    i.set_adv_mode_directed_high_duty  ble_advertising.o
    0x0002e09c   0x0002e09c   0x0000005c   Code   RO         1388    i.set_adv_mode_fast  ble_advertising.o
    0x0002e0f8   0x0002e0f8   0x0000005c   Code   RO         1389    i.set_adv_mode_slow  ble_advertising.o
    0x0002e154   0x0002e154   0x00000060   Code   RO         5981    i.set_adv_name      ble_dfu_unbonded.o
    0x0002e1b4   0x0002e1b4   0x000000be   Code   RO         1302    i.set_security_req  ble_srv_common.o
    0x0002e272   0x0002e272   0x00000002   PAD
    0x0002e274   0x0002e274   0x000000cc   Code   RO         3958    i.shutdown_process  nrf_pwr_mgmt.o
    0x0002e340   0x0002e340   0x0000001c   Code   RO         1794    i.soc_evt_handler   nrf_drv_clock.o
    0x0002e35c   0x0002e35c   0x0000001e   Code   RO         5627    i.softdevices_evt_irq_enable  nrf_sdh.o
    0x0002e37a   0x0002e37a   0x00000014   Code   RO         3379    i.sorted_list_stop_all  app_timer2.o
    0x0002e38e   0x0002e38e   0x00000002   PAD
    0x0002e390   0x0002e390   0x00000018   Code   RO         3380    i.sortlist_pop      app_timer2.o
    0x0002e3a8   0x0002e3a8   0x00000020   Code   RO         3211    i.state_get         app_button.o
    0x0002e3c8   0x0002e3c8   0x00000048   Code   RO         3212    i.state_set         app_button.o
    0x0002e410   0x0002e410   0x00000064   Code   RO         5119    i.std_header_set    nrf_log_frontend.o
    0x0002e474   0x0002e474   0x00000070   Code   RO         5120    i.std_n             nrf_log_frontend.o
    0x0002e4e4   0x0002e4e4   0x00000074   Code   RO         4297    i.string_print      nrf_fprintf_format.o
    0x0002e558   0x0002e558   0x0000000a   Code   RO         4065    i.ticks_sub         drv_rtc.o
    0x0002e562   0x0002e562   0x00000002   PAD
    0x0002e564   0x0002e564   0x0000006c   Code   RO         3381    i.timer_expire      app_timer2.o
    0x0002e5d0   0x0002e5d0   0x00000094   Code   RO         3382    i.timer_req_process  app_timer2.o
    0x0002e664   0x0002e664   0x00000040   Code   RO         3383    i.timer_req_schedule  app_timer2.o
    0x0002e6a4   0x0002e6a4   0x00000020   Code   RO         3213    i.timer_start       app_button.o
    0x0002e6c4   0x0002e6c4   0x0000001c   Code   RO           28    i.timers_init       main.o
    0x0002e6e0   0x0002e6e0   0x00000002   Code   RO         5300    i.timestamp_print   nrf_log_str_formatter.o
    0x0002e6e2   0x0002e6e2   0x00000036   Code   RO         2628    i.tx_blocking       nrfx_uart.o
    0x0002e718   0x0002e718   0x00000026   Code   RO         2629    i.tx_byte           nrfx_uart.o
    0x0002e73e   0x0002e73e   0x00000020   Code   RO         2630    i.tx_done_event     nrfx_uart.o
    0x0002e75e   0x0002e75e   0x00000020   Code   RO         2872    i.tx_done_event     nrfx_uarte.o
    0x0002e77e   0x0002e77e   0x00000036   Code   RO          893    i.tx_power_level_encode  ble_advdata.o
    0x0002e7b4   0x0002e7b4   0x0000005c   Code   RO          501    i.uart_config       uart.o
    0x0002e810   0x0002e810   0x000000dc   Code   RO          502    i.uart_event_handle  uart.o
    0x0002e8ec   0x0002e8ec   0x000000e4   Code   RO         4815    i.uart_event_handler  app_uart_fifo.o
    0x0002e9d0   0x0002e9d0   0x00000038   Code   RO         1951    i.uart_evt_handler  nrf_drv_uart.o
    0x0002ea08   0x0002ea08   0x0000014e   Code   RO         2631    i.uart_irq_handler  nrfx_uart.o
    0x0002eb56   0x0002eb56   0x00000002   PAD
    0x0002eb58   0x0002eb58   0x00000038   Code   RO         1952    i.uarte_evt_handler  nrf_drv_uart.o
    0x0002eb90   0x0002eb90   0x00000134   Code   RO         2873    i.uarte_irq_handler  nrfx_uarte.o
    0x0002ecc4   0x0002ecc4   0x000000d4   Code   RO           29    i.uarts_data_handler  main.o
    0x0002ed98   0x0002ed98   0x0000000c   Code   RO         1303    i.uint16_decode     ble_srv_common.o
    0x0002eda4   0x0002eda4   0x0000000c   Code   RO          894    i.uint16_encode     ble_advdata.o
    0x0002edb0   0x0002edb0   0x000000b8   Code   RO         4298    i.unsigned_print    nrf_fprintf_format.o
    0x0002ee68   0x0002ee68   0x00000074   Code   RO         1018    i.update_timeout_handler  ble_conn_params.o
    0x0002eedc   0x0002eedc   0x0000001e   Code   RO         1390    i.use_whitelist     ble_advertising.o
    0x0002eefa   0x0002eefa   0x0000002c   Code   RO         1647    i.user_mem_reply    nrf_ble_qwr.o
    0x0002ef26   0x0002ef26   0x0000001e   Code   RO         3214    i.usr_event         app_button.o
    0x0002ef44   0x0002ef44   0x0000004e   Code   RO          895    i.uuid_list_encode  ble_advdata.o
    0x0002ef92   0x0002ef92   0x000000d6   Code   RO          896    i.uuid_list_sized_encode  ble_advdata.o
    0x0002f068   0x0002f068   0x00000008   Code   RO         1391    i.whitelist_has_entries  ble_advertising.o
    0x0002f070   0x0002f070   0x00000018   Data   RO          505    .constdata          uart.o
    0x0002f088   0x0002f088   0x00000008   Data   RO          569    .constdata          boards.o
    0x0002f090   0x0002f090   0x0000002c   Data   RO          723    .constdata          bsp.o
    0x0002f0bc   0x0002f0bc   0x00000016   Data   RO         1534    .constdata          nrf_ble_gatt.o
    0x0002f0d2   0x0002f0d2   0x00000002   PAD
    0x0002f0d4   0x0002f0d4   0x00000010   Data   RO         1727    .constdata          my_ble_uarts.o
    0x0002f0e4   0x0002f0e4   0x0000003e   Data   RO         2230    .constdata          nrfx_gpiote.o
    0x0002f122   0x0002f122   0x00000002   PAD
    0x0002f124   0x0002f124   0x0000002e   Data   RO         2633    .constdata          nrfx_uart.o
    0x0002f152   0x0002f152   0x00000002   PAD
    0x0002f154   0x0002f154   0x00000030   Data   RO         2875    .constdata          nrfx_uarte.o
    0x0002f184   0x0002f184   0x00000007   Data   RO         3216    .constdata          app_button.o
    0x0002f18b   0x0002f18b   0x00000001   PAD
    0x0002f18c   0x0002f18c   0x00000014   Data   RO         3385    .constdata          app_timer2.o
    0x0002f1a0   0x0002f1a0   0x00000024   Data   RO         3960    .constdata          nrf_pwr_mgmt.o
    0x0002f1c4   0x0002f1c4   0x0000000c   PAD
    0x0002f1d0   0x0002f1d0   0x00000006   Data   RO         4066    .constdata          drv_rtc.o
    0x0002f1d6   0x0002f1d6   0x00000010   Data   RO         4299    .constdata          nrf_fprintf_format.o
    0x0002f1e6   0x0002f1e6   0x00000002   PAD
    0x0002f1e8   0x0002f1e8   0x0000013c   Data   RO         4637    .constdata          nrf_strerror.o
    0x0002f324   0x0002f324   0x00000020   Data   RO         4817    .constdata          app_uart_fifo.o
    0x0002f344   0x0002f344   0x0000000c   PAD
    0x0002f350   0x0002f350   0x00000016   Data   RO         4938    .constdata          nrf_log_backend_rtt.o
    0x0002f366   0x0002f366   0x00000002   PAD
    0x0002f368   0x0002f368   0x0000000c   Data   RO         5122    .constdata          nrf_log_frontend.o
    0x0002f374   0x0002f374   0x00000058   Data   RO         5628    .constdata          nrf_sdh.o
    0x0002f3cc   0x0002f3cc   0x00000030   Data   RO         5747    .constdata          nrf_sdh_ble.o
    0x0002f3fc   0x0002f3fc   0x0000001c   Data   RO         5802    .constdata          nrf_sdh_soc.o
    0x0002f418   0x0002f418   0x00000018   Data   RO         5846    .constdata          ble_dfu.o
    0x0002f430   0x0002f430   0x00000081   Data   RO         7972    .constdata          mc_w.l(ctype_o.o)
    0x0002f4b1   0x0002f4b1   0x00000003   PAD
    0x0002f4b4   0x0002f4b4   0x00000004   Data   RO         7973    .constdata          mc_w.l(ctype_o.o)
    0x0002f4b8   0x0002f4b8   0x00000041   Data   RO           32    .conststring        main.o
    0x0002f4f9   0x0002f4f9   0x00000003   PAD
    0x0002f4fc   0x0002f4fc   0x000000a2   Data   RO         1535    .conststring        nrf_ble_gatt.o
    0x0002f59e   0x0002f59e   0x00000002   PAD
    0x0002f5a0   0x0002f5a0   0x000003eb   Data   RO         4638    .conststring        nrf_strerror.o
    0x0002f98b   0x0002f98b   0x00000001   PAD
    0x0002f98c   0x0002f98c   0x00000066   Data   RO         5301    .conststring        nrf_log_str_formatter.o
    0x0002f9f2   0x0002f9f2   0x00000002   PAD
    0x0002f9f4   0x0002f9f4   0x000001cf   Data   RO         5748    .conststring        nrf_sdh_ble.o
    0x0002fbc3   0x0002fbc3   0x00000001   PAD
    0x0002fbc4   0x0002fbc4   0x000000ce   Data   RO         5983    .conststring        ble_dfu_unbonded.o
    0x0002fc92   0x0002fc92   0x00000002   PAD
    0x0002fc94   0x0002fc94   0x0000000d   Data   RO         1536    .conststrlit        nrf_ble_gatt.o
    0x0002fca1   0x0002fca1   0x00000003   PAD
    0x0002fca4   0x0002fca4   0x00000006   Data   RO         1797    .conststrlit        nrf_drv_clock.o
    0x0002fcaa   0x0002fcaa   0x00000002   PAD
    0x0002fcac   0x0002fcac   0x00000006   Data   RO         2024    .conststrlit        nrfx_clock.o
    0x0002fcb2   0x0002fcb2   0x00000002   PAD
    0x0002fcb4   0x0002fcb4   0x00000007   Data   RO         2231    .conststrlit        nrfx_gpiote.o
    0x0002fcbb   0x0002fcbb   0x00000001   PAD
    0x0002fcbc   0x0002fcbc   0x00000004   Data   RO         2545    .conststrlit        nrfx_prs.o
    0x0002fcc0   0x0002fcc0   0x00000005   Data   RO         2634    .conststrlit        nrfx_uart.o
    0x0002fcc5   0x0002fcc5   0x00000003   PAD
    0x0002fcc8   0x0002fcc8   0x00000006   Data   RO         2876    .conststrlit        nrfx_uarte.o
    0x0002fcce   0x0002fcce   0x00000002   PAD
    0x0002fcd0   0x0002fcd0   0x0000000b   Data   RO         3217    .conststrlit        app_button.o
    0x0002fcdb   0x0002fcdb   0x00000001   PAD
    0x0002fcdc   0x0002fcdc   0x0000000a   Data   RO         3386    .conststrlit        app_timer2.o
    0x0002fce6   0x0002fce6   0x00000002   PAD
    0x0002fce8   0x0002fce8   0x00000009   Data   RO         3961    .conststrlit        nrf_pwr_mgmt.o
    0x0002fcf1   0x0002fcf1   0x00000003   PAD
    0x0002fcf4   0x0002fcf4   0x00000009   Data   RO         4673    .conststrlit        nrf_sortlist.o
    0x0002fcfd   0x0002fcfd   0x00000003   PAD
    0x0002fd00   0x0002fd00   0x00000010   Data   RO         5056    .conststrlit        nrf_log_default_backends.o
    0x0002fd10   0x0002fd10   0x00000004   Data   RO         5123    .conststrlit        nrf_log_frontend.o
    0x0002fd14   0x0002fd14   0x00000008   Data   RO         5629    .conststrlit        nrf_sdh.o
    0x0002fd1c   0x0002fd1c   0x0000000c   Data   RO         5749    .conststrlit        nrf_sdh_ble.o
    0x0002fd28   0x0002fd28   0x0000000c   Data   RO         5803    .conststrlit        nrf_sdh_soc.o
    0x0002fd34   0x0002fd34   0x00000020   Data   RO         8029    Region$$Table       anon$$obj.o
    0x0002fd54   0x0002fd54   0x00000010   Data   RO         5058    log_backends        nrf_log_default_backends.o
    0x0002fd64   0x0002fd64   0x00000008   Data   RO         1537    log_const_data      nrf_ble_gatt.o
    0x0002fd6c   0x0002fd6c   0x00000008   Data   RO         1798    log_const_data      nrf_drv_clock.o
    0x0002fd74   0x0002fd74   0x00000008   Data   RO         2026    log_const_data      nrfx_clock.o
    0x0002fd7c   0x0002fd7c   0x00000008   Data   RO         2232    log_const_data      nrfx_gpiote.o
    0x0002fd84   0x0002fd84   0x00000008   Data   RO         2547    log_const_data      nrfx_prs.o
    0x0002fd8c   0x0002fd8c   0x00000008   Data   RO         2635    log_const_data      nrfx_uart.o
    0x0002fd94   0x0002fd94   0x00000008   Data   RO         2877    log_const_data      nrfx_uarte.o
    0x0002fd9c   0x0002fd9c   0x00000008   Data   RO         3219    log_const_data      app_button.o
    0x0002fda4   0x0002fda4   0x00000008   Data   RO         3388    log_const_data      app_timer2.o
    0x0002fdac   0x0002fdac   0x00000008   Data   RO         3963    log_const_data      nrf_pwr_mgmt.o
    0x0002fdb4   0x0002fdb4   0x00000008   Data   RO         4674    log_const_data      nrf_sortlist.o
    0x0002fdbc   0x0002fdbc   0x00000008   Data   RO         5125    log_const_data      nrf_log_frontend.o
    0x0002fdc4   0x0002fdc4   0x00000008   Data   RO         5631    log_const_data      nrf_sdh.o
    0x0002fdcc   0x0002fdcc   0x00000008   Data   RO         5751    log_const_data      nrf_sdh_ble.o
    0x0002fdd4   0x0002fdd4   0x00000008   Data   RO         5804    log_const_data      nrf_sdh_soc.o
    0x0002fddc   0x0002fddc   0x00000014   Data   RO         5126    nrf_balloc          nrf_log_frontend.o
    0x0002fdf0   0x0002fdf0   0x00000004   Data   RO           34    pwr_mgmt_data0      main.o
    0x0002fdf4   0x0002fdf4   0x00000008   Data   RO         1131    sdh_ble_observers0  ble_conn_state.o
    0x0002fdfc   0x0002fdfc   0x00000010   Data   RO           35    sdh_ble_observers1  main.o
    0x0002fe0c   0x0002fe0c   0x00000008   Data   RO         1021    sdh_ble_observers1  ble_conn_params.o
    0x0002fe14   0x0002fe14   0x00000010   Data   RO           36    sdh_ble_observers2  main.o
    0x0002fe24   0x0002fe24   0x00000008   Data   RO         5847    sdh_ble_observers2  ble_dfu.o
    0x0002fe2c   0x0002fe2c   0x00000008   Data   RO           37    sdh_ble_observers3  main.o
    0x0002fe34   0x0002fe34   0x00000008   Data   RO         1799    sdh_soc_observers0  nrf_drv_clock.o
    0x0002fe3c   0x0002fe3c   0x00000008   Data   RO         5985    sdh_soc_observers1  ble_dfu_unbonded.o
    0x0002fe44   0x0002fe44   0x00000008   Data   RO         5752    sdh_stack_observers0  nrf_sdh_ble.o
    0x0002fe4c   0x0002fe4c   0x00000008   Data   RO         5805    sdh_stack_observers0  nrf_sdh_soc.o
    0x0002fe54   0x0002fe54   0x00000008   Data   RO           38    sdh_state_observers0  main.o
    0x0002fe5c   0x0002fe5c   0x00000008   Data   RO         1800    sdh_state_observers0  nrf_drv_clock.o


    Execution Region RW_IRAM1 (Exec base: 0x20002ae8, Load base: 0x0002fe64, Size: 0x000033e8, Max: 0x0000d518, ABSOLUTE, COMPRESSED[0x0000005c])

    Exec Addr    Load Addr    Size         Type   Attr      Idx    E Section Name        Object

    0x20002ae8   COMPRESSED   0x00000032   Data   RW           33    .data               main.o
    0x20002b1a   COMPRESSED   0x00000001   Data   RW          506    .data               uart.o
    0x20002b1b   COMPRESSED   0x00000001   PAD
    0x20002b1c   COMPRESSED   0x00000015   Data   RW          724    .data               bsp.o
    0x20002b31   COMPRESSED   0x00000001   PAD
    0x20002b32   COMPRESSED   0x00000008   Data   RW         1020    .data               ble_conn_params.o
    0x20002b3a   COMPRESSED   0x00000002   PAD
    0x20002b3c   COMPRESSED   0x00000009   Data   RW         1953    .data               nrf_drv_uart.o
    0x20002b45   COMPRESSED   0x00000003   PAD
    0x20002b48   COMPRESSED   0x00000008   Data   RW         2025    .data               nrfx_clock.o
    0x20002b50   COMPRESSED   0x00000008   Data   RW         2546    .data               nrfx_prs.o
    0x20002b58   COMPRESSED   0x00000018   Data   RW         3218    .data               app_button.o
    0x20002b70   COMPRESSED   0x00000024   Data   RW         3387    .data               app_timer2.o
    0x20002b94   COMPRESSED   0x00000009   Data   RW         3962    .data               nrf_pwr_mgmt.o
    0x20002b9d   COMPRESSED   0x00000003   PAD
    0x20002ba0   COMPRESSED   0x0000000c   Data   RW         4067    .data               drv_rtc.o
    0x20002bac   COMPRESSED   0x0000001b   Data   RW         4818    .data               app_uart_fifo.o
    0x20002bc7   COMPRESSED   0x00000001   Data   RW         4939    .data               nrf_log_backend_rtt.o
    0x20002bc8   COMPRESSED   0x00000008   Data   RW         5057    .data               nrf_log_default_backends.o
    0x20002bd0   COMPRESSED   0x00000014   Data   RW         5124    .data               nrf_log_frontend.o
    0x20002be4   COMPRESSED   0x00000040   Data   RW         5302    .data               nrf_log_str_formatter.o
    0x20002c24   COMPRESSED   0x00000003   Data   RW         5630    .data               nrf_sdh.o
    0x20002c27   COMPRESSED   0x00000001   Data   RW         5750    .data               nrf_sdh_ble.o
    0x20002c28   COMPRESSED   0x00000004   Data   RW         5984    .data               ble_dfu_unbonded.o
    0x20002c2c   COMPRESSED   0x00000004   Data   RW         6450    .data               system_nrf52.o
    0x20002c30        -       0x00000454   Zero   RW           30    .bss                main.o
    0x20003084        -       0x000002f4   Zero   RW          504    .bss                uart.o
    0x20003378        -       0x00000070   Zero   RW          722    .bss                bsp.o
    0x200033e8        -       0x00000050   Zero   RW         1019    .bss                ble_conn_params.o
    0x20003438        -       0x0000007c   Zero   RW         1130    .bss                ble_conn_state.o
    0x200034b4        -       0x00000014   Zero   RW         1795    .bss                nrf_drv_clock.o
    0x200034c8        -       0x0000005c   Zero   RW         2229    .bss                nrfx_gpiote.o
    0x20003524        -       0x0000002c   Zero   RW         2632    .bss                nrfx_uart.o
    0x20003550        -       0x00000024   Zero   RW         2874    .bss                nrfx_uarte.o
    0x20003574   COMPRESSED   0x00000004   PAD
    0x20003578        -       0x00000030   Zero   RW         3215    .bss                app_button.o
    0x200035a8        -       0x00000068   Zero   RW         3384    .bss                app_timer2.o
    0x20003610        -       0x0000000c   Zero   RW         3959    .bss                nrf_pwr_mgmt.o
    0x2000361c        -       0x0000000c   Zero   RW         4538    .bss                app_util_platform.o
    0x20003628        -       0x00000020   Zero   RW         4816    .bss                app_uart_fifo.o
    0x20003648        -       0x00000040   Zero   RW         4937    .bss                nrf_log_backend_rtt.o
    0x20003688        -       0x00000578   Zero   RW         5121    .bss                nrf_log_frontend.o
    0x20003c00        -       0x00000288   Zero   RW         5382    .bss                segger_rtt.o
    0x20003e88        -       0x0000001c   Zero   RW         5845    .bss                ble_dfu.o
    0x20003ea4        -       0x00000028   Zero   RW         5982    .bss                ble_dfu_unbonded.o
    0x20003ecc   COMPRESSED   0x00000004   PAD
    0x20003ed0        -       0x00002000   Zero   RW         6071    STACK               arm_startup_nrf52.o


==============================================================================

Image component sizes


      Code (inc. data)   RO Data    RW Data    ZI Data      Debug   Object Name

       838        102         26         24         48      16766   app_button.o
        28          0          0          0          0       2293   app_error.o
       188         44          0          0          0      34009   app_error_weak.o
       170          0          0          0          0       5362   app_fifo.o
      1122        124         38         36        104      17009   app_timer2.o
       786        108         32         27         32      20410   app_uart_fifo.o
       200         24          0          0         12      10922   app_util_platform.o
        36          8        512          0       8192        864   arm_startup_nrf52.o
      1770          0          0          0          0      54308   ble_advdata.o
      1408          6          0          0          0      15798   ble_advertising.o
       936         56          8          8         80      10767   ble_conn_params.o
       560         36          8          0        124       9864   ble_conn_state.o
       680         54         32          0         28      19780   ble_dfu.o
         0          0          0          0          0       5020   ble_dfu_bonded.o
       658         62        214          4         40       7790   ble_dfu_unbonded.o
       108          0          0          0          0       1408   ble_link_ctx_manager.o
       694          6          0          0          0      41333   ble_srv_common.o
       428         30          8          0          0      47380   boards.o
      1494        124         44         21        112      12264   bsp.o
      1010         98          6         12          0      52645   drv_rtc.o
      2898        864        117         50       1108     192001   main.o
      1074        224         16          0          0       5958   my_ble_uarts.o
       352          0          0          0          0       5385   nrf_atfifo.o
        90          0          0          0          0       2740   nrf_atflags.o
       386          0          0          0          0       7215   nrf_atomic.o
       218          0          0          0          0       3431   nrf_balloc.o
      1248        280        205          0          0      38589   nrf_ble_gatt.o
       390          0          0          0          0       5541   nrf_ble_qwr.o
       412        236          0          0          0       1470   nrf_dfu_svci.o
       440         52         30          0         20      43464   nrf_drv_clock.o
       252         42          0          9          0      16924   nrf_drv_uart.o
        70          0          0          0          0       3233   nrf_fprintf.o
      1030          6         16          0          0       6698   nrf_fprintf_format.o
       176         16         22          1         64       6153   nrf_log_backend_rtt.o
       242          0          0          0          0      10549   nrf_log_backend_serial.o
        40          6         32          8          0       3061   nrf_log_default_backends.o
      2074        148         44         20       1400      29198   nrf_log_frontend.o
       626        112        102         64          0       5428   nrf_log_str_formatter.o
       514          0          0          0          0       8955   nrf_memobj.o
       498         56         53          9         12      50366   nrf_pwr_mgmt.o
        28          0          0          0          0       2067   nrf_ringbuf.o
       568         56        104          3          0      41193   nrf_sdh.o
       904        240        539          1          0       5935   nrf_sdh_ble.o
        84          4         56          0          0       2416   nrf_sdh_soc.o
       112          0          0          0          0       2476   nrf_section_iter.o
       110          0         17          0          0       3537   nrf_sortlist.o
        92         10       1319          0          0       2423   nrf_strerror.o
       424         32         14          8          0      47644   nrfx_clock.o
      1738        124         77          0         92      68478   nrfx_gpiote.o
       118         14         12          8          0       3405   nrfx_prs.o
      1694         46         59          0         44      32485   nrfx_uart.o
      1612         46         62          0         36      28155   nrfx_uarte.o
       470         44          0          0        648       7773   segger_rtt.o
      1552        158          0          4          0       8835   system_nrf52.o
       312         72         24          1        756       6154   uart.o

    ----------------------------------------------------------------------
     36018       3770       3948        328      12960    1095327   Object Totals
         0          0         32          0          0          0   (incl. Generated)
        56          0         68         10          8          0   (incl. Padding)

    ----------------------------------------------------------------------

      Code (inc. data)   RO Data    RW Data    ZI Data      Debug   Library Member Name

        86          0          0          0          0          0   __dczerorl2.o
         8          4        133          0          0         68   ctype_o.o
         0          0          0          0          0          0   entry.o
         0          0          0          0          0          0   entry10a.o
         0          0          0          0          0          0   entry11a.o
         8          4          0          0          0          0   entry2.o
         4          0          0          0          0          0   entry5.o
         0          0          0          0          0          0   entry7b.o
         0          0          0          0          0          0   entry8b.o
         8          4          0          0          0          0   entry9a.o
        30          0          0          0          0          0   handlers.o
        36          8          0          0          0         68   init.o
        30          0          0          0          0         68   llshl.o
        32          0          0          0          0         68   llushr.o
        36          0          0          0          0         68   memcpya.o
        36          0          0          0          0        108   memseta.o
        18          0          0          0          0         68   strcpy.o
        14          0          0          0          0         68   strlen.o
        98          0          0          0          0         92   uldiv.o

    ----------------------------------------------------------------------
       446         20        136          0          0        676   Library Totals
         2          0          3          0          0          0   (incl. Padding)

    ----------------------------------------------------------------------

      Code (inc. data)   RO Data    RW Data    ZI Data      Debug   Library Name

       444         20        133          0          0        676   mc_w.l

    ----------------------------------------------------------------------
       446         20        136          0          0        676   Library Totals

    ----------------------------------------------------------------------

==============================================================================


      Code (inc. data)   RO Data    RW Data    ZI Data      Debug   

     36464       3790       4084        328      12960    1050479   Grand Totals
     36464       3790       4084         92      12960    1050479   ELF Image Totals (compressed)
     36464       3790       4084         92          0          0   ROM Totals

==============================================================================

    Total RO  Size (Code + RO Data)                40548 (  39.60kB)
    Total RW  Size (RW Data + ZI Data)             13288 (  12.98kB)
    Total ROM Size (Code + RO Data + RW Data)      40640 (  39.69kB)

==============================================================================

