Component: ARM Compiler 5.06 update 6 (build 750) Tool: armlink [4d35ed]

==============================================================================

Section Cross References

    main.o(i.advertising_config_get) refers to memseta.o(.text) for __aeabi_memclr4
    main.o(i.advertising_init) refers to memseta.o(.text) for __aeabi_memclr4
    main.o(i.advertising_init) refers to ble_advertising.o(i.ble_advertising_init) for ble_advertising_init
    main.o(i.advertising_init) refers to app_error.o(i.app_error_handler_bare) for app_error_handler_bare
    main.o(i.advertising_init) refers to ble_advertising.o(i.ble_advertising_conn_cfg_tag_set) for ble_advertising_conn_cfg_tag_set
    main.o(i.advertising_init) refers to main.o(.data) for m_adv_uuids
    main.o(i.advertising_init) refers to main.o(i.on_adv_evt) for on_adv_evt
    main.o(i.advertising_init) refers to main.o(.bss) for m_advertising
    main.o(i.advertising_start) refers to ble_advertising.o(i.ble_advertising_start) for ble_advertising_start
    main.o(i.advertising_start) refers to app_error.o(i.app_error_handler_bare) for app_error_handler_bare
    main.o(i.advertising_start) refers to main.o(.bss) for m_advertising
    main.o(i.app_shutdown_handler) refers to nrf_log_frontend.o(i.nrf_log_frontend_std_0) for nrf_log_frontend_std_0
    main.o(i.app_shutdown_handler) refers to nrf_log_frontend.o(log_const_data) for m_nrf_log_app_logs_data_const
    main.o(i.ble_dfu_evt_handler) refers to nrf_log_frontend.o(i.nrf_log_frontend_std_0) for nrf_log_frontend_std_0
    main.o(i.ble_dfu_evt_handler) refers to main.o(i.advertising_config_get) for advertising_config_get
    main.o(i.ble_dfu_evt_handler) refers to ble_advertising.o(i.ble_advertising_modes_config_set) for ble_advertising_modes_config_set
    main.o(i.ble_dfu_evt_handler) refers to ble_conn_state.o(i.ble_conn_state_for_each_connected) for ble_conn_state_for_each_connected
    main.o(i.ble_dfu_evt_handler) refers to nrf_log_frontend.o(i.nrf_log_frontend_std_1) for nrf_log_frontend_std_1
    main.o(i.ble_dfu_evt_handler) refers to nrf_log_frontend.o(log_const_data) for m_nrf_log_app_logs_data_const
    main.o(i.ble_dfu_evt_handler) refers to main.o(.bss) for m_advertising
    main.o(i.ble_dfu_evt_handler) refers to main.o(i.disconnect) for disconnect
    main.o(i.ble_evt_handler) refers to nrf_log_frontend.o(i.nrf_log_frontend_std_0) for nrf_log_frontend_std_0
    main.o(i.ble_evt_handler) refers to bsp.o(i.bsp_indication_set) for bsp_indication_set
    main.o(i.ble_evt_handler) refers to app_error.o(i.app_error_handler_bare) for app_error_handler_bare
    main.o(i.ble_evt_handler) refers to nrf_log_frontend.o(i.nrf_log_frontend_std_1) for nrf_log_frontend_std_1
    main.o(i.ble_evt_handler) refers to nrf_ble_qwr.o(i.nrf_ble_qwr_conn_handle_assign) for nrf_ble_qwr_conn_handle_assign
    main.o(i.ble_evt_handler) refers to main.o(.data) for m_conn_handle
    main.o(i.ble_evt_handler) refers to nrf_log_frontend.o(log_const_data) for m_nrf_log_app_logs_data_const
    main.o(i.ble_evt_handler) refers to main.o(.bss) for m_qwr
    main.o(i.ble_stack_init) refers to nrf_sdh.o(i.nrf_sdh_enable_request) for nrf_sdh_enable_request
    main.o(i.ble_stack_init) refers to app_error.o(i.app_error_handler_bare) for app_error_handler_bare
    main.o(i.ble_stack_init) refers to nrf_sdh_ble.o(i.nrf_sdh_ble_default_cfg_set) for nrf_sdh_ble_default_cfg_set
    main.o(i.ble_stack_init) refers to nrf_sdh_ble.o(i.nrf_sdh_ble_enable) for nrf_sdh_ble_enable
    main.o(i.buttonless_dfu_sdh_state_observer) refers to nrf_pwr_mgmt.o(i.nrf_pwr_mgmt_shutdown) for nrf_pwr_mgmt_shutdown
    main.o(i.conn_params_error_handler) refers to app_error.o(i.app_error_handler_bare) for app_error_handler_bare
    main.o(i.conn_params_init) refers to memseta.o(.text) for __aeabi_memclr4
    main.o(i.conn_params_init) refers to ble_conn_params.o(i.ble_conn_params_init) for ble_conn_params_init
    main.o(i.conn_params_init) refers to app_error.o(i.app_error_handler_bare) for app_error_handler_bare
    main.o(i.conn_params_init) refers to main.o(i.on_conn_params_evt) for on_conn_params_evt
    main.o(i.conn_params_init) refers to main.o(i.conn_params_error_handler) for conn_params_error_handler
    main.o(i.disconnect) refers to nrf_log_frontend.o(i.nrf_log_frontend_std_2) for nrf_log_frontend_std_2
    main.o(i.disconnect) refers to nrf_log_frontend.o(log_const_data) for m_nrf_log_app_logs_data_const
    main.o(i.disconnect) refers to main.o(.conststring) for .conststring
    main.o(i.gap_params_init) refers to app_error.o(i.app_error_handler_bare) for app_error_handler_bare
    main.o(i.gatt_evt_handler) refers to nrf_log_frontend.o(i.nrf_log_frontend_std_2) for nrf_log_frontend_std_2
    main.o(i.gatt_evt_handler) refers to main.o(.data) for m_conn_handle
    main.o(i.gatt_evt_handler) refers to nrf_log_frontend.o(log_const_data) for m_nrf_log_app_logs_data_const
[...]
    Region$$Table$$Base                      0x0003201c   Number         0  anon$$obj.o(Region$$Table)
    Region$$Table$$Limit                     0x0003203c   Number         0  anon$$obj.o(Region$$Table)
    log_const_data$$Base                     0x0003204c   Number         0  nrf_ble_gatt.o(log_const_data)
    m_nrf_log_nrf_ble_gatt_logs_data_const   0x0003204c   Data           8  nrf_ble_gatt.o(log_const_data)
    m_nrf_log_clock_logs_data_const          0x00032054   Data           8  nrf_drv_clock.o(log_const_data)
    m_nrf_log_CLOCK_logs_data_const          0x0003205c   Data           8  nrfx_clock.o(log_const_data)
    m_nrf_log_GPIOTE_logs_data_const         0x00032064   Data           8  nrfx_gpiote.o(log_const_data)
    m_nrf_log_PRS_logs_data_const            0x0003206c   Data           8  nrfx_prs.o(log_const_data)
    m_nrf_log_UART_logs_data_const           0x00032074   Data           8  nrfx_uart.o(log_const_data)
    m_nrf_log_UARTE_logs_data_const          0x0003207c   Data           8  nrfx_uarte.o(log_const_data)
    m_nrf_log_app_button_logs_data_const     0x00032084   Data           8  app_button.o(log_const_data)
    m_nrf_log_app_timer_logs_data_const      0x0003208c   Data           8  app_timer2.o(log_const_data)
    m_nrf_log_pwr_mgmt_logs_data_const       0x00032094   Data           8  nrf_pwr_mgmt.o(log_const_data)
    m_nrf_log_sortlist_logs_data_const       0x0003209c   Data           8  nrf_sortlist.o(log_const_data)
    m_nrf_log_app_logs_data_const            0x000320a4   Data           8  nrf_log_frontend.o(log_const_data)
    m_nrf_log_nrf_sdh_logs_data_const        0x000320ac   Data           8  nrf_sdh.o(log_const_data)
    m_nrf_log_nrf_sdh_ble_logs_data_const    0x000320b4   Data           8  nrf_sdh_ble.o(log_const_data)
    m_nrf_log_nrf_sdh_soc_logs_data_const    0x000320bc   Data           8  nrf_sdh_soc.o(log_const_data)
    m_nrf_log_nrf_fstorage_logs_data_const   0x000320c4   Data           8  nrf_fstorage.o(log_const_data)
    log_const_data$$Limit                    0x000320cc   Number         0  nrf_fstorage.o(log_const_data)
    log_mempool                              0x000320cc   Data          20  nrf_log_frontend.o(nrf_balloc)
    pwr_mgmt_data0$$Base                     0x000320e0   Number         0  main.o(pwr_mgmt_data0)
    pwr_mgmt_data0$$Limit                    0x000320e4   Number         0  main.o(pwr_mgmt_data0)
    sdh_ble_observers0$$Base                 0x000320e4   Number         0  ble_conn_state.o(sdh_ble_observers0)
    sdh_ble_observers0$$Limit                0x000320ec   Number         0  ble_conn_state.o(sdh_ble_observers0)
    sdh_ble_observers1$$Base                 0x000320ec   Number         0  main.o(sdh_ble_observers1)
    sdh_ble_observers1$$Limit                0x00032104   Number         0  ble_conn_params.o(sdh_ble_observers1)
    sdh_ble_observers2$$Base                 0x00032104   Number         0  main.o(sdh_ble_observers2)
    sdh_ble_observers2$$Limit                0x0003211c   Number         0  ble_dfu.o(sdh_ble_observers2)
    sdh_ble_observers3$$Base                 0x0003211c   Number         0  main.o(sdh_ble_observers3)
    m_req_obs                                0x00032124   Data           8  nrf_fstorage_sd.o(sdh_req_observers0)
    sdh_ble_observers3$$Limit                0x00032124   Number         0  main.o(sdh_ble_observers3)
    sdh_req_observers0$$Base                 0x00032124   Number         0  nrf_fstorage_sd.o(sdh_req_observers0)
    sdh_req_observers0$$Limit                0x0003212c   Number         0  nrf_fstorage_sd.o(sdh_req_observers0)
    sdh_soc_observers0$$Base                 0x0003212c   Number         0  nrf_drv_clock.o(sdh_soc_observers0)
    sdh_soc_observers0$$Limit                0x0003213c   Number         0  nrf_fstorage_sd.o(sdh_soc_observers0)
    sdh_soc_observers1$$Base                 0x0003213c   Number         0  ble_dfu_unbonded.o(sdh_soc_observers1)
    sdh_soc_observers1$$Limit                0x00032144   Number         0  ble_dfu_unbonded.o(sdh_soc_observers1)
    sdh_stack_observers0$$Base               0x00032144   Number         0  nrf_sdh_ble.o(sdh_stack_observers0)
    sdh_stack_observers0$$Limit              0x00032154   Number         0  nrf_sdh_soc.o(sdh_stack_observers0)
    sdh_state_observers0$$Base               0x00032154   Number         0  main.o(sdh_state_observers0)
    sdh_state_observers0$$Limit              0x0003216c   Number         0  nrf_fstorage_sd.o(sdh_state_observers0)
    Image$$RW_IRAM1$$Base                    0x20002ae8   Number         0  anon$$obj.o ABSOLUTE
    sensor_ble_code                          0x20002ae8   Data          16  main.o(.data)
    sensor_password                          0x20002af8   Data          16  main.o(.data)
    m_adv_uuids                              0x20002b30   Data           4  main.o(.data)
    m_ble_uarts_max_data_len                 0x20002b34   Data           2  main.o(.data)
    uart_enabled                             0x20002b36   Data           1  main.o(.data)
    m_conn_handle                            0x20002b38   Data           2  main.o(.data)
    tok                                      0x20002b44   Data           8  my_fds.o(.data)
    nrf_drv_uart_use_easy_dma                0x20002b74   Data           1  nrf_drv_uart.o(.data)
    mp_dfu                                   0x20002c58   Data           4  ble_dfu_unbonded.o(.data)
    SystemCoreClock                          0x20002c94   Data           4  system_nrf52.o(.data)
    fs_data$$Base                            0x20002c98   Number         0  fds.o(fs_data)
    m_fs                                     0x20002c98   Data          20  fds.o(fs_data)
    fs_data$$Limit                           0x20002cac   Number         0  fds.o(fs_data)
    stat                                     0x200033f4   Data          18  my_fds.o(.bss)
    desc                                     0x20003408   Data          12  my_fds.o(.bss)
    m_dummy_cfg                              0x20003414   Data          35  my_fds.o(.bss)
    nrf_nvic_state                           0x200036dc   Data          12  app_util_platform.o(.bss)
    _SEGGER_RTT                              0x20003cc0   Data         120  segger_rtt.o(.bss)
    __initial_sp                             0x20006130   Data           0  arm_startup_nrf52.o(STACK)



==============================================================================

Memory Map of the image

  Image Entry point : 0x00026201

  Load Region LR_IROM1 (Base: 0x00026000, Size: 0x0000c330, Max: 0x0005a000, ABSOLUTE, COMPRESSED[0x0000c1ec])

    Execution Region ER_IROM1 (Exec base: 0x00026000, Load base: 0x00026000, Size: 0x0000c16c, Max: 0x0005a000, ABSOLUTE)

    Exec Addr    Load Addr    Size         Type   Attr      Idx    E Section Name        Object

    0x00026000   0x00026000   0x00000200   Data   RO         7000    RESET               arm_startup_nrf52.o
    0x00026200   0x00026200   0x00000000   Code   RO         8891  * .ARM.Collect$$$$00000000  mc_w.l(entry.o)
    0x00026200   0x00026200   0x00000004   Code   RO         8938    .ARM.Collect$$$$00000001  mc_w.l(entry2.o)
    0x00026204   0x00026204   0x00000004   Code   RO         8941    .ARM.Collect$$$$00000004  mc_w.l(entry5.o)
    0x00026208   0x00026208   0x00000000   Code   RO         8943    .ARM.Collect$$$$00000008  mc_w.l(entry7b.o)
    0x00026208   0x00026208   0x00000000   Code   RO         8945    .ARM.Collect$$$$0000000A  mc_w.l(entry8b.o)
    0x00026208   0x00026208   0x00000008   Code   RO         8946    .ARM.Collect$$$$0000000B  mc_w.l(entry9a.o)
    0x00026210   0x00026210   0x00000000   Code   RO         8948    .ARM.Collect$$$$0000000D  mc_w.l(entry10a.o)
    0x00026210   0x00026210   0x00000000   Code   RO         8950    .ARM.Collect$$$$0000000F  mc_w.l(entry11a.o)
    0x00026210   0x00026210   0x00000004   Code   RO         8939    .ARM.Collect$$$$00002712  mc_w.l(entry2.o)
    0x00026214   0x00026214   0x000000c8   Code   RO         3648    .emb_text           nrf_atfifo_1.o
    0x000262dc   0x000262dc   0x000000e2   Code   RO         3787    .emb_text           nrf_atomic.o
    0x000263be   0x000263be   0x00000002   PAD
    0x000263c0   0x000263c0   0x00000024   Code   RO         7001    .text               arm_startup_nrf52.o
    0x000263e4   0x000263e4   0x00000062   Code   RO         8894    .text               mc_w.l(uldiv.o)
    0x00026446   0x00026446   0x0000001e   Code   RO         8896    .text               mc_w.l(llshl.o)
    0x00026464   0x00026464   0x00000008   Code   RO         8898    .text               mc_w.l(ctype_o.o)
    0x0002646c   0x0002646c   0x00000024   Code   RO         8926    .text               mc_w.l(memcpya.o)
    0x00026490   0x00026490   0x00000024   Code   RO         8928    .text               mc_w.l(memseta.o)
    0x000264b4   0x000264b4   0x0000000e   Code   RO         8930    .text               mc_w.l(strlen.o)
    0x000264c2   0x000264c2   0x00000012   Code   RO         8934    .text               mc_w.l(strcpy.o)
    0x000264d4   0x000264d4   0x00000020   Code   RO         8952    .text               mc_w.l(llushr.o)
    0x000264f4   0x000264f4   0x00000024   Code   RO         8954    .text               mc_w.l(init.o)
    0x00026518   0x00026518   0x00000056   Code   RO         8964    .text               mc_w.l(__dczerorl2.o)
    0x0002656e   0x0002656e   0x00000002   PAD
    0x00026570   0x00026570   0x000000bc   Code   RO         2268    i.GPIOTE_IRQHandler  nrfx_gpiote.o
    0x0002662c   0x0002662c   0x00000054   Code   RO         2100    i.POWER_CLOCK_IRQHandler  nrfx_clock.o
    0x00026680   0x00026680   0x00000018   Code   RO         4131    i.RTC1_IRQHandler   drv_rtc.o
    0x00026698   0x00026698   0x00000008   Code   RO         5457    i.SEGGER_RTT_Init   segger_rtt.o
    0x000266a0   0x000266a0   0x00000084   Code   RO         5471    i.SEGGER_RTT_WriteNoLock  segger_rtt.o
    0x00026724   0x00026724   0x00000008   Code   RO         5709    i.SWI2_EGU2_IRQHandler  nrf_sdh.o
    0x0002672c   0x0002672c   0x00000010   Code   RO         7008    i.SystemCoreClockUpdate  system_nrf52.o
    0x0002673c   0x0002673c   0x00000298   Code   RO         7009    i.SystemInit        system_nrf52.o
    0x000269d4   0x000269d4   0x00000010   Code   RO         2638    i.UARTE0_UART0_IRQHandler  nrfx_prs.o
    0x000269e4   0x000269e4   0x00000070   Code   RO         5475    i._DoInit           segger_rtt.o
    0x00026a54   0x00026a54   0x0000001c   Code   RO         5476    i._GetAvailWriteSpace  segger_rtt.o
    0x00026a70   0x00026a70   0x00000072   Code   RO         5478    i._WriteBlocking    segger_rtt.o
    0x00026ae2   0x00026ae2   0x0000004c   Code   RO         5479    i._WriteNoCheck     segger_rtt.o
    0x00026b2e   0x00026b2e   0x0000000e   Code   RO         8958    i.__scatterload_copy  mc_w.l(handlers.o)
    0x00026b3c   0x00026b3c   0x00000002   Code   RO         8959    i.__scatterload_null  mc_w.l(handlers.o)
    0x00026b3e   0x00026b3e   0x0000000e   Code   RO         8960    i.__scatterload_zeroinit  mc_w.l(handlers.o)
    0x00026b4c   0x00026b4c   0x00000038   Code   RO         5710    i.__sd_nvic_app_accessible_irq  nrf_sdh.o
    0x00026b84   0x00026b84   0x0000000c   Code   RO         4628    i.__sd_nvic_irq_disable  app_util_platform.o
    0x00026b90   0x00026b90   0x00000010   Code   RO         6436    i.addr_is_aligned32  nrf_fstorage.o
    0x00026ba0   0x00026ba0   0x00000014   Code   RO         6437    i.addr_is_page_aligned  nrf_fstorage.o
    0x00026bb4   0x00026bb4   0x00000018   Code   RO         1465    i.addr_is_valid     ble_advertising.o
    0x00026bcc   0x00026bcc   0x0000001c   Code   RO         6438    i.addr_is_within_bounds  nrf_fstorage.o
    0x00026be8   0x00026be8   0x0000002c   Code   RO         6558    i.address_is_valid  fds.o
    0x00026c14   0x00026c14   0x00000058   Code   RO         1466    i.adv_mode_next_avail_get  ble_advertising.o
    0x00026c6c   0x00026c6c   0x00000012   Code   RO         1467    i.adv_mode_next_get  ble_advertising.o
    0x00026c7e   0x00026c7e   0x00000012   Code   RO         1468    i.adv_set_data_size_max_get  ble_advertising.o
    0x00026c90   0x00026c90   0x0000001c   Code   RO            4    i.advertising_config_get  main.o
    0x00026cac   0x00026cac   0x00000070   Code   RO            5    i.advertising_init  main.o
    0x00026d1c   0x00026d1c   0x00000024   Code   RO            6    i.advertising_start  main.o
    0x00026d40   0x00026d40   0x0000000c   Code   RO          805    i.alert_timer_handler  bsp.o
    0x00026d4c   0x00026d4c   0x0000002c   Code   RO         3302    i.app_button_enable  app_button.o
    0x00026d78   0x00026d78   0x000000b0   Code   RO         3303    i.app_button_init   app_button.o
    0x00026e28   0x00026e28   0x000000bc   Code   RO         4591    i.app_error_fault_handler  app_error_weak.o
    0x00026ee4   0x00026ee4   0x0000001c   Code   RO         4535    i.app_error_handler_bare  app_error.o
    0x00026f00   0x00026f00   0x0000001e   Code   RO         4823    i.app_fifo_get      app_fifo.o
    0x00026f1e   0x00026f1e   0x00000024   Code   RO         4824    i.app_fifo_init     app_fifo.o
    0x00026f42   0x00026f42   0x00000022   Code   RO         4826    i.app_fifo_put      app_fifo.o
    0x00026f64   0x00026f64   0x000000a4   Code   RO            7    i.app_shutdown_handler  main.o
    0x00027008   0x00027008   0x00000010   Code   RO         3461    i.app_timer_cnt_get  app_timer2.o
    0x00027018   0x00027018   0x00000020   Code   RO         3462    i.app_timer_create  app_timer2.o
    0x00027038   0x00027038   0x0000006c   Code   RO         3463    i.app_timer_init    app_timer2.o
    0x000270a4   0x000270a4   0x00000036   Code   RO         3466    i.app_timer_start   app_timer2.o
    0x000270da   0x000270da   0x00000014   Code   RO         3467    i.app_timer_stop    app_timer2.o
    0x000270ee   0x000270ee   0x00000002   PAD
    0x000270f0   0x000270f0   0x00000054   Code   RO         4907    i.app_uart_get      app_uart_fifo.o
    0x00027144   0x00027144   0x000000dc   Code   RO         4908    i.app_uart_init     app_uart_fifo.o
    0x00027220   0x00027220   0x0000006c   Code   RO         4909    i.app_uart_put      app_uart_fifo.o
    0x0002728c   0x0002728c   0x0000000c   Code   RO         4629    i.app_util_critical_region_enter  app_util_platform.o
    0x00027298   0x00027298   0x00000048   Code   RO         4630    i.app_util_critical_region_exit  app_util_platform.o
    0x000272e0   0x000272e0   0x00000052   Code   RO          976    i.appearance_encode  ble_advdata.o
    0x00027332   0x00027332   0x0000007c   Code   RO         2692    i.apply_config      nrfx_uart.o
    0x000273ae   0x000273ae   0x0000007c   Code   RO         2937    i.apply_config      nrfx_uarte.o
    0x0002742a   0x0002742a   0x00000002   PAD
    0x0002742c   0x0002742c   0x0000003c   Code   RO         5189    i.backend_id_assign  nrf_log_frontend.o
    0x00027468   0x00027468   0x0000006c   Code   RO         1795    i.blcm_link_ctx_get  ble_link_ctx_manager.o
    0x000274d4   0x000274d4   0x0000016c   Code   RO          978    i.ble_advdata_encode  ble_advdata.o
    0x00027640   0x00027640   0x00000028   Code   RO          980    i.ble_advdata_parse  ble_advdata.o
    0x00027668   0x00027668   0x0000005c   Code   RO          981    i.ble_advdata_search  ble_advdata.o
    0x000276c4   0x000276c4   0x00000006   Code   RO         1470    i.ble_advertising_conn_cfg_tag_set  ble_advertising.o
    0x000276ca   0x000276ca   0x00000108   Code   RO         1471    i.ble_advertising_init  ble_advertising.o
    0x000277d2   0x000277d2   0x00000012   Code   RO         1472    i.ble_advertising_modes_config_set  ble_advertising.o
    0x000277e4   0x000277e4   0x0000003c   Code   RO         1473    i.ble_advertising_on_ble_evt  ble_advertising.o
    0x00027820   0x00027820   0x00000174   Code   RO         1476    i.ble_advertising_start  ble_advertising.o
    0x00027994   0x00027994   0x0000009c   Code   RO         1104    i.ble_conn_params_init  ble_conn_params.o
    0x00027a30   0x00027a30   0x00000014   Code   RO         1204    i.ble_conn_state_conn_idx  ble_conn_state.o
    0x00027a44   0x00027a44   0x00000018   Code   RO         1206    i.ble_conn_state_for_each_connected  ble_conn_state.o
    0x00027a5c   0x00027a5c   0x0000001c   Code   RO         1218    i.ble_conn_state_valid  ble_conn_state.o
    0x00027a78   0x00027a78   0x00000076   Code   RO          984    i.ble_device_addr_encode  ble_advdata.o
    0x00027aee   0x00027aee   0x00000002   PAD
    0x00027af0   0x00027af0   0x0000003c   Code   RO         6072    i.ble_dfu_buttonless_async_svci_init  ble_dfu_unbonded.o
    0x00027b2c   0x00027b2c   0x00000018   Code   RO         6073    i.ble_dfu_buttonless_backend_init  ble_dfu_unbonded.o
    0x00027b44   0x00027b44   0x00000040   Code   RO         5933    i.ble_dfu_buttonless_bootloader_start_finalize  ble_dfu.o
    0x00027b84   0x00027b84   0x0000001c   Code   RO         6074    i.ble_dfu_buttonless_bootloader_start_prepare  ble_dfu_unbonded.o
    0x00027ba0   0x00027ba0   0x00000062   Code   RO         6075    i.ble_dfu_buttonless_char_add  ble_dfu_unbonded.o
    0x00027c02   0x00027c02   0x00000002   PAD
    0x00027c04   0x00027c04   0x000000a4   Code   RO         5934    i.ble_dfu_buttonless_init  ble_dfu.o
    0x00027ca8   0x00027ca8   0x0000004a   Code   RO         5935    i.ble_dfu_buttonless_on_ble_evt  ble_dfu.o
    0x00027cf2   0x00027cf2   0x00000002   PAD
    0x00027cf4   0x00027cf4   0x0000008c   Code   RO         6076    i.ble_dfu_buttonless_on_ctrl_pt_write  ble_dfu_unbonded.o
    0x00027d80   0x00027d80   0x0000008c   Code   RO         6077    i.ble_dfu_buttonless_on_sys_evt  ble_dfu_unbonded.o
    0x00027e0c   0x00027e0c   0x00000064   Code   RO         5936    i.ble_dfu_buttonless_resp_send  ble_dfu.o
    0x00027e70   0x00027e70   0x000001d4   Code   RO            8    i.ble_dfu_evt_handler  main.o
    0x00028044   0x00028044   0x000001b8   Code   RO            9    i.ble_evt_handler   main.o
    0x000281fc   0x000281fc   0x00000040   Code   RO         1106    i.ble_evt_handler   ble_conn_params.o
    0x0002823c   0x0002823c   0x000000b8   Code   RO         1219    i.ble_evt_handler   ble_conn_state.o
    0x000282f4   0x000282f4   0x00000012   Code   RO         1395    i.ble_srv_is_indication_enabled  ble_srv_common.o
    0x00028306   0x00028306   0x00000012   Code   RO         1396    i.ble_srv_is_notification_enabled  ble_srv_common.o
    0x00028318   0x00028318   0x00000056   Code   RO           10    i.ble_stack_init    main.o
    0x0002836e   0x0002836e   0x0000007a   Code   RO         1819    i.ble_uarts_data_send  my_ble_uarts.o
    0x000283e8   0x000283e8   0x0000010c   Code   RO         1820    i.ble_uarts_init    my_ble_uarts.o
    0x000284f4   0x000284f4   0x00000044   Code   RO         1821    i.ble_uarts_on_ble_evt  my_ble_uarts.o
    0x00028538   0x00028538   0x0000002c   Code   RO          653    i.bsp_board_buttons_init  boards.o
    0x00028564   0x00028564   0x0000001a   Code   RO          654    i.bsp_board_init    boards.o
    0x0002857e   0x0002857e   0x00000002   PAD
    0x00028580   0x00028580   0x00000030   Code   RO          656    i.bsp_board_led_invert  boards.o
    0x000285b0   0x000285b0   0x00000014   Code   RO          657    i.bsp_board_led_off  boards.o
    0x000285c4   0x000285c4   0x00000014   Code   RO          658    i.bsp_board_led_on  boards.o
    0x000285d8   0x000285d8   0x00000030   Code   RO          659    i.bsp_board_led_state_get  boards.o
    0x00028608   0x00028608   0x00000030   Code   RO          660    i.bsp_board_leds_init  boards.o
    0x00028638   0x00028638   0x00000014   Code   RO          661    i.bsp_board_leds_off  boards.o
    0x0002864c   0x0002864c   0x00000014   Code   RO          662    i.bsp_board_leds_on  boards.o
    0x00028660   0x00028660   0x00000024   Code   RO          663    i.bsp_board_pin_to_button_idx  boards.o
    0x00028684   0x00028684   0x000000c4   Code   RO          806    i.bsp_button_event_handler  bsp.o
    0x00028748   0x00028748   0x0000005c   Code   RO          810    i.bsp_event_to_button_action_assign  bsp.o
    0x000287a4   0x000287a4   0x00000020   Code   RO          811    i.bsp_indication_set  bsp.o
    0x000287c4   0x000287c4   0x000000ac   Code   RO          812    i.bsp_init          bsp.o
    0x00028870   0x00028870   0x00000388   Code   RO          813    i.bsp_led_indication  bsp.o
    0x00028bf8   0x00028bf8   0x000000e8   Code   RO         5190    i.buf_prealloc      nrf_log_frontend.o
    0x00028ce0   0x00028ce0   0x0000002c   Code   RO         4392    i.buffer_add        nrf_fprintf_format.o
    0x00028d0c   0x00028d0c   0x00000018   Code   RO         5191    i.buffer_is_empty   nrf_log_frontend.o
    0x00028d24   0x00028d24   0x0000002c   Code   RO         3305    i.button_get        app_button.o
    0x00028d50   0x00028d50   0x0000000e   Code   RO          816    i.button_timer_handler  bsp.o
    0x00028d5e   0x00028d5e   0x00000002   PAD
    0x00028d60   0x00028d60   0x00000020   Code   RO           11    i.buttonless_dfu_sdh_state_observer  main.o
    0x00028d80   0x00028d80   0x00000020   Code   RO         2269    i.channel_free      nrfx_gpiote.o
    0x00028da0   0x00028da0   0x00000010   Code   RO         2270    i.channel_handler_get  nrfx_gpiote.o
    0x00028db0   0x00028db0   0x00000080   Code   RO         2271    i.channel_port_alloc  nrfx_gpiote.o
    0x00028e30   0x00028e30   0x0000000c   Code   RO         2272    i.channel_port_get  nrfx_gpiote.o
    0x00028e3c   0x00028e3c   0x000001c8   Code   RO         1398    i.characteristic_add  ble_srv_common.o
    0x00029004   0x00029004   0x00000030   Code   RO         1871    i.clock_clk_started_notify  nrf_drv_clock.o
    0x00029034   0x00029034   0x00000028   Code   RO         1872    i.clock_irq_handler  nrf_drv_clock.o
    0x0002905c   0x0002905c   0x00000026   Code   RO         3469    i.compare_func      app_timer2.o
    0x00029082   0x00029082   0x00000028   Code   RO         1478    i.config_is_valid   ble_advertising.o
    0x000290aa   0x000290aa   0x0000003c   Code   RO         1220    i.conn_handle_list_get  ble_conn_state.o
    0x000290e6   0x000290e6   0x0000005a   Code   RO          985    i.conn_int_check    ble_advdata.o
    0x00029140   0x00029140   0x00000068   Code   RO          986    i.conn_int_encode   ble_advdata.o
    0x000291a8   0x000291a8   0x00000010   Code   RO           12    i.conn_params_error_handler  main.o
    0x000291b8   0x000291b8   0x0000005c   Code   RO           13    i.conn_params_init  main.o
    0x00029214   0x00029214   0x00000054   Code   RO         1107    i.conn_params_negotiation  ble_conn_params.o
    0x00029268   0x00029268   0x000000e8   Code   RO         1617    i.data_length_update  nrf_ble_gatt.o
    0x00029350   0x00029350   0x00000052   Code   RO         6559    i.delete_execute    fds.o
    0x000293a2   0x000293a2   0x00000002   PAD
    0x000293a4   0x000293a4   0x00000060   Code   RO         3306    i.detection_delay_timeout_handler  app_button.o
    0x00029404   0x00029404   0x00000038   Code   RO           14    i.disconnect        main.o
    0x0002943c   0x0002943c   0x00000018   Code   RO         5192    i.dropped_sat16_get  nrf_log_frontend.o
    0x00029454   0x00029454   0x00000016   Code   RO         4132    i.drv_rtc_compare_disable  drv_rtc.o
    0x0002946a   0x0002946a   0x0000001a   Code   RO         4135    i.drv_rtc_compare_pending  drv_rtc.o
    0x00029484   0x00029484   0x0000005c   Code   RO         4136    i.drv_rtc_compare_set  drv_rtc.o
    0x000294e0   0x000294e0   0x0000000c   Code   RO         4137    i.drv_rtc_counter_get  drv_rtc.o
    0x000294ec   0x000294ec   0x00000128   Code   RO         4138    i.drv_rtc_init      drv_rtc.o
    0x00029614   0x00029614   0x00000024   Code   RO         4139    i.drv_rtc_irq_trigger  drv_rtc.o
    0x00029638   0x00029638   0x00000012   Code   RO         4141    i.drv_rtc_overflow_enable  drv_rtc.o
    0x0002964a   0x0002964a   0x00000010   Code   RO         4142    i.drv_rtc_overflow_pending  drv_rtc.o
    0x0002965a   0x0002965a   0x0000000e   Code   RO         4143    i.drv_rtc_start     drv_rtc.o
    0x00029668   0x00029668   0x0000000e   Code   RO         4144    i.drv_rtc_stop      drv_rtc.o
    0x00029676   0x00029676   0x000000fc   Code   RO         4149    i.drv_rtc_windowed_compare_set  drv_rtc.o
    0x00029772   0x00029772   0x00000002   Code   RO         5937    i.dummy_evt_handler  ble_dfu.o
    0x00029774   0x00029774   0x00000048   Code   RO         6078    i.enter_bootloader  ble_dfu_unbonded.o
    0x000297bc   0x000297bc   0x00000058   Code   RO         6172    i.erase             nrf_fstorage_sd.o
    0x00029814   0x00029814   0x0000000e   Code   RO         6173    i.erase_execute     nrf_fstorage_sd.o
    0x00029822   0x00029822   0x0000007e   Code   RO         6560    i.event_prepare     fds.o
    0x000298a0   0x000298a0   0x00000068   Code   RO         6174    i.event_send        nrf_fstorage_sd.o
    0x00029908   0x00029908   0x00000028   Code   RO         6561    i.event_send        fds.o
    0x00029930   0x00029930   0x00000018   Code   RO         4150    i.evt_disable       drv_rtc.o
    0x00029948   0x00029948   0x0000001c   Code   RO         4151    i.evt_enable        drv_rtc.o
    0x00029964   0x00029964   0x000000f0   Code   RO         3307    i.evt_handle        app_button.o
    0x00029a54   0x00029a54   0x0000001c   Code   RO         4152    i.evt_pending       drv_rtc.o
    0x00029a70   0x00029a70   0x00000168   Code   RO          560    i.fds_evt_handler   my_fds.o
    0x00029bd8   0x00029bd8   0x000000cc   Code   RO         6565    i.fds_init          fds.o
    0x00029ca4   0x00029ca4   0x00000068   Code   RO         6566    i.fds_record_close  fds.o
    0x00029d0c   0x00029d0c   0x00000016   Code   RO         6568    i.fds_record_find   fds.o
    0x00029d22   0x00029d22   0x00000002   PAD
    0x00029d24   0x00029d24   0x00000050   Code   RO         6573    i.fds_record_open   fds.o
    0x00029d74   0x00029d74   0x00000014   Code   RO         6575    i.fds_record_write  fds.o
    0x00029d88   0x00029d88   0x00000034   Code   RO         6577    i.fds_register      fds.o
    0x00029dbc   0x00029dbc   0x000000c4   Code   RO         6580    i.fds_stat          fds.o
    0x00029e80   0x00029e80   0x00000018   Code   RO         4829    i.fifo_get          app_fifo.o
    0x00029e98   0x00029e98   0x0000000a   Code   RO         4830    i.fifo_length       app_fifo.o
    0x00029ea2   0x00029ea2   0x0000000a   Code   RO         4910    i.fifo_length       app_uart_fifo.o
    0x00029eac   0x00029eac   0x00000012   Code   RO         4831    i.fifo_peek         app_fifo.o
    0x00029ebe   0x00029ebe   0x00000012   Code   RO         4832    i.fifo_put          app_fifo.o
    0x00029ed0   0x00029ed0   0x00000034   Code   RO         6581    i.file_find_and_delete  fds.o
    0x00029f04   0x00029f04   0x0000001e   Code   RO         1221    i.flag_toggle       ble_conn_state.o
    0x00029f22   0x00029f22   0x00000036   Code   RO          987    i.flags_encode      ble_advdata.o
    0x00029f58   0x00029f58   0x0000002c   Code   RO         1479    i.flags_set         ble_advertising.o
    0x00029f84   0x00029f84   0x0000001c   Code   RO         6582    i.flash_bounds_set  fds.o
    0x00029fa0   0x00029fa0   0x00000036   Code   RO         6583    i.flash_end_addr    fds.o
    0x00029fd6   0x00029fd6   0x00000002   PAD
    0x00029fd8   0x00029fd8   0x0000001c   Code   RO         6584    i.flash_subsystem_init  fds.o
    0x00029ff4   0x00029ff4   0x00000032   Code   RO         1222    i.for_each_set_flag  ble_conn_state.o
    0x0002a026   0x0002a026   0x0000000c   Code   RO         6585    i.fs_event_handler  fds.o
    0x0002a032   0x0002a032   0x00000002   PAD
    0x0002a034   0x0002a034   0x00000080   Code   RO           15    i.gap_params_init   main.o
    0x0002a0b4   0x0002a0b4   0x0000006c   Code   RO           16    i.gatt_evt_handler  main.o
    0x0002a120   0x0002a120   0x00000044   Code   RO           17    i.gatt_init         main.o
    0x0002a164   0x0002a164   0x00000074   Code   RO         6586    i.gc_execute        fds.o
    0x0002a1d8   0x0002a1d8   0x00000040   Code   RO         6587    i.gc_init           fds.o
    0x0002a218   0x0002a218   0x00000028   Code   RO         6588    i.gc_next_page      fds.o
    0x0002a240   0x0002a240   0x0000004c   Code   RO         6589    i.gc_page_erase     fds.o
    0x0002a28c   0x0002a28c   0x00000050   Code   RO         6590    i.gc_page_next      fds.o
    0x0002a2dc   0x0002a2dc   0x00000040   Code   RO         6591    i.gc_record_copy    fds.o
    0x0002a31c   0x0002a31c   0x00000024   Code   RO         6592    i.gc_record_find_next  fds.o
    0x0002a340   0x0002a340   0x00000058   Code   RO         6593    i.gc_state_advance  fds.o
    0x0002a398   0x0002a398   0x0000002c   Code   RO         6594    i.gc_swap_erase     fds.o
    0x0002a3c4   0x0002a3c4   0x00000060   Code   RO         6595    i.gc_swap_pages     fds.o
    0x0002a424   0x0002a424   0x00000024   Code   RO         6596    i.gc_swap_promote   fds.o
    0x0002a448   0x0002a448   0x00000018   Code   RO         6597    i.gc_tag_new_swap   fds.o
    0x0002a460   0x0002a460   0x00000020   Code   RO         6598    i.gc_update_swap_offset  fds.o
    0x0002a480   0x0002a480   0x0000003c   Code   RO         3470    i.get_now           app_timer2.o
    0x0002a4bc   0x0002a4bc   0x00000048   Code   RO         3308    i.gpiote_event_handler  app_button.o
    0x0002a504   0x0002a504   0x00000030   Code   RO         6599    i.header_check      fds.o
    0x0002a534   0x0002a534   0x00000016   Code   RO         6600    i.header_has_next   fds.o
    0x0002a54a   0x0002a54a   0x0000000e   Code   RO         6601    i.header_jump       fds.o
    0x0002a558   0x0002a558   0x0000000e   Code   RO           18    i.idle_state_handle  main.o
    0x0002a566   0x0002a566   0x00000002   PAD
    0x0002a568   0x0002a568   0x0000003c   Code   RO         6175    i.init              nrf_fstorage_sd.o
    0x0002a5a4   0x0002a5a4   0x00000134   Code   RO         6602    i.init_execute      fds.o
    0x0002a6d8   0x0002a6d8   0x0000002c   Code   RO         1108    i.instance_get      ble_conn_params.o
    0x0002a704   0x0002a704   0x000000be   Code   RO         4393    i.int_print         nrf_fprintf_format.o
    0x0002a7c2   0x0002a7c2   0x00000002   PAD
    0x0002a7c4   0x0002a7c4   0x00000094   Code   RO         2694    i.interrupts_enable  nrfx_uart.o
    0x0002a858   0x0002a858   0x000000b4   Code   RO         2939    i.interrupts_enable  nrfx_uarte.o
    0x0002a90c   0x0002a90c   0x00000046   Code   RO         5194    i.invalid_packets_omit  nrf_log_frontend.o
    0x0002a952   0x0002a952   0x00000002   PAD
    0x0002a954   0x0002a954   0x00000014   Code   RO         6176    i.is_busy           nrf_fstorage_sd.o
    0x0002a968   0x0002a968   0x00000072   Code   RO         1109    i.is_conn_params_ok  ble_conn_params.o
    0x0002a9da   0x0002a9da   0x00000010   Code   RO         6603    i.is_word_aligned   fds.o
    0x0002a9ea   0x0002a9ea   0x0000000c   Code   RO         1875    i.item_dequeue      nrf_drv_clock.o
    0x0002a9f6   0x0002a9f6   0x00000026   Code   RO         2273    i.latch_pending_read_and_check  nrfx_gpiote.o
    0x0002aa1c   0x0002aa1c   0x00000020   Code   RO           19    i.leds_init         main.o
    0x0002aa3c   0x0002aa3c   0x00000028   Code   RO          817    i.leds_off          bsp.o
    0x0002aa64   0x0002aa64   0x00000020   Code   RO          818    i.leds_timer_handler  bsp.o
    0x0002aa84   0x0002aa84   0x00000018   Code   RO         1877    i.lfclk_stop        nrf_drv_clock.o
    0x0002aa9c   0x0002aa9c   0x00000016   Code   RO         1618    i.link_init         nrf_ble_gatt.o
    0x0002aab2   0x0002aab2   0x00000026   Code   RO           20    i.log_init          main.o
    0x0002aad8   0x0002aad8   0x000000cc   Code   RO         5195    i.log_skip          nrf_log_frontend.o
    0x0002aba4   0x0002aba4   0x00000120   Code   RO           21    i.main              main.o
    0x0002acc4   0x0002acc4   0x00000076   Code   RO          988    i.manuf_specific_data_encode  ble_advdata.o
    0x0002ad3a   0x0002ad3a   0x000000ca   Code   RO         3973    i.memobj_op         nrf_memobj.o
    0x0002ae04   0x0002ae04   0x00000038   Code   RO         5196    i.module_idx_get    nrf_log_frontend.o
    0x0002ae3c   0x0002ae3c   0x00000078   Code   RO           22    i.my_ble_send       main.o
    0x0002aeb4   0x0002aeb4   0x00000030   Code   RO          564    i.my_flash_init     my_fds.o
    0x0002aee4   0x0002aee4   0x000000c8   Code   RO          989    i.name_encode       ble_advdata.o
    0x0002afac   0x0002afac   0x0000005c   Code   RO         7096    i.nrf52_errata_108  system_nrf52.o
    0x0002b008   0x0002b008   0x0000005c   Code   RO         7108    i.nrf52_errata_12   system_nrf52.o
    0x0002b064   0x0002b064   0x0000005c   Code   RO         7119    i.nrf52_errata_136  system_nrf52.o
    0x0002b0c0   0x0002b0c0   0x00000040   Code   RO         7138    i.nrf52_errata_16   system_nrf52.o
    0x0002b100   0x0002b100   0x00000040   Code   RO         7155    i.nrf52_errata_182  system_nrf52.o
    0x0002b140   0x0002b140   0x0000005c   Code   RO         7209    i.nrf52_errata_31   system_nrf52.o
    0x0002b19c   0x0002b19c   0x00000040   Code   RO         7210    i.nrf52_errata_32   system_nrf52.o
    0x0002b1dc   0x0002b1dc   0x0000005c   Code   RO         7214    i.nrf52_errata_36   system_nrf52.o
    0x0002b238   0x0002b238   0x00000040   Code   RO         7215    i.nrf52_errata_37   system_nrf52.o
    0x0002b278   0x0002b278   0x00000040   Code   RO         7231    i.nrf52_errata_57   system_nrf52.o
    0x0002b2b8   0x0002b2b8   0x0000005c   Code   RO         7237    i.nrf52_errata_66   system_nrf52.o
    0x0002b314   0x0002b314   0x00000016   Code   RO         3650    i.nrf_atfifo_clear  nrf_atfifo_1.o
    0x0002b32a   0x0002b32a   0x00000028   Code   RO         3652    i.nrf_atfifo_init   nrf_atfifo_1.o
    0x0002b352   0x0002b352   0x0000001c   Code   RO         3653    i.nrf_atfifo_item_alloc  nrf_atfifo_1.o
    0x0002b36e   0x0002b36e   0x0000001c   Code   RO         3654    i.nrf_atfifo_item_free  nrf_atfifo_1.o
    0x0002b38a   0x0002b38a   0x0000001c   Code   RO         3655    i.nrf_atfifo_item_get  nrf_atfifo_1.o
    0x0002b3a6   0x0002b3a6   0x0000001c   Code   RO         3656    i.nrf_atfifo_item_put  nrf_atfifo_1.o
    0x0002b3c2   0x0002b3c2   0x0000001e   Code   RO         3721    i.nrf_atflags_clear  nrf_atflags.o
    0x0002b3e0   0x0002b3e0   0x0000001e   Code   RO         3726    i.nrf_atflags_get   nrf_atflags.o
    0x0002b3fe   0x0002b3fe   0x0000001e   Code   RO         3728    i.nrf_atflags_set   nrf_atflags.o
    0x0002b41c   0x0002b41c   0x0000000e   Code   RO         3789    i.nrf_atomic_flag_clear_fetch  nrf_atomic.o
    0x0002b42a   0x0002b42a   0x0000000e   Code   RO         3790    i.nrf_atomic_flag_set  nrf_atomic.o
    0x0002b438   0x0002b438   0x0000000e   Code   RO         3791    i.nrf_atomic_flag_set_fetch  nrf_atomic.o
    0x0002b446   0x0002b446   0x00000016   Code   RO         3792    i.nrf_atomic_u32_add  nrf_atomic.o
    0x0002b45c   0x0002b45c   0x00000016   Code   RO         3793    i.nrf_atomic_u32_and  nrf_atomic.o
    0x0002b472   0x0002b472   0x00000016   Code   RO         3795    i.nrf_atomic_u32_fetch_add  nrf_atomic.o
    0x0002b488   0x0002b488   0x00000016   Code   RO         3796    i.nrf_atomic_u32_fetch_and  nrf_atomic.o
    0x0002b49e   0x0002b49e   0x00000016   Code   RO         3797    i.nrf_atomic_u32_fetch_or  nrf_atomic.o
    0x0002b4b4   0x0002b4b4   0x00000016   Code   RO         3798    i.nrf_atomic_u32_fetch_store  nrf_atomic.o
    0x0002b4ca   0x0002b4ca   0x00000016   Code   RO         3802    i.nrf_atomic_u32_or  nrf_atomic.o
    0x0002b4e0   0x0002b4e0   0x00000016   Code   RO         3804    i.nrf_atomic_u32_sub  nrf_atomic.o
    0x0002b4f6   0x0002b4f6   0x00000052   Code   RO         3926    i.nrf_balloc_alloc  nrf_balloc.o
    0x0002b548   0x0002b548   0x00000010   Code   RO         3927    i.nrf_balloc_block2idx  nrf_balloc.o
    0x0002b558   0x0002b558   0x00000030   Code   RO         3928    i.nrf_balloc_free   nrf_balloc.o
    0x0002b588   0x0002b588   0x0000000c   Code   RO         3929    i.nrf_balloc_idx2block  nrf_balloc.o
    0x0002b594   0x0002b594   0x0000003c   Code   RO         3930    i.nrf_balloc_init   nrf_balloc.o
    0x0002b5d0   0x0002b5d0   0x00000016   Code   RO         2274    i.nrf_bitmask_bit_is_set  nrfx_gpiote.o
    0x0002b5e6   0x0002b5e6   0x0000001e   Code   RO         1620    i.nrf_ble_gatt_att_mtu_periph_set  nrf_ble_gatt.o
    0x0002b604   0x0002b604   0x00000034   Code   RO         1624    i.nrf_ble_gatt_init  nrf_ble_gatt.o
    0x0002b638   0x0002b638   0x00000108   Code   RO         1625    i.nrf_ble_gatt_on_ble_evt  nrf_ble_gatt.o
    0x0002b740   0x0002b740   0x00000020   Code   RO         1739    i.nrf_ble_qwr_conn_handle_assign  nrf_ble_qwr.o
    0x0002b760   0x0002b760   0x00000032   Code   RO         1740    i.nrf_ble_qwr_init  nrf_ble_qwr.o
    0x0002b792   0x0002b792   0x0000007c   Code   RO         1741    i.nrf_ble_qwr_on_ble_evt  nrf_ble_qwr.o
    0x0002b80e   0x0002b80e   0x00000012   Code   RO         2101    i.nrf_clock_event_check  nrfx_clock.o
    0x0002b820   0x0002b820   0x00000012   Code   RO         2102    i.nrf_clock_event_clear  nrfx_clock.o
    0x0002b832   0x0002b832   0x00000002   PAD
    0x0002b834   0x0002b834   0x0000000c   Code   RO         2103    i.nrf_clock_int_disable  nrfx_clock.o
    0x0002b840   0x0002b840   0x00000008   Code   RO         2105    i.nrf_clock_task_trigger  nrfx_clock.o
    0x0002b848   0x0002b848   0x000000f4   Code   RO         6142    i.nrf_dfu_svci_vector_table_set  nrf_dfu_svci.o
    0x0002b93c   0x0002b93c   0x000000a8   Code   RO         6143    i.nrf_dfu_svci_vector_table_unset  nrf_dfu_svci.o
    0x0002b9e4   0x0002b9e4   0x0000004c   Code   RO         1883    i.nrf_drv_clock_init  nrf_drv_clock.o
    0x0002ba30   0x0002ba30   0x00000030   Code   RO         1887    i.nrf_drv_clock_lfclk_release  nrf_drv_clock.o
    0x0002ba60   0x0002ba60   0x0000008c   Code   RO         2048    i.nrf_drv_uart_init  nrf_drv_uart.o
    0x0002baec   0x0002baec   0x00000044   Code   RO         4911    i.nrf_drv_uart_rx   app_uart_fifo.o
    0x0002bb30   0x0002bb30   0x00000044   Code   RO         4912    i.nrf_drv_uart_tx   app_uart_fifo.o
    0x0002bb74   0x0002bb74   0x0000002a   Code   RO         4353    i.nrf_fprintf       nrf_fprintf.o
    0x0002bb9e   0x0002bb9e   0x0000001c   Code   RO         4354    i.nrf_fprintf_buffer_flush  nrf_fprintf.o
    0x0002bbba   0x0002bbba   0x000001f0   Code   RO         4394    i.nrf_fprintf_fmt   nrf_fprintf_format.o
    0x0002bdaa   0x0002bdaa   0x00000002   PAD
    0x0002bdac   0x0002bdac   0x00000170   Code   RO         6439    i.nrf_fstorage_erase  nrf_fstorage.o
    0x0002bf1c   0x0002bf1c   0x000000ac   Code   RO         6440    i.nrf_fstorage_init  nrf_fstorage.o
    0x0002bfc8   0x0002bfc8   0x0000001c   Code   RO         6177    i.nrf_fstorage_sdh_req_handler  nrf_fstorage_sd.o
    0x0002bfe4   0x0002bfe4   0x0000002c   Code   RO         6178    i.nrf_fstorage_sdh_state_handler  nrf_fstorage_sd.o
    0x0002c010   0x0002c010   0x0000008c   Code   RO         6179    i.nrf_fstorage_sys_evt_handler  nrf_fstorage_sd.o
    0x0002c09c   0x0002c09c   0x00000264   Code   RO         6446    i.nrf_fstorage_write  nrf_fstorage.o
    0x0002c300   0x0002c300   0x00000028   Code   RO          665    i.nrf_gpio_cfg      boards.o
    0x0002c328   0x0002c328   0x00000028   Code   RO         2275    i.nrf_gpio_cfg      nrfx_gpiote.o
    0x0002c350   0x0002c350   0x00000028   Code   RO         2695    i.nrf_gpio_cfg      nrfx_uart.o
    0x0002c378   0x0002c378   0x00000028   Code   RO         2940    i.nrf_gpio_cfg      nrfx_uarte.o
    0x0002c3a0   0x0002c3a0   0x0000001a   Code   RO         2697    i.nrf_gpio_cfg_input  nrfx_uart.o
    0x0002c3ba   0x0002c3ba   0x0000001a   Code   RO         2942    i.nrf_gpio_cfg_input  nrfx_uarte.o
    0x0002c3d4   0x0002c3d4   0x00000018   Code   RO         2698    i.nrf_gpio_cfg_output  nrfx_uart.o
    0x0002c3ec   0x0002c3ec   0x00000018   Code   RO         2943    i.nrf_gpio_cfg_output  nrfx_uarte.o
    0x0002c404   0x0002c404   0x00000032   Code   RO         2277    i.nrf_gpio_cfg_sense_set  nrfx_gpiote.o
    0x0002c436   0x0002c436   0x00000002   PAD
    0x0002c438   0x0002c438   0x00000034   Code   RO         2278    i.nrf_gpio_latches_read_and_clear  nrfx_gpiote.o
    0x0002c46c   0x0002c46c   0x00000022   Code   RO         2280    i.nrf_gpio_pin_present_check  nrfx_gpiote.o
    0x0002c48e   0x0002c48e   0x00000018   Code   RO         2281    i.nrf_gpio_pin_read  nrfx_gpiote.o
    0x0002c4a6   0x0002c4a6   0x00000016   Code   RO         2699    i.nrf_gpio_pin_set  nrfx_uart.o
    0x0002c4bc   0x0002c4bc   0x00000016   Code   RO         2944    i.nrf_gpio_pin_set  nrfx_uarte.o
    0x0002c4d2   0x0002c4d2   0x0000003a   Code   RO          666    i.nrf_gpio_pin_write  boards.o
    0x0002c50c   0x0002c50c   0x0000000c   Code   RO         2283    i.nrf_gpiote_event_addr_get  nrfx_gpiote.o
    0x0002c518   0x0002c518   0x0000001c   Code   RO         2284    i.nrf_gpiote_event_clear  nrfx_gpiote.o
    0x0002c534   0x0002c534   0x00000016   Code   RO         2285    i.nrf_gpiote_event_is_set  nrfx_gpiote.o
    0x0002c54a   0x0002c54a   0x00000002   PAD
    0x0002c54c   0x0002c54c   0x0000000c   Code   RO         2286    i.nrf_gpiote_int_enable  nrfx_gpiote.o
    0x0002c558   0x0002c558   0x00000054   Code   RO         5197    i.nrf_log_backend_add  nrf_log_frontend.o
    0x0002c5ac   0x0002c5ac   0x00000002   Code   RO         5030    i.nrf_log_backend_rtt_flush  nrf_log_backend_rtt.o
    0x0002c5ae   0x0002c5ae   0x00000008   Code   RO         5031    i.nrf_log_backend_rtt_init  nrf_log_backend_rtt.o
    0x0002c5b6   0x0002c5b6   0x00000002   Code   RO         5032    i.nrf_log_backend_rtt_panic_set  nrf_log_backend_rtt.o
    0x0002c5b8   0x0002c5b8   0x00000020   Code   RO         5033    i.nrf_log_backend_rtt_put  nrf_log_backend_rtt.o
    0x0002c5d8   0x0002c5d8   0x000000f2   Code   RO         5101    i.nrf_log_backend_serial_put  nrf_log_backend_serial.o
    0x0002c6ca   0x0002c6ca   0x00000002   PAD
    0x0002c6cc   0x0002c6cc   0x00000038   Code   RO         5199    i.nrf_log_color_id_get  nrf_log_frontend.o
    0x0002c704   0x0002c704   0x00000028   Code   RO         5153    i.nrf_log_default_backends_init  nrf_log_default_backends.o
    0x0002c72c   0x0002c72c   0x0000031c   Code   RO         5200    i.nrf_log_frontend_dequeue  nrf_log_frontend.o
    0x0002ca48   0x0002ca48   0x00000014   Code   RO         5202    i.nrf_log_frontend_std_0  nrf_log_frontend.o
    0x0002ca5c   0x0002ca5c   0x00000018   Code   RO         5203    i.nrf_log_frontend_std_1  nrf_log_frontend.o
    0x0002ca74   0x0002ca74   0x00000020   Code   RO         5204    i.nrf_log_frontend_std_2  nrf_log_frontend.o
    0x0002ca94   0x0002ca94   0x00000028   Code   RO         5205    i.nrf_log_frontend_std_3  nrf_log_frontend.o
    0x0002cabc   0x0002cabc   0x000000bc   Code   RO         5393    i.nrf_log_hexdump_entry_process  nrf_log_str_formatter.o
    0x0002cb78   0x0002cb78   0x00000048   Code   RO         5209    i.nrf_log_init      nrf_log_frontend.o
    0x0002cbc0   0x0002cbc0   0x00000014   Code   RO         5210    i.nrf_log_module_cnt_get  nrf_log_frontend.o
    0x0002cbd4   0x0002cbd4   0x00000024   Code   RO         5214    i.nrf_log_module_name_get  nrf_log_frontend.o
    0x0002cbf8   0x0002cbf8   0x00000034   Code   RO         5215    i.nrf_log_panic     nrf_log_frontend.o
    0x0002cc2c   0x0002cc2c   0x000000c8   Code   RO         5394    i.nrf_log_std_entry_process  nrf_log_str_formatter.o
    0x0002ccf4   0x0002ccf4   0x0000007a   Code   RO         3974    i.nrf_memobj_alloc  nrf_memobj.o
    0x0002cd6e   0x0002cd6e   0x00000040   Code   RO         3975    i.nrf_memobj_free   nrf_memobj.o
    0x0002cdae   0x0002cdae   0x00000010   Code   RO         3976    i.nrf_memobj_get    nrf_memobj.o
    0x0002cdbe   0x0002cdbe   0x0000000c   Code   RO         3977    i.nrf_memobj_pool_init  nrf_memobj.o
    0x0002cdca   0x0002cdca   0x0000001e   Code   RO         3978    i.nrf_memobj_put    nrf_memobj.o
    0x0002cde8   0x0002cde8   0x00000022   Code   RO         3979    i.nrf_memobj_read   nrf_memobj.o
    0x0002ce0a   0x0002ce0a   0x00000022   Code   RO         3980    i.nrf_memobj_write  nrf_memobj.o
    0x0002ce2c   0x0002ce2c   0x00000016   Code   RO         4051    i.nrf_mtx_unlock    nrf_pwr_mgmt.o
    0x0002ce42   0x0002ce42   0x00000002   PAD
    0x0002ce44   0x0002ce44   0x00000040   Code   RO         4053    i.nrf_pwr_mgmt_init  nrf_pwr_mgmt.o
    0x0002ce84   0x0002ce84   0x0000006c   Code   RO         4054    i.nrf_pwr_mgmt_run  nrf_pwr_mgmt.o
    0x0002cef0   0x0002cef0   0x00000064   Code   RO         4055    i.nrf_pwr_mgmt_shutdown  nrf_pwr_mgmt.o
    0x0002cf54   0x0002cf54   0x00000010   Code   RO           23    i.nrf_qwr_error_handler  main.o
    0x0002cf64   0x0002cf64   0x0000001c   Code   RO         4442    i.nrf_ringbuf_init  nrf_ringbuf.o
    0x0002cf80   0x0002cf80   0x0000000c   Code   RO         4153    i.nrf_rtc_cc_get    drv_rtc.o
    0x0002cf8c   0x0002cf8c   0x0000000a   Code   RO         4154    i.nrf_rtc_cc_set    drv_rtc.o
    0x0002cf96   0x0002cf96   0x00000008   Code   RO         4155    i.nrf_rtc_counter_get  drv_rtc.o
    0x0002cf9e   0x0002cf9e   0x0000000e   Code   RO         4156    i.nrf_rtc_event_clear  drv_rtc.o
    0x0002cfac   0x0002cfac   0x00000006   Code   RO         4157    i.nrf_rtc_event_disable  drv_rtc.o
    0x0002cfb2   0x0002cfb2   0x00000006   Code   RO         4158    i.nrf_rtc_event_enable  drv_rtc.o
    0x0002cfb8   0x0002cfb8   0x00000006   Code   RO         4159    i.nrf_rtc_int_disable  drv_rtc.o
    0x0002cfbe   0x0002cfbe   0x00000006   Code   RO         4160    i.nrf_rtc_int_enable  drv_rtc.o
    0x0002cfc4   0x0002cfc4   0x00000006   Code   RO         4161    i.nrf_rtc_task_trigger  drv_rtc.o
    0x0002cfca   0x0002cfca   0x00000002   PAD
    0x0002cfcc   0x0002cfcc   0x00000018   Code   RO         5840    i.nrf_sdh_ble_app_ram_start_get  nrf_sdh_ble.o
    0x0002cfe4   0x0002cfe4   0x000001a0   Code   RO         5841    i.nrf_sdh_ble_default_cfg_set  nrf_sdh_ble.o
    0x0002d184   0x0002d184   0x0000014c   Code   RO         5842    i.nrf_sdh_ble_enable  nrf_sdh_ble.o
    0x0002d2d0   0x0002d2d0   0x00000074   Code   RO         5843    i.nrf_sdh_ble_evts_poll  nrf_sdh_ble.o
    0x0002d344   0x0002d344   0x00000064   Code   RO         5711    i.nrf_sdh_disable_request  nrf_sdh.o
    0x0002d3a8   0x0002d3a8   0x00000084   Code   RO         5712    i.nrf_sdh_enable_request  nrf_sdh.o
    0x0002d42c   0x0002d42c   0x00000030   Code   RO         5713    i.nrf_sdh_evts_poll  nrf_sdh.o
    0x0002d45c   0x0002d45c   0x0000000c   Code   RO         5714    i.nrf_sdh_is_enabled  nrf_sdh.o
    0x0002d468   0x0002d468   0x00000028   Code   RO         5716    i.nrf_sdh_request_continue  nrf_sdh.o
    0x0002d490   0x0002d490   0x00000054   Code   RO         5899    i.nrf_sdh_soc_evts_poll  nrf_sdh_soc.o
    0x0002d4e4   0x0002d4e4   0x00000006   Code   RO         5719    i.nrf_section_iter_get  nrf_sdh.o
    0x0002d4ea   0x0002d4ea   0x00000014   Code   RO         4500    i.nrf_section_iter_init  nrf_section_iter.o
    0x0002d4fe   0x0002d4fe   0x0000002e   Code   RO         4501    i.nrf_section_iter_item_set  nrf_section_iter.o
    0x0002d52c   0x0002d52c   0x0000002e   Code   RO         4502    i.nrf_section_iter_next  nrf_section_iter.o
    0x0002d55a   0x0002d55a   0x00000028   Code   RO         4766    i.nrf_sortlist_add  nrf_sortlist.o
    0x0002d582   0x0002d582   0x00000008   Code   RO         4768    i.nrf_sortlist_peek  nrf_sortlist.o
    0x0002d58a   0x0002d58a   0x00000018   Code   RO         4769    i.nrf_sortlist_pop  nrf_sortlist.o
    0x0002d5a2   0x0002d5a2   0x00000026   Code   RO         4770    i.nrf_sortlist_remove  nrf_sortlist.o
    0x0002d5c8   0x0002d5c8   0x00000040   Code   RO         4733    i.nrf_strerror_find  nrf_strerror.o
    0x0002d608   0x0002d608   0x0000001c   Code   RO         4734    i.nrf_strerror_get  nrf_strerror.o
    0x0002d624   0x0002d624   0x0000000c   Code   RO         2700    i.nrf_uart_errorsrc_get_and_clear  nrfx_uart.o
    0x0002d630   0x0002d630   0x0000000e   Code   RO         2701    i.nrf_uart_event_check  nrfx_uart.o
    0x0002d63e   0x0002d63e   0x0000000e   Code   RO         2702    i.nrf_uart_event_clear  nrfx_uart.o
    0x0002d64c   0x0002d64c   0x0000000a   Code   RO         2703    i.nrf_uart_hwfc_pins_set  nrfx_uart.o
    0x0002d656   0x0002d656   0x00000006   Code   RO         2704    i.nrf_uart_int_disable  nrfx_uart.o
    0x0002d65c   0x0002d65c   0x00000006   Code   RO         2705    i.nrf_uart_int_enable  nrfx_uart.o
    0x0002d662   0x0002d662   0x00000012   Code   RO         2706    i.nrf_uart_int_enable_check  nrfx_uart.o
    0x0002d674   0x0002d674   0x00000006   Code   RO         2707    i.nrf_uart_task_trigger  nrfx_uart.o
    0x0002d67a   0x0002d67a   0x0000000a   Code   RO         2708    i.nrf_uart_txrx_pins_set  nrfx_uart.o
    0x0002d684   0x0002d684   0x0000000c   Code   RO         2945    i.nrf_uarte_errorsrc_get_and_clear  nrfx_uarte.o
    0x0002d690   0x0002d690   0x0000000e   Code   RO         2946    i.nrf_uarte_event_check  nrfx_uarte.o
    0x0002d69e   0x0002d69e   0x0000000e   Code   RO         2947    i.nrf_uarte_event_clear  nrfx_uarte.o
    0x0002d6ac   0x0002d6ac   0x0000000c   Code   RO         2948    i.nrf_uarte_hwfc_pins_set  nrfx_uarte.o
    0x0002d6b8   0x0002d6b8   0x00000006   Code   RO         2949    i.nrf_uarte_int_disable  nrfx_uarte.o
    0x0002d6be   0x0002d6be   0x00000006   Code   RO         2950    i.nrf_uarte_int_enable  nrfx_uarte.o
    0x0002d6c4   0x0002d6c4   0x0000000a   Code   RO         2951    i.nrf_uarte_rx_amount_get  nrfx_uarte.o
    0x0002d6ce   0x0002d6ce   0x0000000c   Code   RO         2952    i.nrf_uarte_shorts_disable  nrfx_uarte.o
    0x0002d6da   0x0002d6da   0x00000006   Code   RO         2953    i.nrf_uarte_task_trigger  nrfx_uarte.o
    0x0002d6e0   0x0002d6e0   0x0000000a   Code   RO         2954    i.nrf_uarte_tx_amount_get  nrfx_uarte.o
    0x0002d6ea   0x0002d6ea   0x0000000e   Code   RO         2955    i.nrf_uarte_txrx_pins_set  nrfx_uarte.o
    0x0002d6f8   0x0002d6f8   0x00000014   Code   RO         1890    i.nrf_wdt_started   nrf_drv_clock.o
    0x0002d70c   0x0002d70c   0x00000014   Code   RO         2111    i.nrfx_clock_enable  nrfx_clock.o
    0x0002d720   0x0002d720   0x00000024   Code   RO         2114    i.nrfx_clock_init   nrfx_clock.o
    0x0002d744   0x0002d744   0x0000002c   Code   RO         2117    i.nrfx_clock_lfclk_stop  nrfx_clock.o
    0x0002d770   0x0002d770   0x00000018   Code   RO         4162    i.nrfx_coredep_delay_us  drv_rtc.o
    0x0002d788   0x0002d788   0x00000008   Code   RO         2119    i.nrfx_get_irq_number  nrfx_clock.o
    0x0002d790   0x0002d790   0x00000008   Code   RO         2289    i.nrfx_get_irq_number  nrfx_gpiote.o
    0x0002d798   0x0002d798   0x00000008   Code   RO         2709    i.nrfx_get_irq_number  nrfx_uart.o
    0x0002d7a0   0x0002d7a0   0x00000008   Code   RO         2956    i.nrfx_get_irq_number  nrfx_uarte.o
    0x0002d7a8   0x0002d7a8   0x000000ac   Code   RO         2295    i.nrfx_gpiote_in_event_enable  nrfx_gpiote.o
    0x0002d854   0x0002d854   0x000000f4   Code   RO         2297    i.nrfx_gpiote_in_init  nrfx_gpiote.o
    0x0002d948   0x0002d948   0x00000014   Code   RO         2298    i.nrfx_gpiote_in_is_set  nrfx_gpiote.o
    0x0002d95c   0x0002d95c   0x000000d4   Code   RO         2300    i.nrfx_gpiote_init  nrfx_gpiote.o
    0x0002da30   0x0002da30   0x00000014   Code   RO         2301    i.nrfx_gpiote_is_init  nrfx_gpiote.o
    0x0002da44   0x0002da44   0x00000014   Code   RO         2957    i.nrfx_is_in_ram    nrfx_uarte.o
    0x0002da58   0x0002da58   0x000000b0   Code   RO         2120    i.nrfx_power_clock_irq_init  nrfx_clock.o
    0x0002db08   0x0002db08   0x0000004e   Code   RO         2639    i.nrfx_prs_acquire  nrfx_prs.o
    0x0002db56   0x0002db56   0x00000002   PAD
    0x0002db58   0x0002db58   0x00000014   Code   RO         2710    i.nrfx_uart_0_irq_handler  nrfx_uart.o
    0x0002db6c   0x0002db6c   0x00000088   Code   RO         2712    i.nrfx_uart_init    nrfx_uart.o
    0x0002dbf4   0x0002dbf4   0x00000124   Code   RO         2713    i.nrfx_uart_rx      nrfx_uart.o
    0x0002dd18   0x0002dd18   0x0000008c   Code   RO         2718    i.nrfx_uart_tx      nrfx_uart.o
    0x0002dda4   0x0002dda4   0x00000024   Code   RO         2720    i.nrfx_uart_tx_in_progress  nrfx_uart.o
    0x0002ddc8   0x0002ddc8   0x00000014   Code   RO         2958    i.nrfx_uarte_0_irq_handler  nrfx_uarte.o
    0x0002dddc   0x0002dddc   0x00000080   Code   RO         2960    i.nrfx_uarte_init   nrfx_uarte.o
    0x0002de5c   0x0002de5c   0x00000138   Code   RO         2961    i.nrfx_uarte_rx     nrfx_uarte.o
    0x0002df94   0x0002df94   0x000000c0   Code   RO         2964    i.nrfx_uarte_tx     nrfx_uarte.o
    0x0002e054   0x0002e054   0x00000020   Code   RO         2966    i.nrfx_uarte_tx_in_progress  nrfx_uarte.o
    0x0002e074   0x0002e074   0x00000078   Code   RO           24    i.on_adv_evt        main.o
    0x0002e0ec   0x0002e0ec   0x00000014   Code   RO         3471    i.on_compare1_evt   app_timer2.o
    0x0002e100   0x0002e100   0x00000020   Code   RO         3472    i.on_compare_evt    app_timer2.o
    0x0002e120   0x0002e120   0x0000002c   Code   RO           25    i.on_conn_params_evt  main.o
    0x0002e14c   0x0002e14c   0x00000030   Code   RO         1110    i.on_conn_params_update  ble_conn_params.o
    0x0002e17c   0x0002e17c   0x00000070   Code   RO         1111    i.on_connect        ble_conn_params.o
    0x0002e1ec   0x0002e1ec   0x000000d4   Code   RO         1822    i.on_connect        my_ble_uarts.o
    0x0002e2c0   0x0002e2c0   0x0000000c   Code   RO         5938    i.on_connect        ble_dfu.o
    0x0002e2cc   0x0002e2cc   0x0000000e   Code   RO         1480    i.on_connected      ble_advertising.o
    0x0002e2da   0x0002e2da   0x00000002   PAD
    0x0002e2dc   0x0002e2dc   0x000000c4   Code   RO         1626    i.on_connected_evt  nrf_ble_gatt.o
    0x0002e3a0   0x0002e3a0   0x0000007c   Code   RO         5939    i.on_ctrlpt_write   ble_dfu.o
    0x0002e41c   0x0002e41c   0x00000054   Code   RO         1627    i.on_data_length_update_evt  nrf_ble_gatt.o
    0x0002e470   0x0002e470   0x00000030   Code   RO         1628    i.on_data_length_update_request_evt  nrf_ble_gatt.o
    0x0002e4a0   0x0002e4a0   0x00000032   Code   RO         1112    i.on_disconnect     ble_conn_params.o
    0x0002e4d2   0x0002e4d2   0x00000002   PAD
    0x0002e4d4   0x0002e4d4   0x0000001c   Code   RO         5940    i.on_disconnect     ble_dfu.o
    0x0002e4f0   0x0002e4f0   0x00000032   Code   RO         1481    i.on_disconnected   ble_advertising.o
    0x0002e522   0x0002e522   0x00000014   Code   RO         1629    i.on_disconnected_evt  nrf_ble_gatt.o
    0x0002e536   0x0002e536   0x00000002   PAD
    0x0002e538   0x0002e538   0x000000c8   Code   RO         1630    i.on_exchange_mtu_request_evt  nrf_ble_gatt.o
    0x0002e600   0x0002e600   0x00000064   Code   RO         1631    i.on_exchange_mtu_rsp_evt  nrf_ble_gatt.o
    0x0002e664   0x0002e664   0x0000002c   Code   RO         5941    i.on_hvc            ble_dfu.o
    0x0002e690   0x0002e690   0x000000a0   Code   RO         1823    i.on_hvx_tx_complete  my_ble_uarts.o
    0x0002e730   0x0002e730   0x00000024   Code   RO         6180    i.on_operation_failure  nrf_fstorage_sd.o
    0x0002e754   0x0002e754   0x00000060   Code   RO         6181    i.on_operation_success  nrf_fstorage_sd.o
    0x0002e7b4   0x0002e7b4   0x0000001c   Code   RO         3473    i.on_overflow_evt   app_timer2.o
    0x0002e7d0   0x0002e7d0   0x00000044   Code   RO         5942    i.on_rw_authorize_req  ble_dfu.o
    0x0002e814   0x0002e814   0x0000006a   Code   RO         1742    i.on_rw_authorize_request  nrf_ble_qwr.o
    0x0002e87e   0x0002e87e   0x00000040   Code   RO         1482    i.on_terminated     ble_advertising.o
    0x0002e8be   0x0002e8be   0x00000002   Code   RO         1743    i.on_user_mem_release  nrf_ble_qwr.o
    0x0002e8c0   0x0002e8c0   0x00000020   Code   RO         1744    i.on_user_mem_request  nrf_ble_qwr.o
    0x0002e8e0   0x0002e8e0   0x00000058   Code   RO         1113    i.on_write          ble_conn_params.o
    0x0002e938   0x0002e938   0x000000f4   Code   RO         1824    i.on_write          my_ble_uarts.o
    0x0002ea2c   0x0002ea2c   0x00000034   Code   RO         6604    i.page_can_tag      fds.o
    0x0002ea60   0x0002ea60   0x00000048   Code   RO         6605    i.page_from_record  fds.o
    0x0002eaa8   0x0002eaa8   0x00000034   Code   RO         6606    i.page_has_space    fds.o
    0x0002eadc   0x0002eadc   0x00000030   Code   RO         6607    i.page_identify     fds.o
    0x0002eb0c   0x0002eb0c   0x0000001c   Code   RO         6608    i.page_offsets_update  fds.o
    0x0002eb28   0x0002eb28   0x00000078   Code   RO         6609    i.page_scan         fds.o
    0x0002eba0   0x0002eba0   0x00000020   Code   RO         6610    i.page_tag_write_data  fds.o
    0x0002ebc0   0x0002ebc0   0x00000024   Code   RO         6611    i.page_tag_write_swap  fds.o
    0x0002ebe4   0x0002ebe4   0x00000170   Code   RO         6612    i.pages_init        fds.o
    0x0002ed54   0x0002ed54   0x00000016   Code   RO         1483    i.phy_is_valid      ble_advertising.o
    0x0002ed6a   0x0002ed6a   0x00000002   PAD
    0x0002ed6c   0x0002ed6c   0x00000020   Code   RO         2319    i.pin_configured_set  nrfx_gpiote.o
    0x0002ed8c   0x0002ed8c   0x0000001c   Code   RO         2320    i.pin_in_use_by_gpiote  nrfx_gpiote.o
    0x0002eda8   0x0002eda8   0x00000018   Code   RO         2321    i.pin_in_use_by_port  nrfx_gpiote.o
    0x0002edc0   0x0002edc0   0x00000020   Code   RO         2322    i.pin_in_use_by_te  nrfx_gpiote.o
    0x0002ede0   0x0002ede0   0x0000000c   Code   RO         2323    i.pin_in_use_clear  nrfx_gpiote.o
    0x0002edec   0x0002edec   0x000000c0   Code   RO         2324    i.port_event_handle  nrfx_gpiote.o
    0x0002eeac   0x0002eeac   0x00000010   Code   RO         2325    i.port_handler_pin_get  nrfx_gpiote.o
    0x0002eebc   0x0002eebc   0x00000010   Code   RO         2326    i.port_handler_polarity_get  nrfx_gpiote.o
    0x0002eecc   0x0002eecc   0x00000048   Code   RO         5396    i.postfix_process   nrf_log_str_formatter.o
    0x0002ef14   0x0002ef14   0x00000004   Code   RO          565    i.power_manage      my_fds.o
    0x0002ef18   0x0002ef18   0x0000001c   Code   RO           26    i.power_management_init  main.o
    0x0002ef34   0x0002ef34   0x000000a4   Code   RO         5397    i.prefix_process    nrf_log_str_formatter.o
    0x0002efd8   0x0002efd8   0x00000018   Code   RO         2641    i.prs_box_get       nrfx_prs.o
    0x0002eff0   0x0002eff0   0x00000020   Code   RO         6613    i.queue_buf_get     fds.o
    0x0002f010   0x0002f010   0x00000014   Code   RO         6614    i.queue_buf_store   fds.o
    0x0002f024   0x0002f024   0x00000018   Code   RO         6182    i.queue_free        nrf_fstorage_sd.o
    0x0002f03c   0x0002f03c   0x00000014   Code   RO         6615    i.queue_free        fds.o
    0x0002f050   0x0002f050   0x00000018   Code   RO         6616    i.queue_has_next    fds.o
    0x0002f068   0x0002f068   0x0000001c   Code   RO         6617    i.queue_init        fds.o
    0x0002f084   0x0002f084   0x00000014   Code   RO         6618    i.queue_load        fds.o
    0x0002f098   0x0002f098   0x0000002c   Code   RO         6183    i.queue_load_next   nrf_fstorage_sd.o
    0x0002f0c4   0x0002f0c4   0x00000090   Code   RO         6184    i.queue_process     nrf_fstorage_sd.o
    0x0002f154   0x0002f154   0x000000c4   Code   RO         6619    i.queue_process     fds.o
    0x0002f218   0x0002f218   0x0000001c   Code   RO         6185    i.queue_start       nrf_fstorage_sd.o
    0x0002f234   0x0002f234   0x00000018   Code   RO         6620    i.queue_start       fds.o
    0x0002f24c   0x0002f24c   0x00000010   Code   RO         5844    i.ram_end_address_get  nrf_sdh_ble.o
    0x0002f25c   0x0002f25c   0x0000001c   Code   RO         6186    i.read              nrf_fstorage_sd.o
    0x0002f278   0x0002f278   0x000001c8   Code   RO          566    i.read_systerm_config_from_fds  my_fds.o
    0x0002f440   0x0002f440   0x00000028   Code   RO         1223    i.record_activate   ble_conn_state.o
    0x0002f468   0x0002f468   0x00000094   Code   RO         6621    i.record_find       fds.o
    0x0002f4fc   0x0002f4fc   0x0000003c   Code   RO         6622    i.record_find_and_delete  fds.o
    0x0002f538   0x0002f538   0x0000007c   Code   RO         6623    i.record_find_by_desc  fds.o
    0x0002f5b4   0x0002f5b4   0x00000078   Code   RO         6624    i.record_find_next  fds.o
    0x0002f62c   0x0002f62c   0x00000040   Code   RO         6625    i.record_header_flag_dirty  fds.o
    0x0002f66c   0x0002f66c   0x0000002c   Code   RO         6626    i.record_header_write_begin  fds.o
    0x0002f698   0x0002f698   0x00000038   Code   RO         6627    i.record_header_write_finalize  fds.o
    0x0002f6d0   0x0002f6d0   0x00000038   Code   RO         6628    i.record_header_write_id  fds.o
    0x0002f708   0x0002f708   0x00000010   Code   RO         6629    i.record_id_new     fds.o
    0x0002f718   0x0002f718   0x00000020   Code   RO         1224    i.record_invalidate  ble_conn_state.o
    0x0002f738   0x0002f738   0x00000048   Code   RO         1225    i.record_purge_disconnected  ble_conn_state.o
    0x0002f780   0x0002f780   0x00000014   Code   RO         1226    i.record_set_disconnected  ble_conn_state.o
    0x0002f794   0x0002f794   0x00000030   Code   RO         6630    i.record_write_data  fds.o
    0x0002f7c4   0x0002f7c4   0x000000a4   Code   RO         6631    i.records_stat      fds.o
    0x0002f868   0x0002f868   0x00000006   Code   RO         6187    i.rmap              nrf_fstorage_sd.o
    0x0002f86e   0x0002f86e   0x0000003e   Code   RO         3474    i.rtc_irq           app_timer2.o
    0x0002f8ac   0x0002f8ac   0x0000007c   Code   RO         3475    i.rtc_schedule      app_timer2.o
    0x0002f928   0x0002f928   0x000000a4   Code   RO         3476    i.rtc_update        app_timer2.o
    0x0002f9cc   0x0002f9cc   0x0000003e   Code   RO         2723    i.rx_byte           nrfx_uart.o
    0x0002fa0a   0x0002fa0a   0x0000001c   Code   RO         2724    i.rx_done_event     nrfx_uart.o
    0x0002fa26   0x0002fa26   0x0000001c   Code   RO         2969    i.rx_done_event     nrfx_uarte.o
    0x0002fa42   0x0002fa42   0x00000022   Code   RO         2725    i.rx_enable         nrfx_uart.o
    0x0002fa64   0x0002fa64   0x0000007c   Code   RO         5720    i.sd_nvic_DisableIRQ  nrf_sdh.o
    0x0002fae0   0x0002fae0   0x000000a4   Code   RO         5721    i.sd_nvic_EnableIRQ  nrf_sdh.o
    0x0002fb84   0x0002fb84   0x00000068   Code   RO         4635    i.sd_nvic_critical_region_enter  app_util_platform.o
    0x0002fbec   0x0002fbec   0x00000090   Code   RO         1891    i.sd_state_evt_handler  nrf_drv_clock.o
    0x0002fc7c   0x0002fc7c   0x0000003c   Code   RO         5722    i.sdh_request_observer_notify  nrf_sdh.o
    0x0002fcb8   0x0002fcb8   0x00000034   Code   RO         5723    i.sdh_state_observer_notify  nrf_sdh.o
    0x0002fcec   0x0002fcec   0x00000018   Code   RO         1114    i.send_error_evt    ble_conn_params.o
    0x0002fd04   0x0002fd04   0x00000024   Code   RO         1115    i.send_update_request  ble_conn_params.o
    0x0002fd28   0x0002fd28   0x00000084   Code   RO         5034    i.serial_tx         nrf_log_backend_rtt.o
    0x0002fdac   0x0002fdac   0x00000096   Code   RO          990    i.service_data_encode  ble_advdata.o
    0x0002fe42   0x0002fe42   0x00000002   PAD
    0x0002fe44   0x0002fe44   0x00000080   Code   RO           27    i.services_init     main.o
    0x0002fec4   0x0002fec4   0x00000030   Code   RO         1484    i.set_adv_mode_directed  ble_advertising.o
    0x0002fef4   0x0002fef4   0x00000024   Code   RO         1485    i.set_adv_mode_directed_high_duty  ble_advertising.o
    0x0002ff18   0x0002ff18   0x0000005c   Code   RO         1486    i.set_adv_mode_fast  ble_advertising.o
    0x0002ff74   0x0002ff74   0x0000005c   Code   RO         1487    i.set_adv_mode_slow  ble_advertising.o
    0x0002ffd0   0x0002ffd0   0x00000060   Code   RO         6079    i.set_adv_name      ble_dfu_unbonded.o
    0x00030030   0x00030030   0x000000be   Code   RO         1400    i.set_security_req  ble_srv_common.o
    0x000300ee   0x000300ee   0x00000002   PAD
    0x000300f0   0x000300f0   0x000000cc   Code   RO         4056    i.shutdown_process  nrf_pwr_mgmt.o
    0x000301bc   0x000301bc   0x0000001c   Code   RO         1892    i.soc_evt_handler   nrf_drv_clock.o
    0x000301d8   0x000301d8   0x0000001e   Code   RO         5724    i.softdevice_evt_irq_disable  nrf_sdh.o
    0x000301f6   0x000301f6   0x0000001e   Code   RO         5725    i.softdevices_evt_irq_enable  nrf_sdh.o
    0x00030214   0x00030214   0x00000014   Code   RO         3477    i.sorted_list_stop_all  app_timer2.o
    0x00030228   0x00030228   0x00000018   Code   RO         3478    i.sortlist_pop      app_timer2.o
    0x00030240   0x00030240   0x00000020   Code   RO         3309    i.state_get         app_button.o
    0x00030260   0x00030260   0x00000048   Code   RO         3310    i.state_set         app_button.o
    0x000302a8   0x000302a8   0x00000064   Code   RO         5217    i.std_header_set    nrf_log_frontend.o
    0x0003030c   0x0003030c   0x00000070   Code   RO         5218    i.std_n             nrf_log_frontend.o
    0x0003037c   0x0003037c   0x00000074   Code   RO         4395    i.string_print      nrf_fprintf_format.o
    0x000303f0   0x000303f0   0x0000000a   Code   RO         4163    i.ticks_sub         drv_rtc.o
    0x000303fa   0x000303fa   0x00000002   PAD
    0x000303fc   0x000303fc   0x0000006c   Code   RO         3479    i.timer_expire      app_timer2.o
    0x00030468   0x00030468   0x00000094   Code   RO         3480    i.timer_req_process  app_timer2.o
    0x000304fc   0x000304fc   0x00000040   Code   RO         3481    i.timer_req_schedule  app_timer2.o
    0x0003053c   0x0003053c   0x00000020   Code   RO         3311    i.timer_start       app_button.o
    0x0003055c   0x0003055c   0x0000001c   Code   RO           28    i.timers_init       main.o
    0x00030578   0x00030578   0x00000002   Code   RO         5398    i.timestamp_print   nrf_log_str_formatter.o
    0x0003057a   0x0003057a   0x00000036   Code   RO         2726    i.tx_blocking       nrfx_uart.o
    0x000305b0   0x000305b0   0x00000026   Code   RO         2727    i.tx_byte           nrfx_uart.o
    0x000305d6   0x000305d6   0x00000020   Code   RO         2728    i.tx_done_event     nrfx_uart.o
    0x000305f6   0x000305f6   0x00000020   Code   RO         2970    i.tx_done_event     nrfx_uarte.o
    0x00030616   0x00030616   0x00000036   Code   RO          991    i.tx_power_level_encode  ble_advdata.o
    0x0003064c   0x0003064c   0x0000005c   Code   RO          508    i.uart_config       uart.o
    0x000306a8   0x000306a8   0x000000dc   Code   RO          509    i.uart_event_handle  uart.o
    0x00030784   0x00030784   0x000000e4   Code   RO         4913    i.uart_event_handler  app_uart_fifo.o
    0x00030868   0x00030868   0x00000038   Code   RO         2049    i.uart_evt_handler  nrf_drv_uart.o
    0x000308a0   0x000308a0   0x0000014e   Code   RO         2729    i.uart_irq_handler  nrfx_uart.o
    0x000309ee   0x000309ee   0x00000002   PAD
    0x000309f0   0x000309f0   0x00000038   Code   RO         2050    i.uarte_evt_handler  nrf_drv_uart.o
    0x00030a28   0x00030a28   0x00000134   Code   RO         2971    i.uarte_irq_handler  nrfx_uarte.o
    0x00030b5c   0x00030b5c   0x000000d4   Code   RO           29    i.uarts_data_handler  main.o
    0x00030c30   0x00030c30   0x0000000c   Code   RO         1401    i.uint16_decode     ble_srv_common.o
    0x00030c3c   0x00030c3c   0x0000000c   Code   RO          992    i.uint16_encode     ble_advdata.o
    0x00030c48   0x00030c48   0x00000024   Code   RO         6188    i.uninit            nrf_fstorage_sd.o
    0x00030c6c   0x00030c6c   0x000000b8   Code   RO         4396    i.unsigned_print    nrf_fprintf_format.o
    0x00030d24   0x00030d24   0x00000074   Code   RO         1116    i.update_timeout_handler  ble_conn_params.o
    0x00030d98   0x00030d98   0x0000001e   Code   RO         1488    i.use_whitelist     ble_advertising.o
    0x00030db6   0x00030db6   0x0000002c   Code   RO         1745    i.user_mem_reply    nrf_ble_qwr.o
    0x00030de2   0x00030de2   0x0000001e   Code   RO         3312    i.usr_event         app_button.o
    0x00030e00   0x00030e00   0x0000004e   Code   RO          993    i.uuid_list_encode  ble_advdata.o
    0x00030e4e   0x00030e4e   0x000000d6   Code   RO          994    i.uuid_list_sized_encode  ble_advdata.o
    0x00030f24   0x00030f24   0x00000018   Code   RO          569    i.wait_for_fds_ready  my_fds.o
    0x00030f3c   0x00030f3c   0x00000008   Code   RO         1489    i.whitelist_has_entries  ble_advertising.o
    0x00030f44   0x00030f44   0x00000006   Code   RO         6189    i.wmap              nrf_fstorage_sd.o
    0x00030f4a   0x00030f4a   0x00000002   PAD
    0x00030f4c   0x00030f4c   0x00000054   Code   RO         6190    i.write             nrf_fstorage_sd.o
    0x00030fa0   0x00030fa0   0x000000e8   Code   RO         6632    i.write_enqueue     fds.o
    0x00031088   0x00031088   0x00000058   Code   RO         6191    i.write_execute     nrf_fstorage_sd.o
    0x000310e0   0x000310e0   0x000000c8   Code   RO         6633    i.write_execute     fds.o
    0x000311a8   0x000311a8   0x00000024   Code   RO         6634    i.write_space_free  fds.o
    0x000311cc   0x000311cc   0x0000007c   Code   RO         6635    i.write_space_reserve  fds.o
    0x00031248   0x00031248   0x00000018   Data   RO          512    .constdata          uart.o
    0x00031260   0x00031260   0x0000000c   Data   RO          573    .constdata          my_fds.o
    0x0003126c   0x0003126c   0x00000008   Data   RO          667    .constdata          boards.o
    0x00031274   0x00031274   0x0000002c   Data   RO          821    .constdata          bsp.o
    0x000312a0   0x000312a0   0x00000016   Data   RO         1632    .constdata          nrf_ble_gatt.o
    0x000312b6   0x000312b6   0x00000002   PAD
    0x000312b8   0x000312b8   0x00000010   Data   RO         1825    .constdata          my_ble_uarts.o
    0x000312c8   0x000312c8   0x0000003e   Data   RO         2328    .constdata          nrfx_gpiote.o
    0x00031306   0x00031306   0x00000002   PAD
    0x00031308   0x00031308   0x0000002e   Data   RO         2731    .constdata          nrfx_uart.o
    0x00031336   0x00031336   0x00000002   PAD
    0x00031338   0x00031338   0x00000030   Data   RO         2973    .constdata          nrfx_uarte.o
    0x00031368   0x00031368   0x00000007   Data   RO         3314    .constdata          app_button.o
    0x0003136f   0x0003136f   0x00000001   PAD
    0x00031370   0x00031370   0x00000014   Data   RO         3483    .constdata          app_timer2.o
    0x00031384   0x00031384   0x00000024   Data   RO         4058    .constdata          nrf_pwr_mgmt.o
    0x000313a8   0x000313a8   0x00000008   PAD
    0x000313b0   0x000313b0   0x00000006   Data   RO         4164    .constdata          drv_rtc.o
    0x000313b6   0x000313b6   0x00000010   Data   RO         4397    .constdata          nrf_fprintf_format.o
    0x000313c6   0x000313c6   0x00000002   PAD
    0x000313c8   0x000313c8   0x0000013c   Data   RO         4735    .constdata          nrf_strerror.o
    0x00031504   0x00031504   0x00000020   Data   RO         4915    .constdata          app_uart_fifo.o
    0x00031524   0x00031524   0x0000000c   PAD
    0x00031530   0x00031530   0x00000016   Data   RO         5036    .constdata          nrf_log_backend_rtt.o
    0x00031546   0x00031546   0x00000002   PAD
    0x00031548   0x00031548   0x0000000c   Data   RO         5220    .constdata          nrf_log_frontend.o
    0x00031554   0x00031554   0x00000058   Data   RO         5726    .constdata          nrf_sdh.o
    0x000315ac   0x000315ac   0x00000030   Data   RO         5845    .constdata          nrf_sdh_ble.o
    0x000315dc   0x000315dc   0x0000001c   Data   RO         5900    .constdata          nrf_sdh_soc.o
    0x000315f8   0x000315f8   0x00000018   Data   RO         5944    .constdata          ble_dfu.o
    0x00031610   0x00031610   0x00000030   Data   RO         6193    .constdata          nrf_fstorage_sd.o
    0x00031640   0x00031640   0x0000005e   Data   RO         6447    .constdata          nrf_fstorage.o
    0x0003169e   0x0003169e   0x00000002   PAD
    0x000316a0   0x000316a0   0x00000018   Data   RO         6637    .constdata          fds.o
    0x000316b8   0x000316b8   0x00000081   Data   RO         8899    .constdata          mc_w.l(ctype_o.o)
    0x00031739   0x00031739   0x00000003   PAD
    0x0003173c   0x0003173c   0x00000004   Data   RO         8900    .constdata          mc_w.l(ctype_o.o)
    0x00031740   0x00031740   0x00000041   Data   RO           32    .conststring        main.o
    0x00031781   0x00031781   0x00000003   PAD
    0x00031784   0x00031784   0x000000a2   Data   RO         1633    .conststring        nrf_ble_gatt.o
    0x00031826   0x00031826   0x00000002   PAD
    0x00031828   0x00031828   0x000003eb   Data   RO         4736    .conststring        nrf_strerror.o
    0x00031c13   0x00031c13   0x00000001   PAD
    0x00031c14   0x00031c14   0x00000066   Data   RO         5399    .conststring        nrf_log_str_formatter.o
    0x00031c7a   0x00031c7a   0x00000002   PAD
    0x00031c7c   0x00031c7c   0x000001cf   Data   RO         5846    .conststring        nrf_sdh_ble.o
    0x00031e4b   0x00031e4b   0x00000001   PAD
    0x00031e4c   0x00031e4c   0x000000ce   Data   RO         6081    .conststring        ble_dfu_unbonded.o
    0x00031f1a   0x00031f1a   0x00000002   PAD
    0x00031f1c   0x00031f1c   0x0000004f   Data   RO         6448    .conststring        nrf_fstorage.o
    0x00031f6b   0x00031f6b   0x00000001   PAD
    0x00031f6c   0x00031f6c   0x0000000d   Data   RO         1634    .conststrlit        nrf_ble_gatt.o
    0x00031f79   0x00031f79   0x00000003   PAD
    0x00031f7c   0x00031f7c   0x00000006   Data   RO         1895    .conststrlit        nrf_drv_clock.o
    0x00031f82   0x00031f82   0x00000002   PAD
    0x00031f84   0x00031f84   0x00000006   Data   RO         2122    .conststrlit        nrfx_clock.o
    0x00031f8a   0x00031f8a   0x00000002   PAD
    0x00031f8c   0x00031f8c   0x00000007   Data   RO         2329    .conststrlit        nrfx_gpiote.o
    0x00031f93   0x00031f93   0x00000001   PAD
    0x00031f94   0x00031f94   0x00000004   Data   RO         2643    .conststrlit        nrfx_prs.o
    0x00031f98   0x00031f98   0x00000005   Data   RO         2732    .conststrlit        nrfx_uart.o
    0x00031f9d   0x00031f9d   0x00000003   PAD
    0x00031fa0   0x00031fa0   0x00000006   Data   RO         2974    .conststrlit        nrfx_uarte.o
    0x00031fa6   0x00031fa6   0x00000002   PAD
    0x00031fa8   0x00031fa8   0x0000000b   Data   RO         3315    .conststrlit        app_button.o
    0x00031fb3   0x00031fb3   0x00000001   PAD
    0x00031fb4   0x00031fb4   0x0000000a   Data   RO         3484    .conststrlit        app_timer2.o
    0x00031fbe   0x00031fbe   0x00000002   PAD
    0x00031fc0   0x00031fc0   0x00000009   Data   RO         4059    .conststrlit        nrf_pwr_mgmt.o
    0x00031fc9   0x00031fc9   0x00000003   PAD
    0x00031fcc   0x00031fcc   0x00000009   Data   RO         4771    .conststrlit        nrf_sortlist.o
    0x00031fd5   0x00031fd5   0x00000003   PAD
    0x00031fd8   0x00031fd8   0x00000010   Data   RO         5154    .conststrlit        nrf_log_default_backends.o
    0x00031fe8   0x00031fe8   0x00000004   Data   RO         5221    .conststrlit        nrf_log_frontend.o
    0x00031fec   0x00031fec   0x00000008   Data   RO         5727    .conststrlit        nrf_sdh.o
    0x00031ff4   0x00031ff4   0x0000000c   Data   RO         5847    .conststrlit        nrf_sdh_ble.o
    0x00032000   0x00032000   0x0000000c   Data   RO         5901    .conststrlit        nrf_sdh_soc.o
    0x0003200c   0x0003200c   0x0000000d   Data   RO         6449    .conststrlit        nrf_fstorage.o
    0x00032019   0x00032019   0x00000003   PAD
    0x0003201c   0x0003201c   0x00000020   Data   RO         8956    Region$$Table       anon$$obj.o
    0x0003203c   0x0003203c   0x00000010   Data   RO         5156    log_backends        nrf_log_default_backends.o
    0x0003204c   0x0003204c   0x00000008   Data   RO         1635    log_const_data      nrf_ble_gatt.o
    0x00032054   0x00032054   0x00000008   Data   RO         1896    log_const_data      nrf_drv_clock.o
    0x0003205c   0x0003205c   0x00000008   Data   RO         2124    log_const_data      nrfx_clock.o
    0x00032064   0x00032064   0x00000008   Data   RO         2330    log_const_data      nrfx_gpiote.o
    0x0003206c   0x0003206c   0x00000008   Data   RO         2645    log_const_data      nrfx_prs.o
    0x00032074   0x00032074   0x00000008   Data   RO         2733    log_const_data      nrfx_uart.o
    0x0003207c   0x0003207c   0x00000008   Data   RO         2975    log_const_data      nrfx_uarte.o
    0x00032084   0x00032084   0x00000008   Data   RO         3317    log_const_data      app_button.o
    0x0003208c   0x0003208c   0x00000008   Data   RO         3486    log_const_data      app_timer2.o
    0x00032094   0x00032094   0x00000008   Data   RO         4061    log_const_data      nrf_pwr_mgmt.o
    0x0003209c   0x0003209c   0x00000008   Data   RO         4772    log_const_data      nrf_sortlist.o
    0x000320a4   0x000320a4   0x00000008   Data   RO         5223    log_const_data      nrf_log_frontend.o
    0x000320ac   0x000320ac   0x00000008   Data   RO         5729    log_const_data      nrf_sdh.o
    0x000320b4   0x000320b4   0x00000008   Data   RO         5849    log_const_data      nrf_sdh_ble.o
    0x000320bc   0x000320bc   0x00000008   Data   RO         5902    log_const_data      nrf_sdh_soc.o
    0x000320c4   0x000320c4   0x00000008   Data   RO         6450    log_const_data      nrf_fstorage.o
    0x000320cc   0x000320cc   0x00000014   Data   RO         5224    nrf_balloc          nrf_log_frontend.o
    0x000320e0   0x000320e0   0x00000004   Data   RO           34    pwr_mgmt_data0      main.o
    0x000320e4   0x000320e4   0x00000008   Data   RO         1229    sdh_ble_observers0  ble_conn_state.o
    0x000320ec   0x000320ec   0x00000010   Data   RO           35    sdh_ble_observers1  main.o
    0x000320fc   0x000320fc   0x00000008   Data   RO         1119    sdh_ble_observers1  ble_conn_params.o
    0x00032104   0x00032104   0x00000010   Data   RO           36    sdh_ble_observers2  main.o
    0x00032114   0x00032114   0x00000008   Data   RO         5945    sdh_ble_observers2  ble_dfu.o
    0x0003211c   0x0003211c   0x00000008   Data   RO           37    sdh_ble_observers3  main.o
    0x00032124   0x00032124   0x00000008   Data   RO         6195    sdh_req_observers0  nrf_fstorage_sd.o
    0x0003212c   0x0003212c   0x00000008   Data   RO         1897    sdh_soc_observers0  nrf_drv_clock.o
    0x00032134   0x00032134   0x00000008   Data   RO         6196    sdh_soc_observers0  nrf_fstorage_sd.o
    0x0003213c   0x0003213c   0x00000008   Data   RO         6083    sdh_soc_observers1  ble_dfu_unbonded.o
    0x00032144   0x00032144   0x00000008   Data   RO         5850    sdh_stack_observers0  nrf_sdh_ble.o
    0x0003214c   0x0003214c   0x00000008   Data   RO         5903    sdh_stack_observers0  nrf_sdh_soc.o
    0x00032154   0x00032154   0x00000008   Data   RO           38    sdh_state_observers0  main.o
    0x0003215c   0x0003215c   0x00000008   Data   RO         1898    sdh_state_observers0  nrf_drv_clock.o
    0x00032164   0x00032164   0x00000008   Data   RO         6197    sdh_state_observers0  nrf_fstorage_sd.o


    Execution Region RW_IRAM1 (Exec base: 0x20002ae8, Load base: 0x0003216c, Size: 0x00003648, Max: 0x0000d518, ABSOLUTE, COMPRESSED[0x00000080])

    Exec Addr    Load Addr    Size         Type   Attr      Idx    E Section Name        Object

    0x20002ae8   COMPRESSED   0x00000052   Data   RW           33    .data               main.o
    0x20002b3a   COMPRESSED   0x00000001   Data   RW          513    .data               uart.o
    0x20002b3b   COMPRESSED   0x00000001   PAD
    0x20002b3c   COMPRESSED   0x00000010   Data   RW          574    .data               my_fds.o
    0x20002b4c   COMPRESSED   0x00000015   Data   RW          822    .data               bsp.o
    0x20002b61   COMPRESSED   0x00000001   PAD
    0x20002b62   COMPRESSED   0x00000008   Data   RW         1118    .data               ble_conn_params.o
    0x20002b6a   COMPRESSED   0x00000002   PAD
    0x20002b6c   COMPRESSED   0x00000009   Data   RW         2051    .data               nrf_drv_uart.o
    0x20002b75   COMPRESSED   0x00000003   PAD
    0x20002b78   COMPRESSED   0x00000008   Data   RW         2123    .data               nrfx_clock.o
    0x20002b80   COMPRESSED   0x00000008   Data   RW         2644    .data               nrfx_prs.o
    0x20002b88   COMPRESSED   0x00000018   Data   RW         3316    .data               app_button.o
    0x20002ba0   COMPRESSED   0x00000024   Data   RW         3485    .data               app_timer2.o
    0x20002bc4   COMPRESSED   0x00000009   Data   RW         4060    .data               nrf_pwr_mgmt.o
    0x20002bcd   COMPRESSED   0x00000003   PAD
    0x20002bd0   COMPRESSED   0x0000000c   Data   RW         4165    .data               drv_rtc.o
    0x20002bdc   COMPRESSED   0x0000001b   Data   RW         4916    .data               app_uart_fifo.o
    0x20002bf7   COMPRESSED   0x00000001   Data   RW         5037    .data               nrf_log_backend_rtt.o
    0x20002bf8   COMPRESSED   0x00000008   Data   RW         5155    .data               nrf_log_default_backends.o
    0x20002c00   COMPRESSED   0x00000014   Data   RW         5222    .data               nrf_log_frontend.o
    0x20002c14   COMPRESSED   0x00000040   Data   RW         5400    .data               nrf_log_str_formatter.o
    0x20002c54   COMPRESSED   0x00000003   Data   RW         5728    .data               nrf_sdh.o
    0x20002c57   COMPRESSED   0x00000001   Data   RW         5848    .data               nrf_sdh_ble.o
    0x20002c58   COMPRESSED   0x00000004   Data   RW         6082    .data               ble_dfu_unbonded.o
    0x20002c5c   COMPRESSED   0x00000008   Data   RW         6194    .data               nrf_fstorage_sd.o
    0x20002c64   COMPRESSED   0x00000030   Data   RW         6638    .data               fds.o
    0x20002c94   COMPRESSED   0x00000004   Data   RW         7377    .data               system_nrf52.o
    0x20002c98   COMPRESSED   0x00000014   Data   RW         6639    fs_data             fds.o
    0x20002cac        -       0x00000454   Zero   RW           30    .bss                main.o
    0x20003100        -       0x000002f4   Zero   RW          511    .bss                uart.o
    0x200033f4        -       0x00000043   Zero   RW          572    .bss                my_fds.o
    0x20003437   COMPRESSED   0x00000001   PAD
    0x20003438        -       0x00000070   Zero   RW          820    .bss                bsp.o
    0x200034a8        -       0x00000050   Zero   RW         1117    .bss                ble_conn_params.o
    0x200034f8        -       0x0000007c   Zero   RW         1228    .bss                ble_conn_state.o
    0x20003574        -       0x00000014   Zero   RW         1893    .bss                nrf_drv_clock.o
    0x20003588        -       0x0000005c   Zero   RW         2327    .bss                nrfx_gpiote.o
    0x200035e4        -       0x0000002c   Zero   RW         2730    .bss                nrfx_uart.o
    0x20003610        -       0x00000024   Zero   RW         2972    .bss                nrfx_uarte.o
    0x20003634   COMPRESSED   0x00000004   PAD
    0x20003638        -       0x00000030   Zero   RW         3313    .bss                app_button.o
    0x20003668        -       0x00000068   Zero   RW         3482    .bss                app_timer2.o
    0x200036d0        -       0x0000000c   Zero   RW         4057    .bss                nrf_pwr_mgmt.o
    0x200036dc        -       0x0000000c   Zero   RW         4636    .bss                app_util_platform.o
    0x200036e8        -       0x00000020   Zero   RW         4914    .bss                app_uart_fifo.o
    0x20003708        -       0x00000040   Zero   RW         5035    .bss                nrf_log_backend_rtt.o
    0x20003748        -       0x00000578   Zero   RW         5219    .bss                nrf_log_frontend.o
    0x20003cc0        -       0x00000288   Zero   RW         5480    .bss                segger_rtt.o
    0x20003f48        -       0x0000001c   Zero   RW         5943    .bss                ble_dfu.o
    0x20003f64        -       0x00000028   Zero   RW         6080    .bss                ble_dfu_unbonded.o
    0x20003f8c        -       0x000000b0   Zero   RW         6192    .bss                nrf_fstorage_sd.o
    0x2000403c        -       0x000000f0   Zero   RW         6636    .bss                fds.o
    0x2000412c   COMPRESSED   0x00000004   PAD
    0x20004130        -       0x00002000   Zero   RW         6998    STACK               arm_startup_nrf52.o


==============================================================================

Image component sizes


      Code (inc. data)   RO Data    RW Data    ZI Data      Debug   Object Name

       838        102         26         24         48      16766   app_button.o
        28          0          0          0          0       2293   app_error.o
       188         44          0          0          0      34009   app_error_weak.o
       170          0          0          0          0       5362   app_fifo.o
         0          0          0          0          0      36994   app_scheduler.o
      1122        124         38         36        104      17009   app_timer2.o
       786        108         32         27         32      20410   app_uart_fifo.o
       200         24          0          0         12      10922   app_util_platform.o
        36          8        512          0       8192        864   arm_startup_nrf52.o
      1770          0          0          0          0      54308   ble_advdata.o
      1408          6          0          0          0      15798   ble_advertising.o
       936         56          8          8         80      10767   ble_conn_params.o
       560         36          8          0        124       9864   ble_conn_state.o
       680         54         32          0         28      19780   ble_dfu.o
         0          0          0          0          0       5020   ble_dfu_bonded.o
       658         62        214          4         40       7790   ble_dfu_unbonded.o
       108          0          0          0          0       1408   ble_link_ctx_manager.o
       694          6          0          0          0      41333   ble_srv_common.o
       428         30          8          0          0      47380   boards.o
      1494        124         44         21        112      12264   bsp.o
      1010         98          6         12          0      52645   drv_rtc.o
      5012        470         24         68        240      50406   fds.o
      2902        864        117         82       1108     194233   main.o
      1074        224         16          0          0       5958   my_ble_uarts.o
       892        348         12         16         67       4267   my_fds.o
       374          0          0          0          0       6096   nrf_atfifo_1.o
        90          0          0          0          0       2740   nrf_atflags.o
       444          0          0          0          0       9300   nrf_atomic.o
       218          0          0          0          0       3431   nrf_balloc.o
      1248        280        205          0          0      38589   nrf_ble_gatt.o
       390          0          0          0          0       5541   nrf_ble_qwr.o
       412        236          0          0          0       1470   nrf_dfu_svci.o
       440         52         30          0         20      43464   nrf_drv_clock.o
       252         42          0          9          0      16924   nrf_drv_uart.o
        70          0          0          0          0       3233   nrf_fprintf.o
      1030          6         16          0          0       6698   nrf_fprintf_format.o
      1216        430        194          0          0       9032   nrf_fstorage.o
      1118        118         72          8        176      17303   nrf_fstorage_sd.o
       176         16         22          1         64       6153   nrf_log_backend_rtt.o
       242          0          0          0          0      10549   nrf_log_backend_serial.o
        40          6         32          8          0       3061   nrf_log_default_backends.o
      2114        148         44         20       1400      30051   nrf_log_frontend.o
       626        112        102         64          0       5428   nrf_log_str_formatter.o
       514          0          0          0          0       8955   nrf_memobj.o
       498         56         53          9         12      50366   nrf_pwr_mgmt.o
        28          0          0          0          0       2067   nrf_ringbuf.o
       862         86        104          3          0      43954   nrf_sdh.o
       904        240        539          1          0       5935   nrf_sdh_ble.o
        84          4         56          0          0       2416   nrf_sdh_soc.o
       112          0          0          0          0       2476   nrf_section_iter.o
       110          0         17          0          0       3537   nrf_sortlist.o
        92         10       1319          0          0       2423   nrf_strerror.o
       424         32         14          8          0      47644   nrfx_clock.o
      1738        124         77          0         92      68478   nrfx_gpiote.o
       118         14         12          8          0       3405   nrfx_prs.o
      1694         46         59          0         44      32485   nrfx_uart.o
      1612         46         62          0         36      28155   nrfx_uarte.o
       470         44          0          0        648       7773   segger_rtt.o
      1552        158          0          4          0       8835   system_nrf52.o
       312         72         24          1        756       6154   uart.o

    ----------------------------------------------------------------------
     44682       5166       4252        452      13444    1221971   Object Totals
         0          0         32          0          0          0   (incl. Generated)
        64          0         70         10          9          0   (incl. Padding)

    ----------------------------------------------------------------------

      Code (inc. data)   RO Data    RW Data    ZI Data      Debug   Library Member Name

        86          0          0          0          0          0   __dczerorl2.o
         8          4        133          0          0         68   ctype_o.o
         0          0          0          0          0          0   entry.o
         0          0          0          0          0          0   entry10a.o
         0          0          0          0          0          0   entry11a.o
         8          4          0          0          0          0   entry2.o
         4          0          0          0          0          0   entry5.o
         0          0          0          0          0          0   entry7b.o
         0          0          0          0          0          0   entry8b.o
         8          4          0          0          0          0   entry9a.o
        30          0          0          0          0          0   handlers.o
        36          8          0          0          0         68   init.o
        30          0          0          0          0         68   llshl.o
        32          0          0          0          0         68   llushr.o
        36          0          0          0          0         68   memcpya.o
        36          0          0          0          0        108   memseta.o
        18          0          0          0          0         68   strcpy.o
        14          0          0          0          0         68   strlen.o
        98          0          0          0          0         92   uldiv.o

    ----------------------------------------------------------------------
       446         20        136          0          0        676   Library Totals
         2          0          3          0          0          0   (incl. Padding)

    ----------------------------------------------------------------------

      Code (inc. data)   RO Data    RW Data    ZI Data      Debug   Library Name

       444         20        133          0          0        676   mc_w.l

    ----------------------------------------------------------------------
       446         20        136          0          0        676   Library Totals

    ----------------------------------------------------------------------

==============================================================================


      Code (inc. data)   RO Data    RW Data    ZI Data      Debug   

     45128       5186       4388        452      13444    1166523   Grand Totals
     45128       5186       4388        128      13444    1166523   ELF Image Totals (compressed)
     45128       5186       4388        128          0          0   ROM Totals

==============================================================================

    Total RO  Size (Code + RO Data)                49516 (  48.36kB)
    Total RW  Size (RW Data + ZI Data)             13896 (  13.57kB)
    Total ROM Size (Code + RO Data + RW Data)      49644 (  48.48kB)

==============================================================================

